Archive member included to satisfy reference by file (symbol)

c:/st/stm32cubeide_1.8.0/stm32cubeide/plugins/com.st.stm32cube.ide.mcu.externaltools.gnu-tools-for-stm32.10.3-2021.10.win32_1.0.0.202111181127/tools/bin/../lib/gcc/arm-none-eabi/10.3.1/../../../../arm-none-eabi/lib/thumb/v7e-m+fp/hard\libc_nano.a(lib_a-errno.o)
                              ./Core/Src/syscalls.o (__errno)
c:/st/stm32cubeide_1.8.0/stm32cubeide/plugins/com.st.stm32cube.ide.mcu.externaltools.gnu-tools-for-stm32.10.3-2021.10.win32_1.0.0.202111181127/tools/bin/../lib/gcc/arm-none-eabi/10.3.1/../../../../arm-none-eabi/lib/thumb/v7e-m+fp/hard\libc_nano.a(lib_a-exit.o)
                              c:/st/stm32cubeide_1.8.0/stm32cubeide/plugins/com.st.stm32cube.ide.mcu.externaltools.gnu-tools-for-stm32.10.3-2021.10.win32_1.0.0.202111181127/tools/bin/../lib/gcc/arm-none-eabi/10.3.1/../../../../arm-none-eabi/lib/thumb/v7e-m+fp/hard/crt0.o (exit)
c:/st/stm32cubeide_1.8.0/stm32cubeide/plugins/com.st.stm32cube.ide.mcu.externaltools.gnu-tools-for-stm32.10.3-2021.10.win32_1.0.0.202111181127/tools/bin/../lib/gcc/arm-none-eabi/10.3.1/../../../../arm-none-eabi/lib/thumb/v7e-m+fp/hard\libc_nano.a(lib_a-impure.o)
                              c:/st/stm32cubeide_1.8.0/stm32cubeide/plugins/com.st.stm32cube.ide.mcu.externaltools.gnu-tools-for-stm32.10.3-2021.10.win32_1.0.0.202111181127/tools/bin/../lib/gcc/arm-none-eabi/10.3.1/../../../../arm-none-eabi/lib/thumb/v7e-m+fp/hard\libc_nano.a(lib_a-exit.o) (_global_impure_ptr)
c:/st/stm32cubeide_1.8.0/stm32cubeide/plugins/com.st.stm32cube.ide.mcu.externaltools.gnu-tools-for-stm32.10.3-2021.10.win32_1.0.0.202111181127/tools/bin/../lib/gcc/arm-none-eabi/10.3.1/../../../../arm-none-eabi/lib/thumb/v7e-m+fp/hard\libc_nano.a(lib_a-init.o)
                              c:/st/stm32cubeide_1.8.0/stm32cubeide/plugins/com.st.stm32cube.ide.mcu.externaltools.gnu-tools-for-stm32.10.3-2021.10.win32_1.0.0.202111181127/tools/bin/../lib/gcc/arm-none-eabi/10.3.1/../../../../arm-none-eabi/lib/thumb/v7e-m+fp/hard/crt0.o (__libc_init_array)
c:/st/stm32cubeide_1.8.0/stm32cubeide/plugins/com.st.stm32cube.ide.mcu.externaltools.gnu-tools-for-stm32.10.3-2021.10.win32_1.0.0.202111181127/tools/bin/../lib/gcc/arm-none-eabi/10.3.1/../../../../arm-none-eabi/lib/thumb/v7e-m+fp/hard\libc_nano.a(lib_a-memcpy-stub.o)
                              ./Middlewares/Third_Party/FreeRTOS/Source/CMSIS_RTOS_V2/cmsis_os2.o (memcpy)
c:/st/stm32cubeide_1.8.0/stm32cubeide/plugins/com.st.stm32cube.ide.mcu.externaltools.gnu-tools-for-stm32.10.3-2021.10.win32_1.0.0.202111181127/tools/bin/../lib/gcc/arm-none-eabi/10.3.1/../../../../arm-none-eabi/lib/thumb/v7e-m+fp/hard\libc_nano.a(lib_a-memmove.o)
                              ./Mp3Helix/mp3dec.o (memmove)
c:/st/stm32cubeide_1.8.0/stm32cubeide/plugins/com.st.stm32cube.ide.mcu.externaltools.gnu-tools-for-stm32.10.3-2021.10.win32_1.0.0.202111181127/tools/bin/../lib/gcc/arm-none-eabi/10.3.1/../../../../arm-none-eabi/lib/thumb/v7e-m+fp/hard\libc_nano.a(lib_a-memset.o)
                              c:/st/stm32cubeide_1.8.0/stm32cubeide/plugins/com.st.stm32cube.ide.mcu.externaltools.gnu-tools-for-stm32.10.3-2021.10.win32_1.0.0.202111181127/tools/bin/../lib/gcc/arm-none-eabi/10.3.1/../../../../arm-none-eabi/lib/thumb/v7e-m+fp/hard/crt0.o (memset)
c:/st/stm32cubeide_1.8.0/stm32cubeide/plugins/com.st.stm32cube.ide.mcu.externaltools.gnu-tools-for-stm32.10.3-2021.10.win32_1.0.0.202111181127/tools/bin/../lib/gcc/arm-none-eabi/10.3.1/../../../../arm-none-eabi/lib/thumb/v7e-m+fp/hard\libc_nano.a(lib_a-sprintf.o)
                              ./Core/Src/main.o (sprintf)
c:/st/stm32cubeide_1.8.0/stm32cubeide/plugins/com.st.stm32cube.ide.mcu.externaltools.gnu-tools-for-stm32.10.3-2021.10.win32_1.0.0.202111181127/tools/bin/../lib/gcc/arm-none-eabi/10.3.1/../../../../arm-none-eabi/lib/thumb/v7e-m+fp/hard\libc_nano.a(lib_a-strlen.o)
                              ./Middlewares/Third_Party/FreeRTOS/Source/tasks.o (strlen)
c:/st/stm32cubeide_1.8.0/stm32cubeide/plugins/com.st.stm32cube.ide.mcu.externaltools.gnu-tools-for-stm32.10.3-2021.10.win32_1.0.0.202111181127/tools/bin/../lib/gcc/arm-none-eabi/10.3.1/../../../../arm-none-eabi/lib/thumb/v7e-m+fp/hard\libc_nano.a(lib_a-nano-svfprintf.o)
                              c:/st/stm32cubeide_1.8.0/stm32cubeide/plugins/com.st.stm32cube.ide.mcu.externaltools.gnu-tools-for-stm32.10.3-2021.10.win32_1.0.0.202111181127/tools/bin/../lib/gcc/arm-none-eabi/10.3.1/../../../../arm-none-eabi/lib/thumb/v7e-m+fp/hard\libc_nano.a(lib_a-sprintf.o) (_svfprintf_r)
c:/st/stm32cubeide_1.8.0/stm32cubeide/plugins/com.st.stm32cube.ide.mcu.externaltools.gnu-tools-for-stm32.10.3-2021.10.win32_1.0.0.202111181127/tools/bin/../lib/gcc/arm-none-eabi/10.3.1/../../../../arm-none-eabi/lib/thumb/v7e-m+fp/hard\libc_nano.a(lib_a-nano-vfprintf_i.o)
[...]
Memory Configuration

Name             Origin             Length             Attributes
RAM              0x0000000020000000 0x0000000000050000 xrw
FLASH            0x0000000008000000 0x0000000000100000 xr
*default*        0x0000000000000000 0xffffffffffffffff

Linker script and memory map

LOAD c:/st/stm32cubeide_1.8.0/stm32cubeide/plugins/com.st.stm32cube.ide.mcu.externaltools.gnu-tools-for-stm32.10.3-2021.10.win32_1.0.0.202111181127/tools/bin/../lib/gcc/arm-none-eabi/10.3.1/thumb/v7e-m+fp/hard/crti.o
LOAD c:/st/stm32cubeide_1.8.0/stm32cubeide/plugins/com.st.stm32cube.ide.mcu.externaltools.gnu-tools-for-stm32.10.3-2021.10.win32_1.0.0.202111181127/tools/bin/../lib/gcc/arm-none-eabi/10.3.1/thumb/v7e-m+fp/hard/crtbegin.o
LOAD c:/st/stm32cubeide_1.8.0/stm32cubeide/plugins/com.st.stm32cube.ide.mcu.externaltools.gnu-tools-for-stm32.10.3-2021.10.win32_1.0.0.202111181127/tools/bin/../lib/gcc/arm-none-eabi/10.3.1/../../../../arm-none-eabi/lib/thumb/v7e-m+fp/hard/crt0.o
LOAD ./Core/Src/freertos.o
LOAD ./Core/Src/main.o
LOAD ./Core/Src/stm32f7xx_hal_msp.o
LOAD ./Core/Src/stm32f7xx_it.o
LOAD ./Core/Src/syscalls.o
LOAD ./Core/Src/sysmem.o
LOAD ./Core/Src/system_stm32f7xx.o
LOAD ./Core/Startup/startup_stm32f746vgtx.o
LOAD ./Drivers/STM32F7xx_HAL_Driver/Src/stm32f7xx_hal.o
LOAD ./Drivers/STM32F7xx_HAL_Driver/Src/stm32f7xx_hal_cortex.o
LOAD ./Drivers/STM32F7xx_HAL_Driver/Src/stm32f7xx_hal_dma.o
LOAD ./Drivers/STM32F7xx_HAL_Driver/Src/stm32f7xx_hal_dma_ex.o
LOAD ./Drivers/STM32F7xx_HAL_Driver/Src/stm32f7xx_hal_exti.o
LOAD ./Drivers/STM32F7xx_HAL_Driver/Src/stm32f7xx_hal_flash.o
LOAD ./Drivers/STM32F7xx_HAL_Driver/Src/stm32f7xx_hal_flash_ex.o
LOAD ./Drivers/STM32F7xx_HAL_Driver/Src/stm32f7xx_hal_gpio.o
LOAD ./Drivers/STM32F7xx_HAL_Driver/Src/stm32f7xx_hal_i2c.o
LOAD ./Drivers/STM32F7xx_HAL_Driver/Src/stm32f7xx_hal_i2c_ex.o
LOAD ./Drivers/STM32F7xx_HAL_Driver/Src/stm32f7xx_hal_iwdg.o
LOAD ./Drivers/STM32F7xx_HAL_Driver/Src/stm32f7xx_hal_pwr.o
LOAD ./Drivers/STM32F7xx_HAL_Driver/Src/stm32f7xx_hal_pwr_ex.o
LOAD ./Drivers/STM32F7xx_HAL_Driver/Src/stm32f7xx_hal_rcc.o
LOAD ./Drivers/STM32F7xx_HAL_Driver/Src/stm32f7xx_hal_rcc_ex.o
LOAD ./Drivers/STM32F7xx_HAL_Driver/Src/stm32f7xx_hal_sai.o
LOAD ./Drivers/STM32F7xx_HAL_Driver/Src/stm32f7xx_hal_sai_ex.o
LOAD ./Drivers/STM32F7xx_HAL_Driver/Src/stm32f7xx_hal_sd.o
LOAD ./Drivers/STM32F7xx_HAL_Driver/Src/stm32f7xx_hal_tim.o
LOAD ./Drivers/STM32F7xx_HAL_Driver/Src/stm32f7xx_hal_tim_ex.o
LOAD ./Drivers/STM32F7xx_HAL_Driver/Src/stm32f7xx_hal_uart.o
LOAD ./Drivers/STM32F7xx_HAL_Driver/Src/stm32f7xx_hal_uart_ex.o
LOAD ./Drivers/STM32F7xx_HAL_Driver/Src/stm32f7xx_ll_sdmmc.o
LOAD ./FATFS/App/fatfs.o
LOAD ./FATFS/Target/bsp_driver_sd.o
LOAD ./FATFS/Target/fatfs_platform.o
LOAD ./FATFS/Target/sd_diskio.o
LOAD ./Middlewares/Third_Party/FatFs/src/diskio.o
LOAD ./Middlewares/Third_Party/FatFs/src/ff.o
LOAD ./Middlewares/Third_Party/FatFs/src/ff_gen_drv.o
LOAD ./Middlewares/Third_Party/FatFs/src/option/ccsbcs.o
LOAD ./Middlewares/Third_Party/FatFs/src/option/syscall.o
LOAD ./Middlewares/Third_Party/FreeRTOS/Source/CMSIS_RTOS_V2/cmsis_os2.o
LOAD ./Middlewares/Third_Party/FreeRTOS/Source/croutine.o
LOAD ./Middlewares/Third_Party/FreeRTOS/Source/event_groups.o
LOAD ./Middlewares/Third_Party/FreeRTOS/Source/list.o
LOAD ./Middlewares/Third_Party/FreeRTOS/Source/queue.o
LOAD ./Middlewares/Third_Party/FreeRTOS/Source/stream_buffer.o
LOAD ./Middlewares/Third_Party/FreeRTOS/Source/tasks.o
LOAD ./Middlewares/Third_Party/FreeRTOS/Source/timers.o
LOAD ./Middlewares/Third_Party/FreeRTOS/Source/portable/GCC/ARM_CM7/r0p1/port.o
LOAD ./Middlewares/Third_Party/FreeRTOS/Source/portable/MemMang/heap_4.o
LOAD ./Mp3Helix/mp3dec.o
LOAD ./Mp3Helix/mp3tabs.o
LOAD ./Mp3Helix/real/arm/asmpoly_thumb2.o
LOAD ./Mp3Helix/real/bitstream.o
LOAD ./Mp3Helix/real/buffers.o
LOAD ./Mp3Helix/real/dct32.o
LOAD ./Mp3Helix/real/dequant.o
LOAD ./Mp3Helix/real/dqchan.o
LOAD ./Mp3Helix/real/huffman.o
LOAD ./Mp3Helix/real/hufftabs.o
LOAD ./Mp3Helix/real/imdct.o
LOAD ./Mp3Helix/real/scalfact.o
LOAD ./Mp3Helix/real/stproc.o
LOAD ./Mp3Helix/real/subband.o
LOAD ./Mp3Helix/real/trigtabs.o
START GROUP
LOAD c:/st/stm32cubeide_1.8.0/stm32cubeide/plugins/com.st.stm32cube.ide.mcu.externaltools.gnu-tools-for-stm32.10.3-2021.10.win32_1.0.0.202111181127/tools/bin/../lib/gcc/arm-none-eabi/10.3.1/../../../../arm-none-eabi/lib/thumb/v7e-m+fp/hard\libc_nano.a
LOAD c:/st/stm32cubeide_1.8.0/stm32cubeide/plugins/com.st.stm32cube.ide.mcu.externaltools.gnu-tools-for-stm32.10.3-2021.10.win32_1.0.0.202111181127/tools/bin/../lib/gcc/arm-none-eabi/10.3.1/../../../../arm-none-eabi/lib/thumb/v7e-m+fp/hard\libm.a
END GROUP
START GROUP
LOAD c:/st/stm32cubeide_1.8.0/stm32cubeide/plugins/com.st.stm32cube.ide.mcu.externaltools.gnu-tools-for-stm32.10.3-2021.10.win32_1.0.0.202111181127/tools/bin/../lib/gcc/arm-none-eabi/10.3.1/thumb/v7e-m+fp/hard\libgcc.a
LOAD c:/st/stm32cubeide_1.8.0/stm32cubeide/plugins/com.st.stm32cube.ide.mcu.externaltools.gnu-tools-for-stm32.10.3-2021.10.win32_1.0.0.202111181127/tools/bin/../lib/gcc/arm-none-eabi/10.3.1/../../../../arm-none-eabi/lib/thumb/v7e-m+fp/hard\libc_nano.a
END GROUP
START GROUP
LOAD c:/st/stm32cubeide_1.8.0/stm32cubeide/plugins/com.st.stm32cube.ide.mcu.externaltools.gnu-tools-for-stm32.10.3-2021.10.win32_1.0.0.202111181127/tools/bin/../lib/gcc/arm-none-eabi/10.3.1/thumb/v7e-m+fp/hard\libgcc.a
LOAD c:/st/stm32cubeide_1.8.0/stm32cubeide/plugins/com.st.stm32cube.ide.mcu.externaltools.gnu-tools-for-stm32.10.3-2021.10.win32_1.0.0.202111181127/tools/bin/../lib/gcc/arm-none-eabi/10.3.1/../../../../arm-none-eabi/lib/thumb/v7e-m+fp/hard\libc_nano.a
LOAD c:/st/stm32cubeide_1.8.0/stm32cubeide/plugins/com.st.stm32cube.ide.mcu.externaltools.gnu-tools-for-stm32.10.3-2021.10.win32_1.0.0.202111181127/tools/bin/../lib/gcc/arm-none-eabi/10.3.1/../../../../arm-none-eabi/lib/thumb/v7e-m+fp/hard\libnosys.a
END GROUP
START GROUP
LOAD c:/st/stm32cubeide_1.8.0/stm32cubeide/plugins/com.st.stm32cube.ide.mcu.externaltools.gnu-tools-for-stm32.10.3-2021.10.win32_1.0.0.202111181127/tools/bin/../lib/gcc/arm-none-eabi/10.3.1/thumb/v7e-m+fp/hard\libgcc.a
LOAD c:/st/stm32cubeide_1.8.0/stm32cubeide/plugins/com.st.stm32cube.ide.mcu.externaltools.gnu-tools-for-stm32.10.3-2021.10.win32_1.0.0.202111181127/tools/bin/../lib/gcc/arm-none-eabi/10.3.1/../../../../arm-none-eabi/lib/thumb/v7e-m+fp/hard\libc_nano.a
LOAD c:/st/stm32cubeide_1.8.0/stm32cubeide/plugins/com.st.stm32cube.ide.mcu.externaltools.gnu-tools-for-stm32.10.3-2021.10.win32_1.0.0.202111181127/tools/bin/../lib/gcc/arm-none-eabi/10.3.1/../../../../arm-none-eabi/lib/thumb/v7e-m+fp/hard\libnosys.a
END GROUP
LOAD c:/st/stm32cubeide_1.8.0/stm32cubeide/plugins/com.st.stm32cube.ide.mcu.externaltools.gnu-tools-for-stm32.10.3-2021.10.win32_1.0.0.202111181127/tools/bin/../lib/gcc/arm-none-eabi/10.3.1/thumb/v7e-m+fp/hard/crtend.o
LOAD c:/st/stm32cubeide_1.8.0/stm32cubeide/plugins/com.st.stm32cube.ide.mcu.externaltools.gnu-tools-for-stm32.10.3-2021.10.win32_1.0.0.202111181127/tools/bin/../lib/gcc/arm-none-eabi/10.3.1/thumb/v7e-m+fp/hard/crtn.o
                0x0000000020050000                _estack = (ORIGIN (RAM) + LENGTH (RAM))
                0x0000000000000200                _Min_Heap_Size = 0x200
                0x0000000000000a00                _Min_Stack_Size = 0xa00

.isr_vector     0x0000000008000000      0x1c8
                0x0000000008000000                . = ALIGN (0x4)
 *(.isr_vector)
 .isr_vector    0x0000000008000000      0x1c8 ./Core/Startup/startup_stm32f746vgtx.o
                0x0000000008000000                g_pfnVectors
                0x00000000080001c8                . = ALIGN (0x4)

.text           0x00000000080001d0    0x170c4
                0x00000000080001d0                . = ALIGN (0x4)
 *(.text)
 .text          0x00000000080001d0       0x40 c:/st/stm32cubeide_1.8.0/stm32cubeide/plugins/com.st.stm32cube.ide.mcu.externaltools.gnu-tools-for-stm32.10.3-2021.10.win32_1.0.0.202111181127/tools/bin/../lib/gcc/arm-none-eabi/10.3.1/thumb/v7e-m+fp/hard/crtbegin.o
 .text          0x0000000008000210      0x796 ./Mp3Helix/real/arm/asmpoly_thumb2.o
                0x0000000008000210                xmp3_PolyphaseStereo
                0x00000000080006dc                xmp3_PolyphaseMono
 *fill*         0x00000000080009a6        0xa 
 .text          0x00000000080009b0       0xa0 c:/st/stm32cubeide_1.8.0/stm32cubeide/plugins/com.st.stm32cube.ide.mcu.externaltools.gnu-tools-for-stm32.10.3-2021.10.win32_1.0.0.202111181127/tools/bin/../lib/gcc/arm-none-eabi/10.3.1/../../../../arm-none-eabi/lib/thumb/v7e-m+fp/hard\libc_nano.a(lib_a-memchr.o)
                0x00000000080009b0                memchr
 .text          0x0000000008000a50       0x30 c:/st/stm32cubeide_1.8.0/stm32cubeide/plugins/com.st.stm32cube.ide.mcu.externaltools.gnu-tools-for-stm32.10.3-2021.10.win32_1.0.0.202111181127/tools/bin/../lib/gcc/arm-none-eabi/10.3.1/thumb/v7e-m+fp/hard\libgcc.a(_aeabi_uldivmod.o)
                0x0000000008000a50                __aeabi_uldivmod
 .text          0x0000000008000a80      0x2d0 c:/st/stm32cubeide_1.8.0/stm32cubeide/plugins/com.st.stm32cube.ide.mcu.externaltools.gnu-tools-for-stm32.10.3-2021.10.win32_1.0.0.202111181127/tools/bin/../lib/gcc/arm-none-eabi/10.3.1/thumb/v7e-m+fp/hard\libgcc.a(_udivmoddi4.o)
                0x0000000008000a80                __udivmoddi4
 .text          0x0000000008000d50        0x4 c:/st/stm32cubeide_1.8.0/stm32cubeide/plugins/com.st.stm32cube.ide.mcu.externaltools.gnu-tools-for-stm32.10.3-2021.10.win32_1.0.0.202111181127/tools/bin/../lib/gcc/arm-none-eabi/10.3.1/thumb/v7e-m+fp/hard\libgcc.a(_dvmd_tls.o)
                0x0000000008000d50                __aeabi_idiv0
                0x0000000008000d50                __aeabi_ldiv0
 *(.text*)
 .text.SCB_EnableICache
                0x0000000008000d54       0x4c ./Core/Src/main.o
 .text.SCB_EnableDCache
                0x0000000008000da0       0x88 ./Core/Src/main.o
 .text.SCB_CleanDCache_by_Addr
                0x0000000008000e28       0x58 ./Core/Src/main.o
 .text.getavail
                0x0000000008000e80       0x32 ./Core/Src/main.o
 .text.getfree  0x0000000008000eb2       0x24 ./Core/Src/main.o
 *fill*         0x0000000008000ed6        0x2 
 .text.HandleSaiDma
                0x0000000008000ed8      0x148 ./Core/Src/main.o
 .text.HAL_SAI_TxCpltCallback
                0x0000000008001020       0x20 ./Core/Src/main.o
                0x0000000008001020                HAL_SAI_TxCpltCallback
 .text.HAL_SAI_TxHalfCpltCallback
                0x0000000008001040       0x20 ./Core/Src/main.o
                0x0000000008001040                HAL_SAI_TxHalfCpltCallback
 .text.StartCommTask
                0x0000000008001060      0x2d0 ./Core/Src/main.o
                0x0000000008001060                StartCommTask
 .text.StartPlayerTask
                0x0000000008001330      0x664 ./Core/Src/main.o
                0x0000000008001330                StartPlayerTask
 .text.main     0x0000000008001994       0x5c ./Core/Src/main.o
                0x0000000008001994                main
 .text.SystemClock_Config
                0x00000000080019f0       0xe0 ./Core/Src/main.o
                0x00000000080019f0                SystemClock_Config
 .text.MX_SAI2_Init
                0x0000000008001ad0       0xb4 ./Core/Src/main.o
 .text.MX_SDMMC1_SD_Init
                0x0000000008001b84       0x40 ./Core/Src/main.o
 .text.MX_TIM5_Init
                0x0000000008001bc4       0x9c ./Core/Src/main.o
 .text.MX_USART1_UART_Init
                0x0000000008001c60       0x60 ./Core/Src/main.o
 .text.MX_DMA_Init
                0x0000000008001cc0       0x7c ./Core/Src/main.o
 .text.MX_GPIO_Init
                0x0000000008001d3c       0xf8 ./Core/Src/main.o
 .text.Error_Handler
                0x0000000008001e34        0xa ./Core/Src/main.o
                0x0000000008001e34                Error_Handler
 *fill*         0x0000000008001e3e        0x2 
 .text.HAL_MspInit
                0x0000000008001e40       0x50 ./Core/Src/stm32f7xx_hal_msp.o
                0x0000000008001e40                HAL_MspInit
 .text.HAL_SD_MspInit
                0x0000000008001e90      0x218 ./Core/Src/stm32f7xx_hal_msp.o
                0x0000000008001e90                HAL_SD_MspInit
 .text.HAL_TIM_Base_MspInit
                0x00000000080020a8       0x40 ./Core/Src/stm32f7xx_hal_msp.o
                0x00000000080020a8                HAL_TIM_Base_MspInit
 .text.HAL_UART_MspInit
                0x00000000080020e8      0x198 ./Core/Src/stm32f7xx_hal_msp.o
                0x00000000080020e8                HAL_UART_MspInit
 .text.HAL_SAI_MspInit
                0x0000000008002280      0x150 ./Core/Src/stm32f7xx_hal_msp.o
                0x0000000008002280                HAL_SAI_MspInit
 .text.NMI_Handler
                0x00000000080023d0        0x6 ./Core/Src/stm32f7xx_it.o
                0x00000000080023d0                NMI_Handler
 .text.HardFault_Handler
                0x00000000080023d6        0x6 ./Core/Src/stm32f7xx_it.o
                0x00000000080023d6                HardFault_Handler
 .text.MemManage_Handler
                0x00000000080023dc        0x6 ./Core/Src/stm32f7xx_it.o
                0x00000000080023dc                MemManage_Handler
 .text.BusFault_Handler
                0x00000000080023e2        0x6 ./Core/Src/stm32f7xx_it.o
                0x00000000080023e2                BusFault_Handler
 .text.UsageFault_Handler
                0x00000000080023e8        0x6 ./Core/Src/stm32f7xx_it.o
                0x00000000080023e8                UsageFault_Handler
 .text.DebugMon_Handler
                0x00000000080023ee        0xe ./Core/Src/stm32f7xx_it.o
                0x00000000080023ee                DebugMon_Handler
 .text.SysTick_Handler
                0x00000000080023fc       0x1a ./Core/Src/stm32f7xx_it.o
                0x00000000080023fc                SysTick_Handler
 *fill*         0x0000000008002416        0x2 
 .text.USART1_IRQHandler
                0x0000000008002418       0x14 ./Core/Src/stm32f7xx_it.o
                0x0000000008002418                USART1_IRQHandler
 .text.SDMMC1_IRQHandler
                0x000000000800242c       0x14 ./Core/Src/stm32f7xx_it.o
                0x000000000800242c                SDMMC1_IRQHandler
 .text.DMA2_Stream1_IRQHandler
                0x0000000008002440       0x14 ./Core/Src/stm32f7xx_it.o
                0x0000000008002440                DMA2_Stream1_IRQHandler
 .text.DMA2_Stream2_IRQHandler
                0x0000000008002454       0x14 ./Core/Src/stm32f7xx_it.o
                0x0000000008002454                DMA2_Stream2_IRQHandler
 .text.DMA2_Stream3_IRQHandler
                0x0000000008002468       0x14 ./Core/Src/stm32f7xx_it.o
                0x0000000008002468                DMA2_Stream3_IRQHandler
 .text.DMA2_Stream6_IRQHandler
                0x000000000800247c       0x14 ./Core/Src/stm32f7xx_it.o
                0x000000000800247c                DMA2_Stream6_IRQHandler
 .text.DMA2_Stream7_IRQHandler
                0x0000000008002490       0x14 ./Core/Src/stm32f7xx_it.o
                0x0000000008002490                DMA2_Stream7_IRQHandler
 .text.SAI2_IRQHandler
                0x00000000080024a4       0x14 ./Core/Src/stm32f7xx_it.o
                0x00000000080024a4                SAI2_IRQHandler
 .text._sbrk    0x00000000080024b8       0x6c ./Core/Src/sysmem.o
                0x00000000080024b8                _sbrk
 .text.SystemInit
                0x0000000008002524       0x24 ./Core/Src/system_stm32f7xx.o
                0x0000000008002524                SystemInit
 .text.Reset_Handler
                0x0000000008002548       0x50 ./Core/Startup/startup_stm32f746vgtx.o
                0x0000000008002548                Reset_Handler
 .text.Default_Handler
                0x0000000008002598        0x2 ./Core/Startup/startup_stm32f746vgtx.o
                0x0000000008002598                RTC_Alarm_IRQHandler
                0x0000000008002598                EXTI2_IRQHandler
                0x0000000008002598                TIM8_CC_IRQHandler
                0x0000000008002598                UART8_IRQHandler
                0x0000000008002598                SPI4_IRQHandler
                0x0000000008002598                TIM1_CC_IRQHandler
                0x0000000008002598                DMA2_Stream5_IRQHandler
                0x0000000008002598                DMA1_Stream5_IRQHandler
                0x0000000008002598                PVD_IRQHandler
                0x0000000008002598                TAMP_STAMP_IRQHandler
                0x0000000008002598                CAN2_RX1_IRQHandler
                0x0000000008002598                EXTI3_IRQHandler
                0x0000000008002598                TIM8_TRG_COM_TIM14_IRQHandler
                0x0000000008002598                TIM1_UP_TIM10_IRQHandler
                0x0000000008002598                TIM8_UP_TIM13_IRQHandler
                0x0000000008002598                I2C3_ER_IRQHandler
                0x0000000008002598                EXTI0_IRQHandler
                0x0000000008002598                I2C2_EV_IRQHandler
                0x0000000008002598                DMA1_Stream2_IRQHandler
                0x0000000008002598                CAN1_RX0_IRQHandler
                0x0000000008002598                FPU_IRQHandler
                0x0000000008002598                OTG_HS_WKUP_IRQHandler
                0x0000000008002598                LTDC_ER_IRQHandler
                0x0000000008002598                CAN2_SCE_IRQHandler
                0x0000000008002598                SPI1_IRQHandler
                0x0000000008002598                TIM6_DAC_IRQHandler
                0x0000000008002598                TIM1_BRK_TIM9_IRQHandler
                0x0000000008002598                DCMI_IRQHandler
                0x0000000008002598                CAN2_RX0_IRQHandler
                0x0000000008002598                USART6_IRQHandler
                0x0000000008002598                USART3_IRQHandler
                0x0000000008002598                CAN1_RX1_IRQHandler
                0x0000000008002598                UART5_IRQHandler
                0x0000000008002598                DMA2_Stream0_IRQHandler
                0x0000000008002598                TIM4_IRQHandler
                0x0000000008002598                QUADSPI_IRQHandler
                0x0000000008002598                I2C1_EV_IRQHandler
                0x0000000008002598                DMA1_Stream6_IRQHandler
                0x0000000008002598                DMA1_Stream1_IRQHandler
                0x0000000008002598                UART4_IRQHandler
                0x0000000008002598                TIM3_IRQHandler
                0x0000000008002598                RCC_IRQHandler
                0x0000000008002598                TIM8_BRK_TIM12_IRQHandler
                0x0000000008002598                Default_Handler
                0x0000000008002598                CEC_IRQHandler
                0x0000000008002598                EXTI15_10_IRQHandler
                0x0000000008002598                ADC_IRQHandler
                0x0000000008002598                DMA1_Stream7_IRQHandler
                0x0000000008002598                SPI5_IRQHandler
                0x0000000008002598                TIM7_IRQHandler
                0x0000000008002598                CAN2_TX_IRQHandler
                0x0000000008002598                TIM5_IRQHandler
                0x0000000008002598                I2C3_EV_IRQHandler
                0x0000000008002598                EXTI9_5_IRQHandler
                0x0000000008002598                RTC_WKUP_IRQHandler
                0x0000000008002598                LTDC_IRQHandler
                0x0000000008002598                ETH_WKUP_IRQHandler
                0x0000000008002598                SPDIF_RX_IRQHandler
                0x0000000008002598                SPI2_IRQHandler
                0x0000000008002598                OTG_HS_EP1_IN_IRQHandler
                0x0000000008002598                DMA1_Stream0_IRQHandler
                0x0000000008002598                CAN1_TX_IRQHandler
                0x0000000008002598                EXTI4_IRQHandler
                0x0000000008002598                RNG_IRQHandler
                0x0000000008002598                ETH_IRQHandler
                0x0000000008002598                OTG_HS_EP1_OUT_IRQHandler
                0x0000000008002598                WWDG_IRQHandler
                0x0000000008002598                SPI6_IRQHandler
                0x0000000008002598                I2C4_EV_IRQHandler
                0x0000000008002598                TIM2_IRQHandler
                0x0000000008002598                OTG_FS_WKUP_IRQHandler
                0x0000000008002598                TIM1_TRG_COM_TIM11_IRQHandler
                0x0000000008002598                OTG_HS_IRQHandler
                0x0000000008002598                DMA2D_IRQHandler
                0x0000000008002598                EXTI1_IRQHandler
                0x0000000008002598                UART7_IRQHandler
                0x0000000008002598                USART2_IRQHandler
                0x0000000008002598                I2C2_ER_IRQHandler
                0x0000000008002598                CAN1_SCE_IRQHandler
                0x0000000008002598                FLASH_IRQHandler
                0x0000000008002598                DMA2_Stream4_IRQHandler
                0x0000000008002598                OTG_FS_IRQHandler
                0x0000000008002598                SPI3_IRQHandler
                0x0000000008002598                DMA1_Stream4_IRQHandler
                0x0000000008002598                I2C1_ER_IRQHandler
                0x0000000008002598                FMC_IRQHandler
                0x0000000008002598                LPTIM1_IRQHandler
                0x0000000008002598                I2C4_ER_IRQHandler
                0x0000000008002598                SAI1_IRQHandler
                0x0000000008002598                DMA1_Stream3_IRQHandler
 *fill*         0x000000000800259a        0x2 
 .text.HAL_Init
                0x000000000800259c       0x38 ./Drivers/STM32F7xx_HAL_Driver/Src/stm32f7xx_hal.o
                0x000000000800259c                HAL_Init
 .text.HAL_InitTick
                0x00000000080025d4       0x60 ./Drivers/STM32F7xx_HAL_Driver/Src/stm32f7xx_hal.o
                0x00000000080025d4                HAL_InitTick
 .text.HAL_IncTick
                0x0000000008002634       0x28 ./Drivers/STM32F7xx_HAL_Driver/Src/stm32f7xx_hal.o
                0x0000000008002634                HAL_IncTick
 .text.HAL_GetTick
                0x000000000800265c       0x18 ./Drivers/STM32F7xx_HAL_Driver/Src/stm32f7xx_hal.o
                0x000000000800265c                HAL_GetTick
 .text.HAL_Delay
                0x0000000008002674       0x48 ./Drivers/STM32F7xx_HAL_Driver/Src/stm32f7xx_hal.o
                0x0000000008002674                HAL_Delay
 .text.__NVIC_SetPriorityGrouping
                0x00000000080026bc       0x48 ./Drivers/STM32F7xx_HAL_Driver/Src/stm32f7xx_hal_cortex.o
 .text.__NVIC_GetPriorityGrouping
                0x0000000008002704       0x1c ./Drivers/STM32F7xx_HAL_Driver/Src/stm32f7xx_hal_cortex.o
 .text.__NVIC_EnableIRQ
                0x0000000008002720       0x3c ./Drivers/STM32F7xx_HAL_Driver/Src/stm32f7xx_hal_cortex.o
 .text.__NVIC_SetPriority
                0x000000000800275c       0x54 ./Drivers/STM32F7xx_HAL_Driver/Src/stm32f7xx_hal_cortex.o
 .text.NVIC_EncodePriority
                0x00000000080027b0       0x66 ./Drivers/STM32F7xx_HAL_Driver/Src/stm32f7xx_hal_cortex.o
 *fill*         0x0000000008002816        0x2 
 .text.SysTick_Config
                0x0000000008002818       0x44 ./Drivers/STM32F7xx_HAL_Driver/Src/stm32f7xx_hal_cortex.o
 .text.HAL_NVIC_SetPriorityGrouping
                0x000000000800285c       0x16 ./Drivers/STM32F7xx_HAL_Driver/Src/stm32f7xx_hal_cortex.o
                0x000000000800285c                HAL_NVIC_SetPriorityGrouping
 .text.HAL_NVIC_SetPriority
                0x0000000008002872       0x38 ./Drivers/STM32F7xx_HAL_Driver/Src/stm32f7xx_hal_cortex.o
                0x0000000008002872                HAL_NVIC_SetPriority
 .text.HAL_NVIC_EnableIRQ
                0x00000000080028aa       0x1c ./Drivers/STM32F7xx_HAL_Driver/Src/stm32f7xx_hal_cortex.o
                0x00000000080028aa                HAL_NVIC_EnableIRQ
 .text.HAL_SYSTICK_Config
                0x00000000080028c6       0x18 ./Drivers/STM32F7xx_HAL_Driver/Src/stm32f7xx_hal_cortex.o
                0x00000000080028c6                HAL_SYSTICK_Config
 *fill*         0x00000000080028de        0x2 
 .text.HAL_DMA_Init
                0x00000000080028e0      0x15c ./Drivers/STM32F7xx_HAL_Driver/Src/stm32f7xx_hal_dma.o
                0x00000000080028e0                HAL_DMA_Init
 .text.HAL_DMA_Start_IT
                0x0000000008002a3c       0xc0 ./Drivers/STM32F7xx_HAL_Driver/Src/stm32f7xx_hal_dma.o
                0x0000000008002a3c                HAL_DMA_Start_IT
 .text.HAL_DMA_Abort
                0x0000000008002afc       0xe0 ./Drivers/STM32F7xx_HAL_Driver/Src/stm32f7xx_hal_dma.o
                0x0000000008002afc                HAL_DMA_Abort
 .text.HAL_DMA_Abort_IT
                0x0000000008002bdc       0x44 ./Drivers/STM32F7xx_HAL_Driver/Src/stm32f7xx_hal_dma.o
                0x0000000008002bdc                HAL_DMA_Abort_IT
 .text.HAL_DMA_IRQHandler
                0x0000000008002c20      0x314 ./Drivers/STM32F7xx_HAL_Driver/Src/stm32f7xx_hal_dma.o
                0x0000000008002c20                HAL_DMA_IRQHandler
 .text.HAL_DMA_GetError
                0x0000000008002f34       0x18 ./Drivers/STM32F7xx_HAL_Driver/Src/stm32f7xx_hal_dma.o
                0x0000000008002f34                HAL_DMA_GetError
 .text.DMA_SetConfig
                0x0000000008002f4c       0x5c ./Drivers/STM32F7xx_HAL_Driver/Src/stm32f7xx_hal_dma.o
 .text.DMA_CalcBaseAndBitshift
                0x0000000008002fa8       0x6c ./Drivers/STM32F7xx_HAL_Driver/Src/stm32f7xx_hal_dma.o
 .text.DMA_CheckFifoParam
                0x0000000008003014       0xf8 ./Drivers/STM32F7xx_HAL_Driver/Src/stm32f7xx_hal_dma.o
 .text.HAL_GPIO_Init
                0x000000000800310c      0x358 ./Drivers/STM32F7xx_HAL_Driver/Src/stm32f7xx_hal_gpio.o
                0x000000000800310c                HAL_GPIO_Init
 .text.HAL_GPIO_ReadPin
                0x0000000008003464       0x30 ./Drivers/STM32F7xx_HAL_Driver/Src/stm32f7xx_hal_gpio.o
                0x0000000008003464                HAL_GPIO_ReadPin
 .text.HAL_GPIO_WritePin
                0x0000000008003494       0x32 ./Drivers/STM32F7xx_HAL_Driver/Src/stm32f7xx_hal_gpio.o
                0x0000000008003494                HAL_GPIO_WritePin
 *fill*         0x00000000080034c6        0x2 
 .text.HAL_PWREx_EnableOverDrive
                0x00000000080034c8       0xa0 ./Drivers/STM32F7xx_HAL_Driver/Src/stm32f7xx_hal_pwr_ex.o
                0x00000000080034c8                HAL_PWREx_EnableOverDrive
 .text.HAL_RCC_OscConfig
                0x0000000008003568      0x548 ./Drivers/STM32F7xx_HAL_Driver/Src/stm32f7xx_hal_rcc.o
                0x0000000008003568                HAL_RCC_OscConfig
 .text.HAL_RCC_ClockConfig
                0x0000000008003ab0      0x1d8 ./Drivers/STM32F7xx_HAL_Driver/Src/stm32f7xx_hal_rcc.o
                0x0000000008003ab0                HAL_RCC_ClockConfig
 .text.HAL_RCC_GetSysClockFreq
                0x0000000008003c88      0x208 ./Drivers/STM32F7xx_HAL_Driver/Src/stm32f7xx_hal_rcc.o
                0x0000000008003c88                HAL_RCC_GetSysClockFreq
 .text.HAL_RCC_GetHCLKFreq
                0x0000000008003e90       0x18 ./Drivers/STM32F7xx_HAL_Driver/Src/stm32f7xx_hal_rcc.o
                0x0000000008003e90                HAL_RCC_GetHCLKFreq
 .text.HAL_RCC_GetPCLK1Freq
                0x0000000008003ea8       0x28 ./Drivers/STM32F7xx_HAL_Driver/Src/stm32f7xx_hal_rcc.o
                0x0000000008003ea8                HAL_RCC_GetPCLK1Freq
 .text.HAL_RCC_GetPCLK2Freq
                0x0000000008003ed0       0x28 ./Drivers/STM32F7xx_HAL_Driver/Src/stm32f7xx_hal_rcc.o
                0x0000000008003ed0                HAL_RCC_GetPCLK2Freq
 .text.HAL_RCCEx_PeriphCLKConfig
                0x0000000008003ef8      0x7e0 ./Drivers/STM32F7xx_HAL_Driver/Src/stm32f7xx_hal_rcc_ex.o
                0x0000000008003ef8                HAL_RCCEx_PeriphCLKConfig
 .text.HAL_RCCEx_GetPeriphCLKFreq
                0x00000000080046d8      0x284 ./Drivers/STM32F7xx_HAL_Driver/Src/stm32f7xx_hal_rcc_ex.o
                0x00000000080046d8                HAL_RCCEx_GetPeriphCLKFreq
 .text.HAL_SAI_Init
                0x000000000800495c      0x2fc ./Drivers/STM32F7xx_HAL_Driver/Src/stm32f7xx_hal_sai.o
                0x000000000800495c                HAL_SAI_Init
 .text.HAL_SAI_Abort
                0x0000000008004c58      0x108 ./Drivers/STM32F7xx_HAL_Driver/Src/stm32f7xx_hal_sai.o
                0x0000000008004c58                HAL_SAI_Abort
 .text.HAL_SAI_Transmit_DMA
                0x0000000008004d60      0x160 ./Drivers/STM32F7xx_HAL_Driver/Src/stm32f7xx_hal_sai.o
                0x0000000008004d60                HAL_SAI_Transmit_DMA
 .text.HAL_SAI_IRQHandler
                0x0000000008004ec0      0x290 ./Drivers/STM32F7xx_HAL_Driver/Src/stm32f7xx_hal_sai.o
                0x0000000008004ec0                HAL_SAI_IRQHandler
 .text.HAL_SAI_ErrorCallback
                0x0000000008005150       0x14 ./Drivers/STM32F7xx_HAL_Driver/Src/stm32f7xx_hal_sai.o
                0x0000000008005150                HAL_SAI_ErrorCallback
 .text.SAI_InterruptFlag
                0x0000000008005164       0x6c ./Drivers/STM32F7xx_HAL_Driver/Src/stm32f7xx_hal_sai.o
 .text.SAI_Disable
                0x00000000080051d0       0x70 ./Drivers/STM32F7xx_HAL_Driver/Src/stm32f7xx_hal_sai.o
 .text.SAI_DMATxCplt
                0x0000000008005240       0x60 ./Drivers/STM32F7xx_HAL_Driver/Src/stm32f7xx_hal_sai.o
 .text.SAI_DMATxHalfCplt
                0x00000000080052a0       0x1c ./Drivers/STM32F7xx_HAL_Driver/Src/stm32f7xx_hal_sai.o
 .text.SAI_DMAError
                0x00000000080052bc       0x66 ./Drivers/STM32F7xx_HAL_Driver/Src/stm32f7xx_hal_sai.o
 .text.SAI_DMAAbort
                0x0000000008005322       0x6e ./Drivers/STM32F7xx_HAL_Driver/Src/stm32f7xx_hal_sai.o
 .text.HAL_SD_Init
                0x0000000008005390       0x60 ./Drivers/STM32F7xx_HAL_Driver/Src/stm32f7xx_hal_sd.o
                0x0000000008005390                HAL_SD_Init
 .text.HAL_SD_InitCard
                0x00000000080053f0      0x110 ./Drivers/STM32F7xx_HAL_Driver/Src/stm32f7xx_hal_sd.o
                0x00000000080053f0                HAL_SD_InitCard
 .text.HAL_SD_ReadBlocks_DMA
                0x0000000008005500      0x1c4 ./Drivers/STM32F7xx_HAL_Driver/Src/stm32f7xx_hal_sd.o
                0x0000000008005500                HAL_SD_ReadBlocks_DMA
 .text.HAL_SD_WriteBlocks_DMA
                0x00000000080056c4      0x1cc ./Drivers/STM32F7xx_HAL_Driver/Src/stm32f7xx_hal_sd.o
                0x00000000080056c4                HAL_SD_WriteBlocks_DMA
 .text.HAL_SD_IRQHandler
                0x0000000008005890      0x2ec ./Drivers/STM32F7xx_HAL_Driver/Src/stm32f7xx_hal_sd.o
                0x0000000008005890                HAL_SD_IRQHandler
 .text.HAL_SD_ErrorCallback
                0x0000000008005b7c       0x14 ./Drivers/STM32F7xx_HAL_Driver/Src/stm32f7xx_hal_sd.o
                0x0000000008005b7c                HAL_SD_ErrorCallback
 .text.HAL_SD_GetCardCSD
                0x0000000008005b90      0x348 ./Drivers/STM32F7xx_HAL_Driver/Src/stm32f7xx_hal_sd.o
                0x0000000008005b90                HAL_SD_GetCardCSD
 .text.HAL_SD_GetCardInfo
                0x0000000008005ed8       0x58 ./Drivers/STM32F7xx_HAL_Driver/Src/stm32f7xx_hal_sd.o
                0x0000000008005ed8                HAL_SD_GetCardInfo
 .text.HAL_SD_ConfigWideBusOperation
                0x0000000008005f30      0x134 ./Drivers/STM32F7xx_HAL_Driver/Src/stm32f7xx_hal_sd.o
                0x0000000008005f30                HAL_SD_ConfigWideBusOperation
 .text.HAL_SD_GetCardState
                0x0000000008006064       0x40 ./Drivers/STM32F7xx_HAL_Driver/Src/stm32f7xx_hal_sd.o
                0x0000000008006064                HAL_SD_GetCardState
 .text.SD_DMATransmitCplt
                0x00000000080060a4       0x2a ./Drivers/STM32F7xx_HAL_Driver/Src/stm32f7xx_hal_sd.o
 .text.SD_DMAReceiveCplt
                0x00000000080060ce       0x70 ./Drivers/STM32F7xx_HAL_Driver/Src/stm32f7xx_hal_sd.o
 *fill*         0x000000000800613e        0x2 
 .text.SD_DMAError
                0x0000000008006140       0xa4 ./Drivers/STM32F7xx_HAL_Driver/Src/stm32f7xx_hal_sd.o
 .text.SD_DMATxAbort
                0x00000000080061e4       0x6e ./Drivers/STM32F7xx_HAL_Driver/Src/stm32f7xx_hal_sd.o
 .text.SD_DMARxAbort
                0x0000000008006252       0x6e ./Drivers/STM32F7xx_HAL_Driver/Src/stm32f7xx_hal_sd.o
 .text.SD_InitCard
                0x00000000080062c0      0x19c ./Drivers/STM32F7xx_HAL_Driver/Src/stm32f7xx_hal_sd.o
 .text.SD_PowerON
                0x000000000800645c      0x11c ./Drivers/STM32F7xx_HAL_Driver/Src/stm32f7xx_hal_sd.o
 .text.SD_SendStatus
                0x0000000008006578       0x50 ./Drivers/STM32F7xx_HAL_Driver/Src/stm32f7xx_hal_sd.o
 .text.SD_WideBus_Enable
                0x00000000080065c8       0x96 ./Drivers/STM32F7xx_HAL_Driver/Src/stm32f7xx_hal_sd.o
 .text.SD_WideBus_Disable
                0x000000000800665e       0x96 ./Drivers/STM32F7xx_HAL_Driver/Src/stm32f7xx_hal_sd.o
 .text.SD_FindSCR
                0x00000000080066f4      0x1a6 ./Drivers/STM32F7xx_HAL_Driver/Src/stm32f7xx_hal_sd.o
 .text.SD_Read_IT
                0x000000000800689a       0xa2 ./Drivers/STM32F7xx_HAL_Driver/Src/stm32f7xx_hal_sd.o
 .text.SD_Write_IT
                0x000000000800693c       0xaa ./Drivers/STM32F7xx_HAL_Driver/Src/stm32f7xx_hal_sd.o
 .text.HAL_TIM_Base_Init
                0x00000000080069e6       0xae ./Drivers/STM32F7xx_HAL_Driver/Src/stm32f7xx_hal_tim.o
                0x00000000080069e6                HAL_TIM_Base_Init
 .text.HAL_TIM_ConfigClockSource
                0x0000000008006a94      0x194 ./Drivers/STM32F7xx_HAL_Driver/Src/stm32f7xx_hal_tim.o
                0x0000000008006a94                HAL_TIM_ConfigClockSource
 .text.TIM_Base_SetConfig
                0x0000000008006c28      0x140 ./Drivers/STM32F7xx_HAL_Driver/Src/stm32f7xx_hal_tim.o
                0x0000000008006c28                TIM_Base_SetConfig
 .text.TIM_TI1_ConfigInputStage
                0x0000000008006d68       0x5e ./Drivers/STM32F7xx_HAL_Driver/Src/stm32f7xx_hal_tim.o
 .text.TIM_TI2_ConfigInputStage
                0x0000000008006dc6       0x60 ./Drivers/STM32F7xx_HAL_Driver/Src/stm32f7xx_hal_tim.o
 .text.TIM_ITRx_SetConfig
                0x0000000008006e26       0x36 ./Drivers/STM32F7xx_HAL_Driver/Src/stm32f7xx_hal_tim.o
 .text.TIM_ETR_SetConfig
                0x0000000008006e5c       0x40 ./Drivers/STM32F7xx_HAL_Driver/Src/stm32f7xx_hal_tim.o
                0x0000000008006e5c                TIM_ETR_SetConfig
 .text.HAL_TIMEx_MasterConfigSynchronization
                0x0000000008006e9c      0x11c ./Drivers/STM32F7xx_HAL_Driver/Src/stm32f7xx_hal_tim_ex.o
                0x0000000008006e9c                HAL_TIMEx_MasterConfigSynchronization
 .text.HAL_UART_Init
                0x0000000008006fb8       0x9c ./Drivers/STM32F7xx_HAL_Driver/Src/stm32f7xx_hal_uart.o
                0x0000000008006fb8                HAL_UART_Init
 .text.HAL_UART_IRQHandler
                0x0000000008007054      0x594 ./Drivers/STM32F7xx_HAL_Driver/Src/stm32f7xx_hal_uart.o
                0x0000000008007054                HAL_UART_IRQHandler
 .text.HAL_UART_TxCpltCallback
                0x00000000080075e8       0x14 ./Drivers/STM32F7xx_HAL_Driver/Src/stm32f7xx_hal_uart.o
                0x00000000080075e8                HAL_UART_TxCpltCallback
 .text.HAL_UART_ErrorCallback
                0x00000000080075fc       0x14 ./Drivers/STM32F7xx_HAL_Driver/Src/stm32f7xx_hal_uart.o
                0x00000000080075fc                HAL_UART_ErrorCallback
 .text.HAL_UARTEx_RxEventCallback
                0x0000000008007610       0x18 ./Drivers/STM32F7xx_HAL_Driver/Src/stm32f7xx_hal_uart.o
                0x0000000008007610                HAL_UARTEx_RxEventCallback
 .text.UART_SetConfig
                0x0000000008007628      0x4c8 ./Drivers/STM32F7xx_HAL_Driver/Src/stm32f7xx_hal_uart.o
                0x0000000008007628                UART_SetConfig
 .text.UART_AdvFeatureConfig
                0x0000000008007af0      0x144 ./Drivers/STM32F7xx_HAL_Driver/Src/stm32f7xx_hal_uart.o
                0x0000000008007af0                UART_AdvFeatureConfig
 .text.UART_CheckIdleState
                0x0000000008007c34       0x66 ./Drivers/STM32F7xx_HAL_Driver/Src/stm32f7xx_hal_uart.o
                0x0000000008007c34                UART_CheckIdleState
 .text.UART_WaitOnFlagUntilTimeout
                0x0000000008007c9a      0x188 ./Drivers/STM32F7xx_HAL_Driver/Src/stm32f7xx_hal_uart.o
                0x0000000008007c9a                UART_WaitOnFlagUntilTimeout
 .text.UART_EndRxTransfer
                0x0000000008007e22       0xc6 ./Drivers/STM32F7xx_HAL_Driver/Src/stm32f7xx_hal_uart.o
 .text.UART_DMAAbortOnError
                0x0000000008007ee8       0x2c ./Drivers/STM32F7xx_HAL_Driver/Src/stm32f7xx_hal_uart.o
 .text.UART_EndTransmit_IT
                0x0000000008007f14       0x54 ./Drivers/STM32F7xx_HAL_Driver/Src/stm32f7xx_hal_uart.o
 .text.SDMMC_Init
                0x0000000008007f68       0x58 ./Drivers/STM32F7xx_HAL_Driver/Src/stm32f7xx_ll_sdmmc.o
                0x0000000008007f68                SDMMC_Init
 .text.SDMMC_ReadFIFO
                0x0000000008007fc0       0x1a ./Drivers/STM32F7xx_HAL_Driver/Src/stm32f7xx_ll_sdmmc.o
                0x0000000008007fc0                SDMMC_ReadFIFO
 .text.SDMMC_WriteFIFO
                0x0000000008007fda       0x22 ./Drivers/STM32F7xx_HAL_Driver/Src/stm32f7xx_ll_sdmmc.o
                0x0000000008007fda                SDMMC_WriteFIFO
 .text.SDMMC_PowerState_ON
                0x0000000008007ffc       0x1c ./Drivers/STM32F7xx_HAL_Driver/Src/stm32f7xx_ll_sdmmc.o
                0x0000000008007ffc                SDMMC_PowerState_ON
 .text.SDMMC_GetPowerState
                0x0000000008008018       0x1c ./Drivers/STM32F7xx_HAL_Driver/Src/stm32f7xx_ll_sdmmc.o
                0x0000000008008018                SDMMC_GetPowerState
 .text.SDMMC_SendCommand
                0x0000000008008034       0x54 ./Drivers/STM32F7xx_HAL_Driver/Src/stm32f7xx_ll_sdmmc.o
                0x0000000008008034                SDMMC_SendCommand
 .text.SDMMC_GetCommandResponse
                0x0000000008008088       0x1a ./Drivers/STM32F7xx_HAL_Driver/Src/stm32f7xx_ll_sdmmc.o
                0x0000000008008088                SDMMC_GetCommandResponse
 .text.SDMMC_GetResponse
                0x00000000080080a2       0x26 ./Drivers/STM32F7xx_HAL_Driver/Src/stm32f7xx_ll_sdmmc.o
                0x00000000080080a2                SDMMC_GetResponse
 .text.SDMMC_ConfigData
                0x00000000080080c8       0x58 ./Drivers/STM32F7xx_HAL_Driver/Src/stm32f7xx_ll_sdmmc.o
                0x00000000080080c8                SDMMC_ConfigData
 .text.SDMMC_CmdBlockLength
                0x0000000008008120       0x44 ./Drivers/STM32F7xx_HAL_Driver/Src/stm32f7xx_ll_sdmmc.o
                0x0000000008008120                SDMMC_CmdBlockLength
 .text.SDMMC_CmdReadSingleBlock
                0x0000000008008164       0x44 ./Drivers/STM32F7xx_HAL_Driver/Src/stm32f7xx_ll_sdmmc.o
                0x0000000008008164                SDMMC_CmdReadSingleBlock
 .text.SDMMC_CmdReadMultiBlock
                0x00000000080081a8       0x44 ./Drivers/STM32F7xx_HAL_Driver/Src/stm32f7xx_ll_sdmmc.o
                0x00000000080081a8                SDMMC_CmdReadMultiBlock
 .text.SDMMC_CmdWriteSingleBlock
                0x00000000080081ec       0x44 ./Drivers/STM32F7xx_HAL_Driver/Src/stm32f7xx_ll_sdmmc.o
                0x00000000080081ec                SDMMC_CmdWriteSingleBlock
 .text.SDMMC_CmdWriteMultiBlock
                0x0000000008008230       0x44 ./Drivers/STM32F7xx_HAL_Driver/Src/stm32f7xx_ll_sdmmc.o
                0x0000000008008230                SDMMC_CmdWriteMultiBlock
 .text.SDMMC_CmdStopTransfer
                0x0000000008008274       0x44 ./Drivers/STM32F7xx_HAL_Driver/Src/stm32f7xx_ll_sdmmc.o
                0x0000000008008274                SDMMC_CmdStopTransfer
 .text.SDMMC_CmdSelDesel
                0x00000000080082b8       0x46 ./Drivers/STM32F7xx_HAL_Driver/Src/stm32f7xx_ll_sdmmc.o
                0x00000000080082b8                SDMMC_CmdSelDesel
 .text.SDMMC_CmdGoIdleState
                0x00000000080082fe       0x3c ./Drivers/STM32F7xx_HAL_Driver/Src/stm32f7xx_ll_sdmmc.o
                0x00000000080082fe                SDMMC_CmdGoIdleState
 .text.SDMMC_CmdOperCond
                0x000000000800833a       0x3e ./Drivers/STM32F7xx_HAL_Driver/Src/stm32f7xx_ll_sdmmc.o
                0x000000000800833a                SDMMC_CmdOperCond
 .text.SDMMC_CmdAppCommand
                0x0000000008008378       0x44 ./Drivers/STM32F7xx_HAL_Driver/Src/stm32f7xx_ll_sdmmc.o
                0x0000000008008378                SDMMC_CmdAppCommand
 .text.SDMMC_CmdAppOperCommand
                0x00000000080083bc       0x48 ./Drivers/STM32F7xx_HAL_Driver/Src/stm32f7xx_ll_sdmmc.o
                0x00000000080083bc                SDMMC_CmdAppOperCommand
 .text.SDMMC_CmdBusWidth
                0x0000000008008404       0x44 ./Drivers/STM32F7xx_HAL_Driver/Src/stm32f7xx_ll_sdmmc.o
                0x0000000008008404                SDMMC_CmdBusWidth
 .text.SDMMC_CmdSendSCR
                0x0000000008008448       0x42 ./Drivers/STM32F7xx_HAL_Driver/Src/stm32f7xx_ll_sdmmc.o
                0x0000000008008448                SDMMC_CmdSendSCR
 .text.SDMMC_CmdSendCID
                0x000000000800848a       0x3c ./Drivers/STM32F7xx_HAL_Driver/Src/stm32f7xx_ll_sdmmc.o
                0x000000000800848a                SDMMC_CmdSendCID
 .text.SDMMC_CmdSendCSD
                0x00000000080084c6       0x3e ./Drivers/STM32F7xx_HAL_Driver/Src/stm32f7xx_ll_sdmmc.o
                0x00000000080084c6                SDMMC_CmdSendCSD
 .text.SDMMC_CmdSetRelAdd
                0x0000000008008504       0x42 ./Drivers/STM32F7xx_HAL_Driver/Src/stm32f7xx_ll_sdmmc.o
                0x0000000008008504                SDMMC_CmdSetRelAdd
 .text.SDMMC_CmdSendStatus
                0x0000000008008546       0x44 ./Drivers/STM32F7xx_HAL_Driver/Src/stm32f7xx_ll_sdmmc.o
                0x0000000008008546                SDMMC_CmdSendStatus
 *fill*         0x000000000800858a        0x2 
 .text.SDMMC_GetCmdResp1
                0x000000000800858c      0x1dc ./Drivers/STM32F7xx_HAL_Driver/Src/stm32f7xx_ll_sdmmc.o
                0x000000000800858c                SDMMC_GetCmdResp1
 .text.SDMMC_GetCmdResp2
                0x0000000008008768       0x90 ./Drivers/STM32F7xx_HAL_Driver/Src/stm32f7xx_ll_sdmmc.o
                0x0000000008008768                SDMMC_GetCmdResp2
 .text.SDMMC_GetCmdResp3
                0x00000000080087f8       0x7c ./Drivers/STM32F7xx_HAL_Driver/Src/stm32f7xx_ll_sdmmc.o
                0x00000000080087f8                SDMMC_GetCmdResp3
 .text.SDMMC_GetCmdResp6
                0x0000000008008874       0xec ./Drivers/STM32F7xx_HAL_Driver/Src/stm32f7xx_ll_sdmmc.o
                0x0000000008008874                SDMMC_GetCmdResp6
 .text.SDMMC_GetCmdResp7
                0x0000000008008960       0x9c ./Drivers/STM32F7xx_HAL_Driver/Src/stm32f7xx_ll_sdmmc.o
                0x0000000008008960                SDMMC_GetCmdResp7
 .text.SDMMC_GetCmdError
                0x00000000080089fc       0x58 ./Drivers/STM32F7xx_HAL_Driver/Src/stm32f7xx_ll_sdmmc.o
 .text.MX_FATFS_Init
                0x0000000008008a54       0x24 ./FATFS/App/fatfs.o
                0x0000000008008a54                MX_FATFS_Init
 .text.BSP_SD_Init
                0x0000000008008a78       0x4c ./FATFS/Target/bsp_driver_sd.o
                0x0000000008008a78                BSP_SD_Init
 .text.BSP_SD_ReadBlocks_DMA
                0x0000000008008ac4       0x34 ./FATFS/Target/bsp_driver_sd.o
                0x0000000008008ac4                BSP_SD_ReadBlocks_DMA
 .text.BSP_SD_WriteBlocks_DMA
                0x0000000008008af8       0x34 ./FATFS/Target/bsp_driver_sd.o
                0x0000000008008af8                BSP_SD_WriteBlocks_DMA
 .text.BSP_SD_GetCardState
                0x0000000008008b2c       0x20 ./FATFS/Target/bsp_driver_sd.o
                0x0000000008008b2c                BSP_SD_GetCardState
 .text.BSP_SD_GetCardInfo
                0x0000000008008b4c       0x1c ./FATFS/Target/bsp_driver_sd.o
                0x0000000008008b4c                BSP_SD_GetCardInfo
 .text.HAL_SD_AbortCallback
                0x0000000008008b68       0x14 ./FATFS/Target/bsp_driver_sd.o
                0x0000000008008b68                HAL_SD_AbortCallback
 .text.HAL_SD_TxCpltCallback
                0x0000000008008b7c       0x14 ./FATFS/Target/bsp_driver_sd.o
                0x0000000008008b7c                HAL_SD_TxCpltCallback
 .text.HAL_SD_RxCpltCallback
                0x0000000008008b90       0x14 ./FATFS/Target/bsp_driver_sd.o
                0x0000000008008b90                HAL_SD_RxCpltCallback
 .text.BSP_SD_AbortCallback
                0x0000000008008ba4        0xe ./FATFS/Target/bsp_driver_sd.o
                0x0000000008008ba4                BSP_SD_AbortCallback
 .text.BSP_SD_IsDetected
                0x0000000008008bb2       0x24 ./FATFS/Target/bsp_driver_sd.o
                0x0000000008008bb2                BSP_SD_IsDetected
 *fill*         0x0000000008008bd6        0x2 
 .text.BSP_PlatformIsDetected
                0x0000000008008bd8       0x2c ./FATFS/Target/fatfs_platform.o
                0x0000000008008bd8                BSP_PlatformIsDetected
 .text.SCB_InvalidateDCache_by_Addr
                0x0000000008008c04       0x58 ./FATFS/Target/sd_diskio.o
 .text.SCB_CleanDCache_by_Addr
                0x0000000008008c5c       0x58 ./FATFS/Target/sd_diskio.o
 .text.SD_CheckStatusWithTimeout
                0x0000000008008cb4       0x3a ./FATFS/Target/sd_diskio.o
 *fill*         0x0000000008008cee        0x2 
 .text.SD_CheckStatus
                0x0000000008008cf0       0x3c ./FATFS/Target/sd_diskio.o
 .text.SD_initialize
                0x0000000008008d2c       0x84 ./FATFS/Target/sd_diskio.o
                0x0000000008008d2c                SD_initialize
 .text.SD_status
                0x0000000008008db0       0x1c ./FATFS/Target/sd_diskio.o
                0x0000000008008db0                SD_status
 .text.SD_read  0x0000000008008dcc       0xbc ./FATFS/Target/sd_diskio.o
                0x0000000008008dcc                SD_read
 .text.SD_write
                0x0000000008008e88       0xb4 ./FATFS/Target/sd_diskio.o
                0x0000000008008e88                SD_write
 .text.SD_ioctl
                0x0000000008008f3c       0xb0 ./FATFS/Target/sd_diskio.o
                0x0000000008008f3c                SD_ioctl
 .text.BSP_SD_WriteCpltCallback
                0x0000000008008fec       0x24 ./FATFS/Target/sd_diskio.o
                0x0000000008008fec                BSP_SD_WriteCpltCallback
 .text.BSP_SD_ReadCpltCallback
                0x0000000008009010       0x24 ./FATFS/Target/sd_diskio.o
                0x0000000008009010                BSP_SD_ReadCpltCallback
 .text.disk_status
                0x0000000008009034       0x34 ./Middlewares/Third_Party/FatFs/src/diskio.o
                0x0000000008009034                disk_status
 .text.disk_initialize
                0x0000000008009068       0x4c ./Middlewares/Third_Party/FatFs/src/diskio.o
                0x0000000008009068                disk_initialize
 .text.disk_read
                0x00000000080090b4       0x40 ./Middlewares/Third_Party/FatFs/src/diskio.o
                0x00000000080090b4                disk_read
 .text.disk_write
                0x00000000080090f4       0x40 ./Middlewares/Third_Party/FatFs/src/diskio.o
                0x00000000080090f4                disk_write
 .text.disk_ioctl
                0x0000000008009134       0x3c ./Middlewares/Third_Party/FatFs/src/diskio.o
                0x0000000008009134                disk_ioctl
 .text.ld_word  0x0000000008009170       0x30 ./Middlewares/Third_Party/FatFs/src/ff.o
 .text.ld_dword
                0x00000000080091a0       0x46 ./Middlewares/Third_Party/FatFs/src/ff.o
 .text.st_word  0x00000000080091e6       0x36 ./Middlewares/Third_Party/FatFs/src/ff.o
 .text.st_dword
                0x000000000800921c       0x58 ./Middlewares/Third_Party/FatFs/src/ff.o
 .text.mem_cpy  0x0000000008009274       0x42 ./Middlewares/Third_Party/FatFs/src/ff.o
 .text.mem_set  0x00000000080092b6       0x36 ./Middlewares/Third_Party/FatFs/src/ff.o
 .text.mem_cmp  0x00000000080092ec       0x4e ./Middlewares/Third_Party/FatFs/src/ff.o
 .text.chk_chr  0x000000000800933a       0x36 ./Middlewares/Third_Party/FatFs/src/ff.o
 .text.lock_fs  0x0000000008009370       0x2c ./Middlewares/Third_Party/FatFs/src/ff.o
 .text.unlock_fs
                0x000000000800939c       0x36 ./Middlewares/Third_Party/FatFs/src/ff.o
 *fill*         0x00000000080093d2        0x2 
 .text.chk_lock
                0x00000000080093d4       0xb8 ./Middlewares/Third_Party/FatFs/src/ff.o
 .text.enq_lock
                0x000000000800948c       0x44 ./Middlewares/Third_Party/FatFs/src/ff.o
 .text.inc_lock
                0x00000000080094d0      0x11c ./Middlewares/Third_Party/FatFs/src/ff.o
 .text.dec_lock
                0x00000000080095ec       0x78 ./Middlewares/Third_Party/FatFs/src/ff.o
 .text.clear_lock
                0x0000000008009664       0x48 ./Middlewares/Third_Party/FatFs/src/ff.o
 .text.sync_window
                0x00000000080096ac       0x88 ./Middlewares/Third_Party/FatFs/src/ff.o
 .text.move_window
                0x0000000008009734       0x5a ./Middlewares/Third_Party/FatFs/src/ff.o
 *fill*         0x000000000800978e        0x2 
 .text.sync_fs  0x0000000008009790       0xdc ./Middlewares/Third_Party/FatFs/src/ff.o
 .text.clust2sect
                0x000000000800986c       0x3e ./Middlewares/Third_Party/FatFs/src/ff.o
 .text.get_fat  0x00000000080098aa      0x150 ./Middlewares/Third_Party/FatFs/src/ff.o
 .text.put_fat  0x00000000080099fa      0x1d8 ./Middlewares/Third_Party/FatFs/src/ff.o
 .text.remove_chain
                0x0000000008009bd2       0xca ./Middlewares/Third_Party/FatFs/src/ff.o
 .text.create_chain
                0x0000000008009c9c      0x130 ./Middlewares/Third_Party/FatFs/src/ff.o
 .text.clmt_clust
                0x0000000008009dcc       0x68 ./Middlewares/Third_Party/FatFs/src/ff.o
 .text.dir_sdi  0x0000000008009e34       0xf6 ./Middlewares/Third_Party/FatFs/src/ff.o
 .text.dir_next
                0x0000000008009f2a      0x18a ./Middlewares/Third_Party/FatFs/src/ff.o
 .text.dir_alloc
                0x000000000800a0b4       0x8e ./Middlewares/Third_Party/FatFs/src/ff.o
 .text.ld_clust
                0x000000000800a142       0x3e ./Middlewares/Third_Party/FatFs/src/ff.o
 .text.st_clust
                0x000000000800a180       0x40 ./Middlewares/Third_Party/FatFs/src/ff.o
 .text.cmp_lfn  0x000000000800a1c0       0xe0 ./Middlewares/Third_Party/FatFs/src/ff.o
 .text.put_lfn  0x000000000800a2a0       0xd0 ./Middlewares/Third_Party/FatFs/src/ff.o
 .text.gen_numname
                0x000000000800a370      0x11c ./Middlewares/Third_Party/FatFs/src/ff.o
 .text.sum_sfn  0x000000000800a48c       0x42 ./Middlewares/Third_Party/FatFs/src/ff.o
 .text.dir_find
                0x000000000800a4ce      0x180 ./Middlewares/Third_Party/FatFs/src/ff.o
 *fill*         0x000000000800a64e        0x2 
 .text.dir_register
                0x000000000800a650      0x1f0 ./Middlewares/Third_Party/FatFs/src/ff.o
 .text.create_name
                0x000000000800a840      0x370 ./Middlewares/Third_Party/FatFs/src/ff.o
 .text.follow_path
                0x000000000800abb0       0xe2 ./Middlewares/Third_Party/FatFs/src/ff.o
 .text.get_ldnumber
                0x000000000800ac92       0x88 ./Middlewares/Third_Party/FatFs/src/ff.o
 *fill*         0x000000000800ad1a        0x2 
 .text.check_fs
                0x000000000800ad1c       0xac ./Middlewares/Third_Party/FatFs/src/ff.o
 .text.find_volume
                0x000000000800adc8      0x4a8 ./Middlewares/Third_Party/FatFs/src/ff.o
 .text.validate
                0x000000000800b270       0x8e ./Middlewares/Third_Party/FatFs/src/ff.o
 *fill*         0x000000000800b2fe        0x2 
 .text.f_mount  0x000000000800b300       0xc8 ./Middlewares/Third_Party/FatFs/src/ff.o
                0x000000000800b300                f_mount
 .text.f_open   0x000000000800b3c8      0x580 ./Middlewares/Third_Party/FatFs/src/ff.o
                0x000000000800b3c8                f_open
 .text.f_read   0x000000000800b948      0x2dc ./Middlewares/Third_Party/FatFs/src/ff.o
                0x000000000800b948                f_read
 .text.f_sync   0x000000000800bc24      0x114 ./Middlewares/Third_Party/FatFs/src/ff.o
                0x000000000800bc24                f_sync
 .text.f_close  0x000000000800bd38       0x5e ./Middlewares/Third_Party/FatFs/src/ff.o
                0x000000000800bd38                f_close
 .text.f_lseek  0x000000000800bd96      0x4a6 ./Middlewares/Third_Party/FatFs/src/ff.o
                0x000000000800bd96                f_lseek
 .text.FATFS_LinkDriverEx
                0x000000000800c23c       0x98 ./Middlewares/Third_Party/FatFs/src/ff_gen_drv.o
                0x000000000800c23c                FATFS_LinkDriverEx
 .text.FATFS_LinkDriver
                0x000000000800c2d4       0x1e ./Middlewares/Third_Party/FatFs/src/ff_gen_drv.o
                0x000000000800c2d4                FATFS_LinkDriver
 *fill*         0x000000000800c2f2        0x2 
 .text.ff_convert
                0x000000000800c2f4       0x78 ./Middlewares/Third_Party/FatFs/src/option/ccsbcs.o
                0x000000000800c2f4                ff_convert
 .text.ff_wtoupper
                0x000000000800c36c      0x114 ./Middlewares/Third_Party/FatFs/src/option/ccsbcs.o
                0x000000000800c36c                ff_wtoupper
 .text.ff_cre_syncobj
                0x000000000800c480       0x36 ./Middlewares/Third_Party/FatFs/src/option/syscall.o
                0x000000000800c480                ff_cre_syncobj
 .text.ff_del_syncobj
                0x000000000800c4b6       0x18 ./Middlewares/Third_Party/FatFs/src/option/syscall.o
                0x000000000800c4b6                ff_del_syncobj
 .text.ff_req_grant
                0x000000000800c4ce       0x2a ./Middlewares/Third_Party/FatFs/src/option/syscall.o
                0x000000000800c4ce                ff_req_grant
 .text.ff_rel_grant
                0x000000000800c4f8       0x16 ./Middlewares/Third_Party/FatFs/src/option/syscall.o
                0x000000000800c4f8                ff_rel_grant
 .text.SVC_Setup
                0x000000000800c50e        0xe ./Middlewares/Third_Party/FreeRTOS/Source/CMSIS_RTOS_V2/cmsis_os2.o
 .text.osKernelInitialize
                0x000000000800c51c       0x68 ./Middlewares/Third_Party/FreeRTOS/Source/CMSIS_RTOS_V2/cmsis_os2.o
                0x000000000800c51c                osKernelInitialize
 .text.osKernelGetState
                0x000000000800c584       0x44 ./Middlewares/Third_Party/FreeRTOS/Source/CMSIS_RTOS_V2/cmsis_os2.o
                0x000000000800c584                osKernelGetState
 .text.osKernelStart
                0x000000000800c5c8       0x6c ./Middlewares/Third_Party/FreeRTOS/Source/CMSIS_RTOS_V2/cmsis_os2.o
                0x000000000800c5c8                osKernelStart
 .text.osKernelGetTickCount
                0x000000000800c634       0x50 ./Middlewares/Third_Party/FreeRTOS/Source/CMSIS_RTOS_V2/cmsis_os2.o
                0x000000000800c634                osKernelGetTickCount
 .text.osThreadNew
                0x000000000800c684      0x14c ./Middlewares/Third_Party/FreeRTOS/Source/CMSIS_RTOS_V2/cmsis_os2.o
                0x000000000800c684                osThreadNew
 .text.osDelay  0x000000000800c7d0       0x5c ./Middlewares/Third_Party/FreeRTOS/Source/CMSIS_RTOS_V2/cmsis_os2.o
                0x000000000800c7d0                osDelay
 .text.osMutexNew
                0x000000000800c82c      0x134 ./Middlewares/Third_Party/FreeRTOS/Source/CMSIS_RTOS_V2/cmsis_os2.o
                0x000000000800c82c                osMutexNew
 .text.osMutexAcquire
                0x000000000800c960       0xbc ./Middlewares/Third_Party/FreeRTOS/Source/CMSIS_RTOS_V2/cmsis_os2.o
                0x000000000800c960                osMutexAcquire
 .text.osMutexRelease
                0x000000000800ca1c       0xa0 ./Middlewares/Third_Party/FreeRTOS/Source/CMSIS_RTOS_V2/cmsis_os2.o
                0x000000000800ca1c                osMutexRelease
 .text.osSemaphoreNew
                0x000000000800cabc      0x138 ./Middlewares/Third_Party/FreeRTOS/Source/CMSIS_RTOS_V2/cmsis_os2.o
                0x000000000800cabc                osSemaphoreNew
 .text.osSemaphoreAcquire
                0x000000000800cbf4       0xcc ./Middlewares/Third_Party/FreeRTOS/Source/CMSIS_RTOS_V2/cmsis_os2.o
                0x000000000800cbf4                osSemaphoreAcquire
 .text.osSemaphoreRelease
                0x000000000800ccc0       0xb0 ./Middlewares/Third_Party/FreeRTOS/Source/CMSIS_RTOS_V2/cmsis_os2.o
                0x000000000800ccc0                osSemaphoreRelease
 .text.osSemaphoreDelete
                0x000000000800cd70       0x6c ./Middlewares/Third_Party/FreeRTOS/Source/CMSIS_RTOS_V2/cmsis_os2.o
                0x000000000800cd70                osSemaphoreDelete
 .text.osMessageQueueNew
                0x000000000800cddc      0x10c ./Middlewares/Third_Party/FreeRTOS/Source/CMSIS_RTOS_V2/cmsis_os2.o
                0x000000000800cddc                osMessageQueueNew
 .text.osMessageQueuePut
                0x000000000800cee8       0xe8 ./Middlewares/Third_Party/FreeRTOS/Source/CMSIS_RTOS_V2/cmsis_os2.o
                0x000000000800cee8                osMessageQueuePut
 .text.osMessageQueueGet
                0x000000000800cfd0       0xe4 ./Middlewares/Third_Party/FreeRTOS/Source/CMSIS_RTOS_V2/cmsis_os2.o
                0x000000000800cfd0                osMessageQueueGet
 .text.vApplicationGetIdleTaskMemory
                0x000000000800d0b4       0x34 ./Middlewares/Third_Party/FreeRTOS/Source/CMSIS_RTOS_V2/cmsis_os2.o
                0x000000000800d0b4                vApplicationGetIdleTaskMemory
 .text.vApplicationGetTimerTaskMemory
                0x000000000800d0e8       0x34 ./Middlewares/Third_Party/FreeRTOS/Source/CMSIS_RTOS_V2/cmsis_os2.o
                0x000000000800d0e8                vApplicationGetTimerTaskMemory
 .text.vListInitialise
                0x000000000800d11c       0x40 ./Middlewares/Third_Party/FreeRTOS/Source/list.o
                0x000000000800d11c                vListInitialise
 .text.vListInitialiseItem
                0x000000000800d15c       0x1a ./Middlewares/Third_Party/FreeRTOS/Source/list.o
                0x000000000800d15c                vListInitialiseItem
 .text.vListInsertEnd
                0x000000000800d176       0x48 ./Middlewares/Third_Party/FreeRTOS/Source/list.o
                0x000000000800d176                vListInsertEnd
 .text.vListInsert
                0x000000000800d1be       0x72 ./Middlewares/Third_Party/FreeRTOS/Source/list.o
                0x000000000800d1be                vListInsert
 .text.uxListRemove
                0x000000000800d230       0x54 ./Middlewares/Third_Party/FreeRTOS/Source/list.o
                0x000000000800d230                uxListRemove
 .text.xQueueGenericReset
                0x000000000800d284       0xd4 ./Middlewares/Third_Party/FreeRTOS/Source/queue.o
                0x000000000800d284                xQueueGenericReset
 .text.xQueueGenericCreateStatic
                0x000000000800d358      0x104 ./Middlewares/Third_Party/FreeRTOS/Source/queue.o
                0x000000000800d358                xQueueGenericCreateStatic
 .text.xQueueGenericCreate
                0x000000000800d45c       0x84 ./Middlewares/Third_Party/FreeRTOS/Source/queue.o
                0x000000000800d45c                xQueueGenericCreate
 .text.prvInitialiseNewQueue
                0x000000000800d4e0       0x46 ./Middlewares/Third_Party/FreeRTOS/Source/queue.o
 .text.prvInitialiseMutex
                0x000000000800d526       0x34 ./Middlewares/Third_Party/FreeRTOS/Source/queue.o
 .text.xQueueCreateMutex
                0x000000000800d55a       0x30 ./Middlewares/Third_Party/FreeRTOS/Source/queue.o
                0x000000000800d55a                xQueueCreateMutex
 .text.xQueueCreateMutexStatic
                0x000000000800d58a       0x36 ./Middlewares/Third_Party/FreeRTOS/Source/queue.o
                0x000000000800d58a                xQueueCreateMutexStatic
 .text.xQueueGiveMutexRecursive
                0x000000000800d5c0       0x6c ./Middlewares/Third_Party/FreeRTOS/Source/queue.o
                0x000000000800d5c0                xQueueGiveMutexRecursive
 .text.xQueueTakeMutexRecursive
                0x000000000800d62c       0x70 ./Middlewares/Third_Party/FreeRTOS/Source/queue.o
                0x000000000800d62c                xQueueTakeMutexRecursive
 .text.xQueueCreateCountingSemaphoreStatic
                0x000000000800d69c       0x76 ./Middlewares/Third_Party/FreeRTOS/Source/queue.o
                0x000000000800d69c                xQueueCreateCountingSemaphoreStatic
 .text.xQueueCreateCountingSemaphore
                0x000000000800d712       0x6e ./Middlewares/Third_Party/FreeRTOS/Source/queue.o
                0x000000000800d712                xQueueCreateCountingSemaphore
 .text.xQueueGenericSend
                0x000000000800d780      0x20c ./Middlewares/Third_Party/FreeRTOS/Source/queue.o
                0x000000000800d780                xQueueGenericSend
 .text.xQueueGenericSendFromISR
                0x000000000800d98c      0x140 ./Middlewares/Third_Party/FreeRTOS/Source/queue.o
                0x000000000800d98c                xQueueGenericSendFromISR
 .text.xQueueGiveFromISR
                0x000000000800dacc      0x12a ./Middlewares/Third_Party/FreeRTOS/Source/queue.o
                0x000000000800dacc                xQueueGiveFromISR
 *fill*         0x000000000800dbf6        0x2 
 .text.xQueueReceive
                0x000000000800dbf8      0x1cc ./Middlewares/Third_Party/FreeRTOS/Source/queue.o
                0x000000000800dbf8                xQueueReceive
 .text.xQueueSemaphoreTake
                0x000000000800ddc4      0x228 ./Middlewares/Third_Party/FreeRTOS/Source/queue.o
                0x000000000800ddc4                xQueueSemaphoreTake
 .text.xQueueReceiveFromISR
                0x000000000800dfec      0x10c ./Middlewares/Third_Party/FreeRTOS/Source/queue.o
                0x000000000800dfec                xQueueReceiveFromISR
 .text.vQueueDelete
                0x000000000800e0f8       0x4a ./Middlewares/Third_Party/FreeRTOS/Source/queue.o
                0x000000000800e0f8                vQueueDelete
 .text.prvGetDisinheritPriorityAfterTimeout
                0x000000000800e142       0x30 ./Middlewares/Third_Party/FreeRTOS/Source/queue.o
 .text.prvCopyDataToQueue
                0x000000000800e172       0xd4 ./Middlewares/Third_Party/FreeRTOS/Source/queue.o
 .text.prvCopyDataFromQueue
                0x000000000800e246       0x4c ./Middlewares/Third_Party/FreeRTOS/Source/queue.o
 .text.prvUnlockQueue
                0x000000000800e292       0xa4 ./Middlewares/Third_Party/FreeRTOS/Source/queue.o
 .text.prvIsQueueEmpty
                0x000000000800e336       0x2c ./Middlewares/Third_Party/FreeRTOS/Source/queue.o
 .text.prvIsQueueFull
                0x000000000800e362       0x30 ./Middlewares/Third_Party/FreeRTOS/Source/queue.o
 *fill*         0x000000000800e392        0x2 
 .text.vQueueAddToRegistry
                0x000000000800e394       0x54 ./Middlewares/Third_Party/FreeRTOS/Source/queue.o
                0x000000000800e394                vQueueAddToRegistry
 .text.vQueueUnregisterQueue
                0x000000000800e3e8       0x54 ./Middlewares/Third_Party/FreeRTOS/Source/queue.o
                0x000000000800e3e8                vQueueUnregisterQueue
 .text.vQueueWaitForMessageRestricted
                0x000000000800e43c       0x68 ./Middlewares/Third_Party/FreeRTOS/Source/queue.o
                0x000000000800e43c                vQueueWaitForMessageRestricted
 .text.xTaskCreateStatic
                0x000000000800e4a4       0xc6 ./Middlewares/Third_Party/FreeRTOS/Source/tasks.o
                0x000000000800e4a4                xTaskCreateStatic
 .text.xTaskCreate
                0x000000000800e56a       0x8a ./Middlewares/Third_Party/FreeRTOS/Source/tasks.o
                0x000000000800e56a                xTaskCreate
 .text.prvInitialiseNewTask
                0x000000000800e5f4      0x130 ./Middlewares/Third_Party/FreeRTOS/Source/tasks.o
 .text.prvAddNewTaskToReadyList
                0x000000000800e724       0xe0 ./Middlewares/Third_Party/FreeRTOS/Source/tasks.o
 .text.vTaskDelay
                0x000000000800e804       0x6c ./Middlewares/Third_Party/FreeRTOS/Source/tasks.o
                0x000000000800e804                vTaskDelay
 .text.vTaskStartScheduler
                0x000000000800e870       0xd4 ./Middlewares/Third_Party/FreeRTOS/Source/tasks.o
                0x000000000800e870                vTaskStartScheduler
 .text.vTaskSuspendAll
                0x000000000800e944       0x1c ./Middlewares/Third_Party/FreeRTOS/Source/tasks.o
                0x000000000800e944                vTaskSuspendAll
 .text.xTaskResumeAll
                0x000000000800e960      0x140 ./Middlewares/Third_Party/FreeRTOS/Source/tasks.o
                0x000000000800e960                xTaskResumeAll
 .text.xTaskGetTickCount
                0x000000000800eaa0       0x20 ./Middlewares/Third_Party/FreeRTOS/Source/tasks.o
                0x000000000800eaa0                xTaskGetTickCount
 .text.xTaskGetTickCountFromISR
                0x000000000800eac0       0x24 ./Middlewares/Third_Party/FreeRTOS/Source/tasks.o
                0x000000000800eac0                xTaskGetTickCountFromISR
 .text.xTaskIncrementTick
                0x000000000800eae4      0x178 ./Middlewares/Third_Party/FreeRTOS/Source/tasks.o
                0x000000000800eae4                xTaskIncrementTick
 .text.vTaskSwitchContext
                0x000000000800ec5c       0xc0 ./Middlewares/Third_Party/FreeRTOS/Source/tasks.o
                0x000000000800ec5c                vTaskSwitchContext
 .text.vTaskPlaceOnEventList
                0x000000000800ed1c       0x4c ./Middlewares/Third_Party/FreeRTOS/Source/tasks.o
                0x000000000800ed1c                vTaskPlaceOnEventList
 .text.vTaskPlaceOnEventListRestricted
                0x000000000800ed68       0x5c ./Middlewares/Third_Party/FreeRTOS/Source/tasks.o
                0x000000000800ed68                vTaskPlaceOnEventListRestricted
 .text.xTaskRemoveFromEventList
                0x000000000800edc4       0xcc ./Middlewares/Third_Party/FreeRTOS/Source/tasks.o
                0x000000000800edc4                xTaskRemoveFromEventList
 .text.vTaskInternalSetTimeOutState
                0x000000000800ee90       0x2c ./Middlewares/Third_Party/FreeRTOS/Source/tasks.o
                0x000000000800ee90                vTaskInternalSetTimeOutState
 .text.xTaskCheckForTimeOut
                0x000000000800eebc       0xec ./Middlewares/Third_Party/FreeRTOS/Source/tasks.o
                0x000000000800eebc                xTaskCheckForTimeOut
 .text.vTaskMissedYield
                0x000000000800efa8       0x18 ./Middlewares/Third_Party/FreeRTOS/Source/tasks.o
                0x000000000800efa8                vTaskMissedYield
 .text.prvIdleTask
                0x000000000800efc0       0x30 ./Middlewares/Third_Party/FreeRTOS/Source/tasks.o
 .text.prvInitialiseTaskLists
                0x000000000800eff0       0x80 ./Middlewares/Third_Party/FreeRTOS/Source/tasks.o
 .text.prvCheckTasksWaitingTermination
                0x000000000800f070       0x5c ./Middlewares/Third_Party/FreeRTOS/Source/tasks.o
 .text.prvDeleteTCB
                0x000000000800f0cc       0x62 ./Middlewares/Third_Party/FreeRTOS/Source/tasks.o
 *fill*         0x000000000800f12e        0x2 
 .text.prvResetNextTaskUnblockTime
                0x000000000800f130       0x40 ./Middlewares/Third_Party/FreeRTOS/Source/tasks.o
 .text.xTaskGetCurrentTaskHandle
                0x000000000800f170       0x20 ./Middlewares/Third_Party/FreeRTOS/Source/tasks.o
                0x000000000800f170                xTaskGetCurrentTaskHandle
 .text.xTaskGetSchedulerState
                0x000000000800f190       0x3c ./Middlewares/Third_Party/FreeRTOS/Source/tasks.o
                0x000000000800f190                xTaskGetSchedulerState
 .text.xTaskPriorityInherit
                0x000000000800f1cc       0xd0 ./Middlewares/Third_Party/FreeRTOS/Source/tasks.o
                0x000000000800f1cc                xTaskPriorityInherit
 .text.xTaskPriorityDisinherit
                0x000000000800f29c       0xe4 ./Middlewares/Third_Party/FreeRTOS/Source/tasks.o
                0x000000000800f29c                xTaskPriorityDisinherit
 .text.vTaskPriorityDisinheritAfterTimeout
                0x000000000800f380      0x10c ./Middlewares/Third_Party/FreeRTOS/Source/tasks.o
                0x000000000800f380                vTaskPriorityDisinheritAfterTimeout
 .text.pvTaskIncrementMutexHeldCount
                0x000000000800f48c       0x28 ./Middlewares/Third_Party/FreeRTOS/Source/tasks.o
                0x000000000800f48c                pvTaskIncrementMutexHeldCount
 .text.prvAddCurrentTaskToDelayedList
                0x000000000800f4b4       0xb4 ./Middlewares/Third_Party/FreeRTOS/Source/tasks.o
 .text.xTimerCreateTimerTask
                0x000000000800f568       0x94 ./Middlewares/Third_Party/FreeRTOS/Source/timers.o
                0x000000000800f568                xTimerCreateTimerTask
 .text.xTimerGenericCommand
                0x000000000800f5fc       0xa0 ./Middlewares/Third_Party/FreeRTOS/Source/timers.o
                0x000000000800f5fc                xTimerGenericCommand
 .text.prvProcessExpiredTimer
                0x000000000800f69c       0x9c ./Middlewares/Third_Party/FreeRTOS/Source/timers.o
 .text.prvTimerTask
                0x000000000800f738       0x24 ./Middlewares/Third_Party/FreeRTOS/Source/timers.o
 .text.prvProcessTimerOrBlockTask
                0x000000000800f75c       0x9c ./Middlewares/Third_Party/FreeRTOS/Source/timers.o
 .text.prvGetNextExpireTime
                0x000000000800f7f8       0x48 ./Middlewares/Third_Party/FreeRTOS/Source/timers.o
 .text.prvSampleTimeNow
                0x000000000800f840       0x40 ./Middlewares/Third_Party/FreeRTOS/Source/timers.o
 .text.prvInsertTimerInActiveList
                0x000000000800f880       0x84 ./Middlewares/Third_Party/FreeRTOS/Source/timers.o
 .text.prvProcessReceivedCommands
                0x000000000800f904      0x1d0 ./Middlewares/Third_Party/FreeRTOS/Source/timers.o
 .text.prvSwitchTimerLists
                0x000000000800fad4       0xcc ./Middlewares/Third_Party/FreeRTOS/Source/timers.o
 .text.prvCheckForValidListAndQueue
                0x000000000800fba0       0x80 ./Middlewares/Third_Party/FreeRTOS/Source/timers.o
 .text.pxPortInitialiseStack
                0x000000000800fc20       0x68 ./Middlewares/Third_Party/FreeRTOS/Source/portable/GCC/ARM_CM7/r0p1/port.o
                0x000000000800fc20                pxPortInitialiseStack
 .text.prvTaskExitError
                0x000000000800fc88       0x60 ./Middlewares/Third_Party/FreeRTOS/Source/portable/GCC/ARM_CM7/r0p1/port.o
 *fill*         0x000000000800fce8        0x8 
 .text.SVC_Handler
                0x000000000800fcf0       0x28 ./Middlewares/Third_Party/FreeRTOS/Source/portable/GCC/ARM_CM7/r0p1/port.o
                0x000000000800fcf0                SVC_Handler
 .text.prvPortStartFirstTask
                0x000000000800fd18       0x28 ./Middlewares/Third_Party/FreeRTOS/Source/portable/GCC/ARM_CM7/r0p1/port.o
 .text.xPortStartScheduler
                0x000000000800fd40       0xfc ./Middlewares/Third_Party/FreeRTOS/Source/portable/GCC/ARM_CM7/r0p1/port.o
                0x000000000800fd40                xPortStartScheduler
 .text.vPortEnterCritical
                0x000000000800fe3c       0x68 ./Middlewares/Third_Party/FreeRTOS/Source/portable/GCC/ARM_CM7/r0p1/port.o
                0x000000000800fe3c                vPortEnterCritical
 .text.vPortExitCritical
                0x000000000800fea4       0x58 ./Middlewares/Third_Party/FreeRTOS/Source/portable/GCC/ARM_CM7/r0p1/port.o
                0x000000000800fea4                vPortExitCritical
 *fill*         0x000000000800fefc        0x4 
 .text.PendSV_Handler
                0x000000000800ff00       0x68 ./Middlewares/Third_Party/FreeRTOS/Source/portable/GCC/ARM_CM7/r0p1/port.o
                0x000000000800ff00                PendSV_Handler
 .text.xPortSysTickHandler
                0x000000000800ff68       0x48 ./Middlewares/Third_Party/FreeRTOS/Source/portable/GCC/ARM_CM7/r0p1/port.o
                0x000000000800ff68                xPortSysTickHandler
 .text.vPortSetupTimerInterrupt
                0x000000000800ffb0       0x48 ./Middlewares/Third_Party/FreeRTOS/Source/portable/GCC/ARM_CM7/r0p1/port.o
                0x000000000800ffb0                vPortSetupTimerInterrupt
 .text.vPortEnableVFP
                0x000000000800fff8       0x14 ./Middlewares/Third_Party/FreeRTOS/Source/portable/GCC/ARM_CM7/r0p1/port.o
 .text.vPortValidateInterruptPriority
                0x000000000801000c       0x88 ./Middlewares/Third_Party/FreeRTOS/Source/portable/GCC/ARM_CM7/r0p1/port.o
                0x000000000801000c                vPortValidateInterruptPriority
 .text.pvPortMalloc
                0x0000000008010094      0x194 ./Middlewares/Third_Party/FreeRTOS/Source/portable/MemMang/heap_4.o
                0x0000000008010094                pvPortMalloc
 .text.vPortFree
                0x0000000008010228       0xbc ./Middlewares/Third_Party/FreeRTOS/Source/portable/MemMang/heap_4.o
                0x0000000008010228                vPortFree
 .text.prvHeapInit
                0x00000000080102e4       0xc4 ./Middlewares/Third_Party/FreeRTOS/Source/portable/MemMang/heap_4.o
 .text.prvInsertBlockIntoFreeList
                0x00000000080103a8       0xb4 ./Middlewares/Third_Party/FreeRTOS/Source/portable/MemMang/heap_4.o
 .text.MP3InitDecoder
                0x000000000801045c       0x16 ./Mp3Helix/mp3dec.o
                0x000000000801045c                MP3InitDecoder
 .text.MP3FindSyncWord
                0x0000000008010472       0x52 ./Mp3Helix/mp3dec.o
                0x0000000008010472                MP3FindSyncWord
 .text.MP3FindFreeSync
                0x00000000080104c4       0xa0 ./Mp3Helix/mp3dec.o
 .text.MP3GetLastFrameInfo
                0x0000000008010564       0xc0 ./Mp3Helix/mp3dec.o
                0x0000000008010564                MP3GetLastFrameInfo
 .text.MP3GetNextFrameInfo
                0x0000000008010624       0x4e ./Mp3Helix/mp3dec.o
                0x0000000008010624                MP3GetNextFrameInfo
 .text.MP3ClearBadFrame
                0x0000000008010672       0x56 ./Mp3Helix/mp3dec.o
 .text.MP3Decode
                0x00000000080106c8      0x430 ./Mp3Helix/mp3dec.o
                0x00000000080106c8                MP3Decode
 .text.xmp3_SetBitstreamPointer
                0x0000000008010af8       0x30 ./Mp3Helix/real/bitstream.o
                0x0000000008010af8                xmp3_SetBitstreamPointer
 .text.RefillBitstreamCache
                0x0000000008010b28       0xe2 ./Mp3Helix/real/bitstream.o
 .text.xmp3_GetBits
                0x0000000008010c0a       0x90 ./Mp3Helix/real/bitstream.o
                0x0000000008010c0a                xmp3_GetBits
 .text.xmp3_CalcBitsUsed
                0x0000000008010c9a       0x38 ./Mp3Helix/real/bitstream.o
                0x0000000008010c9a                xmp3_CalcBitsUsed
 .text.xmp3_CheckPadBit
                0x0000000008010cd2       0x3c ./Mp3Helix/real/bitstream.o
                0x0000000008010cd2                xmp3_CheckPadBit
 *fill*         0x0000000008010d0e        0x2 
 .text.xmp3_UnpackFrameHeader
                0x0000000008010d10      0x304 ./Mp3Helix/real/bitstream.o
                0x0000000008010d10                xmp3_UnpackFrameHeader
 .text.xmp3_UnpackSideInfo
                0x0000000008011014      0x33c ./Mp3Helix/real/bitstream.o
                0x0000000008011014                xmp3_UnpackSideInfo
 .text.ClearBuffer
                0x0000000008011350       0x38 ./Mp3Helix/real/buffers.o
 .text.xmp3_AllocateBuffers
                0x0000000008011388      0x114 ./Mp3Helix/real/buffers.o
                0x0000000008011388                xmp3_AllocateBuffers
 .text.xmp3_FreeBuffers
                0x000000000801149c       0xd0 ./Mp3Helix/real/buffers.o
                0x000000000801149c                xmp3_FreeBuffers
 .text.MULSHIFT32
                0x000000000801156c       0x24 ./Mp3Helix/real/dct32.o
 .text.xmp3_FDCT32
                0x0000000008011590      0xe4c ./Mp3Helix/real/dct32.o
                0x0000000008011590                xmp3_FDCT32
 .text.CLZ      0x00000000080123dc       0x38 ./Mp3Helix/real/dequant.o
 .text.xmp3_Dequantize
                0x0000000008012414      0x390 ./Mp3Helix/real/dequant.o
                0x0000000008012414                xmp3_Dequantize
 .text.MULSHIFT32
                0x00000000080127a4       0x24 ./Mp3Helix/real/dqchan.o
 .text.CLZ      0x00000000080127c8       0x38 ./Mp3Helix/real/dqchan.o
 .text.DequantBlock
                0x0000000008012800      0x264 ./Mp3Helix/real/dqchan.o
 .text.xmp3_DequantChannel
                0x0000000008012a64      0x358 ./Mp3Helix/real/dqchan.o
                0x0000000008012a64                xmp3_DequantChannel
 .text.DecodeHuffmanPairs
                0x0000000008012dbc      0x5d8 ./Mp3Helix/real/huffman.o
 .text.DecodeHuffmanQuads
                0x0000000008013394      0x27c ./Mp3Helix/real/huffman.o
 .text.xmp3_DecodeHuffman
                0x0000000008013610      0x2d0 ./Mp3Helix/real/huffman.o
                0x0000000008013610                xmp3_DecodeHuffman
 .text.MULSHIFT32
                0x00000000080138e0       0x24 ./Mp3Helix/real/imdct.o
 .text.FASTABS  0x0000000008013904       0x24 ./Mp3Helix/real/imdct.o
 .text.CLZ      0x0000000008013928       0x38 ./Mp3Helix/real/imdct.o
 .text.AntiAlias
                0x0000000008013960      0x348 ./Mp3Helix/real/imdct.o
 .text.WinPrevious
                0x0000000008013ca8      0x2b4 ./Mp3Helix/real/imdct.o
 .text.FreqInvertRescale
                0x0000000008013f5c      0x34a ./Mp3Helix/real/imdct.o
 *fill*         0x00000000080142a6        0x2 
 .text.idct9    0x00000000080142a8      0x2dc ./Mp3Helix/real/imdct.o
 .text.IMDCT36  0x0000000008014584      0x45c ./Mp3Helix/real/imdct.o
 .text.imdct12  0x00000000080149e0      0x198 ./Mp3Helix/real/imdct.o
 .text.IMDCT12x3
                0x0000000008014b78      0x408 ./Mp3Helix/real/imdct.o
 .text.HybridTransform
                0x0000000008014f80      0x23a ./Mp3Helix/real/imdct.o
 *fill*         0x00000000080151ba        0x2 
 .text.xmp3_IMDCT
                0x00000000080151bc      0x2b8 ./Mp3Helix/real/imdct.o
                0x00000000080151bc                xmp3_IMDCT
 .text.UnpackSFMPEG1
                0x0000000008015474      0x308 ./Mp3Helix/real/scalfact.o
 .text.UnpackSFMPEG2
                0x000000000801577c      0x48c ./Mp3Helix/real/scalfact.o
 .text.xmp3_UnpackScaleFactors
                0x0000000008015c08      0x1b4 ./Mp3Helix/real/scalfact.o
                0x0000000008015c08                xmp3_UnpackScaleFactors
 .text.MULSHIFT32
                0x0000000008015dbc       0x24 ./Mp3Helix/real/stproc.o
 .text.FASTABS  0x0000000008015de0       0x24 ./Mp3Helix/real/stproc.o
 .text.xmp3_MidSideProc
                0x0000000008015e04       0xb4 ./Mp3Helix/real/stproc.o
                0x0000000008015e04                xmp3_MidSideProc
 .text.xmp3_IntensityProcMPEG1
                0x0000000008015eb8      0x3fc ./Mp3Helix/real/stproc.o
                0x0000000008015eb8                xmp3_IntensityProcMPEG1
 .text.xmp3_IntensityProcMPEG2
                0x00000000080162b4      0x4dc ./Mp3Helix/real/stproc.o
                0x00000000080162b4                xmp3_IntensityProcMPEG2
 .text.xmp3_Subband
                0x0000000008016790      0x1ac ./Mp3Helix/real/subband.o
                0x0000000008016790                xmp3_Subband
 .text.__errno  0x000000000801693c        0xc c:/st/stm32cubeide_1.8.0/stm32cubeide/plugins/com.st.stm32cube.ide.mcu.externaltools.gnu-tools-for-stm32.10.3-2021.10.win32_1.0.0.202111181127/tools/bin/../lib/gcc/arm-none-eabi/10.3.1/../../../../arm-none-eabi/lib/thumb/v7e-m+fp/hard\libc_nano.a(lib_a-errno.o)
                0x000000000801693c                __errno
 .text.__libc_init_array
                0x0000000008016948       0x48 c:/st/stm32cubeide_1.8.0/stm32cubeide/plugins/com.st.stm32cube.ide.mcu.externaltools.gnu-tools-for-stm32.10.3-2021.10.win32_1.0.0.202111181127/tools/bin/../lib/gcc/arm-none-eabi/10.3.1/../../../../arm-none-eabi/lib/thumb/v7e-m+fp/hard\libc_nano.a(lib_a-init.o)
                0x0000000008016948                __libc_init_array
 .text.memcpy   0x0000000008016990       0x1c c:/st/stm32cubeide_1.8.0/stm32cubeide/plugins/com.st.stm32cube.ide.mcu.externaltools.gnu-tools-for-stm32.10.3-2021.10.win32_1.0.0.202111181127/tools/bin/../lib/gcc/arm-none-eabi/10.3.1/../../../../arm-none-eabi/lib/thumb/v7e-m+fp/hard\libc_nano.a(lib_a-memcpy-stub.o)
                0x0000000008016990                memcpy
 .text.memmove  0x00000000080169ac       0x34 c:/st/stm32cubeide_1.8.0/stm32cubeide/plugins/com.st.stm32cube.ide.mcu.externaltools.gnu-tools-for-stm32.10.3-2021.10.win32_1.0.0.202111181127/tools/bin/../lib/gcc/arm-none-eabi/10.3.1/../../../../arm-none-eabi/lib/thumb/v7e-m+fp/hard\libc_nano.a(lib_a-memmove.o)
                0x00000000080169ac                memmove
 .text.memset   0x00000000080169e0       0x10 c:/st/stm32cubeide_1.8.0/stm32cubeide/plugins/com.st.stm32cube.ide.mcu.externaltools.gnu-tools-for-stm32.10.3-2021.10.win32_1.0.0.202111181127/tools/bin/../lib/gcc/arm-none-eabi/10.3.1/../../../../arm-none-eabi/lib/thumb/v7e-m+fp/hard\libc_nano.a(lib_a-memset.o)
                0x00000000080169e0                memset
 .text.sprintf  0x00000000080169f0       0x40 c:/st/stm32cubeide_1.8.0/stm32cubeide/plugins/com.st.stm32cube.ide.mcu.externaltools.gnu-tools-for-stm32.10.3-2021.10.win32_1.0.0.202111181127/tools/bin/../lib/gcc/arm-none-eabi/10.3.1/../../../../arm-none-eabi/lib/thumb/v7e-m+fp/hard\libc_nano.a(lib_a-sprintf.o)
                0x00000000080169f0                siprintf
                0x00000000080169f0                sprintf
 .text.__ssputs_r
                0x0000000008016a30       0xb6 c:/st/stm32cubeide_1.8.0/stm32cubeide/plugins/com.st.stm32cube.ide.mcu.externaltools.gnu-tools-for-stm32.10.3-2021.10.win32_1.0.0.202111181127/tools/bin/../lib/gcc/arm-none-eabi/10.3.1/../../../../arm-none-eabi/lib/thumb/v7e-m+fp/hard\libc_nano.a(lib_a-nano-svfprintf.o)
                0x0000000008016a30                __ssputs_r
 *fill*         0x0000000008016ae6        0x2 
 .text._svfprintf_r
                0x0000000008016ae8      0x200 c:/st/stm32cubeide_1.8.0/stm32cubeide/plugins/com.st.stm32cube.ide.mcu.externaltools.gnu-tools-for-stm32.10.3-2021.10.win32_1.0.0.202111181127/tools/bin/../lib/gcc/arm-none-eabi/10.3.1/../../../../arm-none-eabi/lib/thumb/v7e-m+fp/hard\libc_nano.a(lib_a-nano-svfprintf.o)
                0x0000000008016ae8                _svfiprintf_r
                0x0000000008016ae8                _svfprintf_r
 .text._printf_common
                0x0000000008016ce8       0xda c:/st/stm32cubeide_1.8.0/stm32cubeide/plugins/com.st.stm32cube.ide.mcu.externaltools.gnu-tools-for-stm32.10.3-2021.10.win32_1.0.0.202111181127/tools/bin/../lib/gcc/arm-none-eabi/10.3.1/../../../../arm-none-eabi/lib/thumb/v7e-m+fp/hard\libc_nano.a(lib_a-nano-vfprintf_i.o)
                0x0000000008016ce8                _printf_common
 *fill*         0x0000000008016dc2        0x2 
 .text._printf_i
                0x0000000008016dc4      0x24c c:/st/stm32cubeide_1.8.0/stm32cubeide/plugins/com.st.stm32cube.ide.mcu.externaltools.gnu-tools-for-stm32.10.3-2021.10.win32_1.0.0.202111181127/tools/bin/../lib/gcc/arm-none-eabi/10.3.1/../../../../arm-none-eabi/lib/thumb/v7e-m+fp/hard\libc_nano.a(lib_a-nano-vfprintf_i.o)
                0x0000000008016dc4                _printf_i
 .text._free_r  0x0000000008017010       0x98 c:/st/stm32cubeide_1.8.0/stm32cubeide/plugins/com.st.stm32cube.ide.mcu.externaltools.gnu-tools-for-stm32.10.3-2021.10.win32_1.0.0.202111181127/tools/bin/../lib/gcc/arm-none-eabi/10.3.1/../../../../arm-none-eabi/lib/thumb/v7e-m+fp/hard\libc_nano.a(lib_a-nano-freer.o)
                0x0000000008017010                _free_r
 .text.sbrk_aligned
                0x00000000080170a8       0x40 c:/st/stm32cubeide_1.8.0/stm32cubeide/plugins/com.st.stm32cube.ide.mcu.externaltools.gnu-tools-for-stm32.10.3-2021.10.win32_1.0.0.202111181127/tools/bin/../lib/gcc/arm-none-eabi/10.3.1/../../../../arm-none-eabi/lib/thumb/v7e-m+fp/hard\libc_nano.a(lib_a-nano-mallocr.o)
 .text._malloc_r
                0x00000000080170e8       0xe8 c:/st/stm32cubeide_1.8.0/stm32cubeide/plugins/com.st.stm32cube.ide.mcu.externaltools.gnu-tools-for-stm32.10.3-2021.10.win32_1.0.0.202111181127/tools/bin/../lib/gcc/arm-none-eabi/10.3.1/../../../../arm-none-eabi/lib/thumb/v7e-m+fp/hard\libc_nano.a(lib_a-nano-mallocr.o)
                0x00000000080170e8                _malloc_r
 .text._realloc_r
                0x00000000080171d0       0x5e c:/st/stm32cubeide_1.8.0/stm32cubeide/plugins/com.st.stm32cube.ide.mcu.externaltools.gnu-tools-for-stm32.10.3-2021.10.win32_1.0.0.202111181127/tools/bin/../lib/gcc/arm-none-eabi/10.3.1/../../../../arm-none-eabi/lib/thumb/v7e-m+fp/hard\libc_nano.a(lib_a-nano-reallocr.o)
                0x00000000080171d0                _realloc_r
 *fill*         0x000000000801722e        0x2 
 .text._sbrk_r  0x0000000008017230       0x20 c:/st/stm32cubeide_1.8.0/stm32cubeide/plugins/com.st.stm32cube.ide.mcu.externaltools.gnu-tools-for-stm32.10.3-2021.10.win32_1.0.0.202111181127/tools/bin/../lib/gcc/arm-none-eabi/10.3.1/../../../../arm-none-eabi/lib/thumb/v7e-m+fp/hard\libc_nano.a(lib_a-sbrkr.o)
                0x0000000008017230                _sbrk_r
 .text.__malloc_lock
                0x0000000008017250        0xc c:/st/stm32cubeide_1.8.0/stm32cubeide/plugins/com.st.stm32cube.ide.mcu.externaltools.gnu-tools-for-stm32.10.3-2021.10.win32_1.0.0.202111181127/tools/bin/../lib/gcc/arm-none-eabi/10.3.1/../../../../arm-none-eabi/lib/thumb/v7e-m+fp/hard\libc_nano.a(lib_a-mlock.o)
                0x0000000008017250                __malloc_lock
 .text.__malloc_unlock
                0x000000000801725c        0xc c:/st/stm32cubeide_1.8.0/stm32cubeide/plugins/com.st.stm32cube.ide.mcu.externaltools.gnu-tools-for-stm32.10.3-2021.10.win32_1.0.0.202111181127/tools/bin/../lib/gcc/arm-none-eabi/10.3.1/../../../../arm-none-eabi/lib/thumb/v7e-m+fp/hard\libc_nano.a(lib_a-mlock.o)
                0x000000000801725c                __malloc_unlock
 .text._malloc_usable_size_r
                0x0000000008017268       0x10 c:/st/stm32cubeide_1.8.0/stm32cubeide/plugins/com.st.stm32cube.ide.mcu.externaltools.gnu-tools-for-stm32.10.3-2021.10.win32_1.0.0.202111181127/tools/bin/../lib/gcc/arm-none-eabi/10.3.1/../../../../arm-none-eabi/lib/thumb/v7e-m+fp/hard\libc_nano.a(lib_a-nano-msizer.o)
                0x0000000008017268                _malloc_usable_size_r
 .text.__retarget_lock_acquire_recursive
                0x0000000008017278        0x2 c:/st/stm32cubeide_1.8.0/stm32cubeide/plugins/com.st.stm32cube.ide.mcu.externaltools.gnu-tools-for-stm32.10.3-2021.10.win32_1.0.0.202111181127/tools/bin/../lib/gcc/arm-none-eabi/10.3.1/../../../../arm-none-eabi/lib/thumb/v7e-m+fp/hard\libc_nano.a(lib_a-lock.o)
                0x0000000008017278                __retarget_lock_acquire_recursive
 .text.__retarget_lock_release_recursive
                0x000000000801727a        0x2 c:/st/stm32cubeide_1.8.0/stm32cubeide/plugins/com.st.stm32cube.ide.mcu.externaltools.gnu-tools-for-stm32.10.3-2021.10.win32_1.0.0.202111181127/tools/bin/../lib/gcc/arm-none-eabi/10.3.1/../../../../arm-none-eabi/lib/thumb/v7e-m+fp/hard\libc_nano.a(lib_a-lock.o)
                0x000000000801727a                __retarget_lock_release_recursive
 *(.glue_7)
 .glue_7        0x000000000801727c        0x0 linker stubs
 *(.glue_7t)
 .glue_7t       0x000000000801727c        0x0 linker stubs
 *(.eh_frame)
 .eh_frame      0x000000000801727c        0x0 c:/st/stm32cubeide_1.8.0/stm32cubeide/plugins/com.st.stm32cube.ide.mcu.externaltools.gnu-tools-for-stm32.10.3-2021.10.win32_1.0.0.202111181127/tools/bin/../lib/gcc/arm-none-eabi/10.3.1/thumb/v7e-m+fp/hard/crtbegin.o
 *(.init)
 .init          0x000000000801727c        0x4 c:/st/stm32cubeide_1.8.0/stm32cubeide/plugins/com.st.stm32cube.ide.mcu.externaltools.gnu-tools-for-stm32.10.3-2021.10.win32_1.0.0.202111181127/tools/bin/../lib/gcc/arm-none-eabi/10.3.1/thumb/v7e-m+fp/hard/crti.o
                0x000000000801727c                _init
 .init          0x0000000008017280        0x8 c:/st/stm32cubeide_1.8.0/stm32cubeide/plugins/com.st.stm32cube.ide.mcu.externaltools.gnu-tools-for-stm32.10.3-2021.10.win32_1.0.0.202111181127/tools/bin/../lib/gcc/arm-none-eabi/10.3.1/thumb/v7e-m+fp/hard/crtn.o
 *(.fini)
 .fini          0x0000000008017288        0x4 c:/st/stm32cubeide_1.8.0/stm32cubeide/plugins/com.st.stm32cube.ide.mcu.externaltools.gnu-tools-for-stm32.10.3-2021.10.win32_1.0.0.202111181127/tools/bin/../lib/gcc/arm-none-eabi/10.3.1/thumb/v7e-m+fp/hard/crti.o
                0x0000000008017288                _fini
 .fini          0x000000000801728c        0x8 c:/st/stm32cubeide_1.8.0/stm32cubeide/plugins/com.st.stm32cube.ide.mcu.externaltools.gnu-tools-for-stm32.10.3-2021.10.win32_1.0.0.202111181127/tools/bin/../lib/gcc/arm-none-eabi/10.3.1/thumb/v7e-m+fp/hard/crtn.o
                0x0000000008017294                . = ALIGN (0x4)
                0x0000000008017294                _etext = .

.vfp11_veneer   0x0000000008017294        0x0
 .vfp11_veneer  0x0000000008017294        0x0 linker stubs

.v4_bx          0x0000000008017294        0x0
 .v4_bx         0x0000000008017294        0x0 linker stubs

.iplt           0x0000000008017294        0x0
 .iplt          0x0000000008017294        0x0 c:/st/stm32cubeide_1.8.0/stm32cubeide/plugins/com.st.stm32cube.ide.mcu.externaltools.gnu-tools-for-stm32.10.3-2021.10.win32_1.0.0.202111181127/tools/bin/../lib/gcc/arm-none-eabi/10.3.1/thumb/v7e-m+fp/hard/crtbegin.o

.rodata         0x0000000008017294     0x395c
                0x0000000008017294                . = ALIGN (0x4)
 *(.rodata)
 .rodata        0x0000000008017294       0x5d ./Core/Src/main.o
 *fill*         0x00000000080172f1        0x3 
 .rodata        0x00000000080172f4       0x48 ./Middlewares/Third_Party/FatFs/src/ff.o
 .rodata        0x000000000801733c        0x5 ./Middlewares/Third_Party/FreeRTOS/Source/tasks.o
 *fill*         0x0000000008017341        0x3 
 .rodata        0x0000000008017344        0xd ./Middlewares/Third_Party/FreeRTOS/Source/timers.o
 *(.rodata*)
 *fill*         0x0000000008017351        0x3 
 .rodata.taskComm_attributes
                0x0000000008017354       0x24 ./Core/Src/main.o
                0x0000000008017354                taskComm_attributes
 .rodata.AHBPrescTable
                0x0000000008017378       0x10 ./Core/Src/system_stm32f7xx.o
                0x0000000008017378                AHBPrescTable
 .rodata.APBPrescTable
                0x0000000008017388        0x8 ./Core/Src/system_stm32f7xx.o
                0x0000000008017388                APBPrescTable
 .rodata.flagBitshiftOffset.0
                0x0000000008017390        0x8 ./Drivers/STM32F7xx_HAL_Driver/Src/stm32f7xx_hal_dma.o
 .rodata.SD_Driver
                0x0000000008017398       0x14 ./FATFS/Target/sd_diskio.o
                0x0000000008017398                SD_Driver
 .rodata.ExCvt  0x00000000080173ac       0x80 ./Middlewares/Third_Party/FatFs/src/ff.o
 .rodata.LfnOfs
                0x000000000801742c        0xd ./Middlewares/Third_Party/FatFs/src/ff.o
 *fill*         0x0000000008017439        0x3 
 .rodata.Tbl    0x000000000801743c      0x100 ./Middlewares/Third_Party/FatFs/src/option/ccsbcs.o
 .rodata.cvt1.1
                0x000000000801753c      0x1f2 ./Middlewares/Third_Party/FatFs/src/option/ccsbcs.o
 *fill*         0x000000000801772e        0x2 
 .rodata.cvt2.0
                0x0000000008017730       0xbc ./Middlewares/Third_Party/FatFs/src/option/ccsbcs.o
 .rodata.xmp3_samplerateTab
                0x00000000080177ec       0x24 ./Mp3Helix/mp3tabs.o
                0x00000000080177ec                xmp3_samplerateTab
 .rodata.xmp3_bitrateTab
                0x0000000008017810      0x10e ./Mp3Helix/mp3tabs.o
                0x0000000008017810                xmp3_bitrateTab
 *fill*         0x000000000801791e        0x2 
 .rodata.xmp3_samplesPerFrameTab
                0x0000000008017920       0x12 ./Mp3Helix/mp3tabs.o
                0x0000000008017920                xmp3_samplesPerFrameTab
 *fill*         0x0000000008017932        0x2 
 .rodata.xmp3_sideBytesTab
                0x0000000008017934        0xc ./Mp3Helix/mp3tabs.o
                0x0000000008017934                xmp3_sideBytesTab
 .rodata.xmp3_slotTab
                0x0000000008017940      0x10e ./Mp3Helix/mp3tabs.o
                0x0000000008017940                xmp3_slotTab
 *fill*         0x0000000008017a4e        0x2 
 .rodata.xmp3_sfBandTable
                0x0000000008017a50      0x29a ./Mp3Helix/mp3tabs.o
                0x0000000008017a50                xmp3_sfBandTable
 *fill*         0x0000000008017cea        0x2 
 .rodata.dcttab
                0x0000000008017cec       0xc0 ./Mp3Helix/real/dct32.o
 .rodata.preTab
                0x0000000008017dac       0x16 ./Mp3Helix/real/dqchan.o
 *fill*         0x0000000008017dc2        0x2 
 .rodata.pow14  0x0000000008017dc4       0x10 ./Mp3Helix/real/dqchan.o
 .rodata.pow43_14
                0x0000000008017dd4      0x100 ./Mp3Helix/real/dqchan.o
 .rodata.pow43  0x0000000008017ed4       0xc0 ./Mp3Helix/real/dqchan.o
 .rodata.poly43lo
                0x0000000008017f94       0x14 ./Mp3Helix/real/dqchan.o
 .rodata.poly43hi