Archive member included to satisfy reference by file (symbol)

c:/st/stm32cubeide_1.8.0/stm32cubeide/plugins/com.st.stm32cube.ide.mcu.externaltools.gnu-tools-for-stm32.10.3-2021.10.win32_1.0.0.202111181127/tools/bin/../lib/gcc/arm-none-eabi/10.3.1/../../../../arm-none-eabi/lib/thumb/v7e-m+fp/hard\libc_nano.a(lib_a-errno.o)
                              ./Core/Src/syscalls.o (__errno)
c:/st/stm32cubeide_1.8.0/stm32cubeide/plugins/com.st.stm32cube.ide.mcu.externaltools.gnu-tools-for-stm32.10.3-2021.10.win32_1.0.0.202111181127/tools/bin/../lib/gcc/arm-none-eabi/10.3.1/../../../../arm-none-eabi/lib/thumb/v7e-m+fp/hard\libc_nano.a(lib_a-exit.o)
                              c:/st/stm32cubeide_1.8.0/stm32cubeide/plugins/com.st.stm32cube.ide.mcu.externaltools.gnu-tools-for-stm32.10.3-2021.10.win32_1.0.0.202111181127/tools/bin/../lib/gcc/arm-none-eabi/10.3.1/../../../../arm-none-eabi/lib/thumb/v7e-m+fp/hard/crt0.o (exit)
c:/st/stm32cubeide_1.8.0/stm32cubeide/plugins/com.st.stm32cube.ide.mcu.externaltools.gnu-tools-for-stm32.10.3-2021.10.win32_1.0.0.202111181127/tools/bin/../lib/gcc/arm-none-eabi/10.3.1/../../../../arm-none-eabi/lib/thumb/v7e-m+fp/hard\libc_nano.a(lib_a-impure.o)
                              c:/st/stm32cubeide_1.8.0/stm32cubeide/plugins/com.st.stm32cube.ide.mcu.externaltools.gnu-tools-for-stm32.10.3-2021.10.win32_1.0.0.202111181127/tools/bin/../lib/gcc/arm-none-eabi/10.3.1/../../../../arm-none-eabi/lib/thumb/v7e-m+fp/hard\libc_nano.a(lib_a-exit.o) (_global_impure_ptr)
c:/st/stm32cubeide_1.8.0/stm32cubeide/plugins/com.st.stm32cube.ide.mcu.externaltools.gnu-tools-for-stm32.10.3-2021.10.win32_1.0.0.202111181127/tools/bin/../lib/gcc/arm-none-eabi/10.3.1/../../../../arm-none-eabi/lib/thumb/v7e-m+fp/hard\libc_nano.a(lib_a-init.o)
                              c:/st/stm32cubeide_1.8.0/stm32cubeide/plugins/com.st.stm32cube.ide.mcu.externaltools.gnu-tools-for-stm32.10.3-2021.10.win32_1.0.0.202111181127/tools/bin/../lib/gcc/arm-none-eabi/10.3.1/../../../../arm-none-eabi/lib/thumb/v7e-m+fp/hard/crt0.o (__libc_init_array)
c:/st/stm32cubeide_1.8.0/stm32cubeide/plugins/com.st.stm32cube.ide.mcu.externaltools.gnu-tools-for-stm32.10.3-2021.10.win32_1.0.0.202111181127/tools/bin/../lib/gcc/arm-none-eabi/10.3.1/../../../../arm-none-eabi/lib/thumb/v7e-m+fp/hard\libc_nano.a(lib_a-memcpy-stub.o)
                              ./Middlewares/Third_Party/FreeRTOS/Source/CMSIS_RTOS_V2/cmsis_os2.o (memcpy)
c:/st/stm32cubeide_1.8.0/stm32cubeide/plugins/com.st.stm32cube.ide.mcu.externaltools.gnu-tools-for-stm32.10.3-2021.10.win32_1.0.0.202111181127/tools/bin/../lib/gcc/arm-none-eabi/10.3.1/../../../../arm-none-eabi/lib/thumb/v7e-m+fp/hard\libc_nano.a(lib_a-memmove.o)
                              ./Mp3Helix/mp3dec.o (memmove)
c:/st/stm32cubeide_1.8.0/stm32cubeide/plugins/com.st.stm32cube.ide.mcu.externaltools.gnu-tools-for-stm32.10.3-2021.10.win32_1.0.0.202111181127/tools/bin/../lib/gcc/arm-none-eabi/10.3.1/../../../../arm-none-eabi/lib/thumb/v7e-m+fp/hard\libc_nano.a(lib_a-memset.o)
                              c:/st/stm32cubeide_1.8.0/stm32cubeide/plugins/com.st.stm32cube.ide.mcu.externaltools.gnu-tools-for-stm32.10.3-2021.10.win32_1.0.0.202111181127/tools/bin/../lib/gcc/arm-none-eabi/10.3.1/../../../../arm-none-eabi/lib/thumb/v7e-m+fp/hard/crt0.o (memset)
c:/st/stm32cubeide_1.8.0/stm32cubeide/plugins/com.st.stm32cube.ide.mcu.externaltools.gnu-tools-for-stm32.10.3-2021.10.win32_1.0.0.202111181127/tools/bin/../lib/gcc/arm-none-eabi/10.3.1/../../../../arm-none-eabi/lib/thumb/v7e-m+fp/hard\libc_nano.a(lib_a-nano-vfprintf_float.o)
                              (_printf_float)
c:/st/stm32cubeide_1.8.0/stm32cubeide/plugins/com.st.stm32cube.ide.mcu.externaltools.gnu-tools-for-stm32.10.3-2021.10.win32_1.0.0.202111181127/tools/bin/../lib/gcc/arm-none-eabi/10.3.1/../../../../arm-none-eabi/lib/thumb/v7e-m+fp/hard\libc_nano.a(lib_a-nano-vfprintf_i.o)
                              c:/st/stm32cubeide_1.8.0/stm32cubeide/plugins/com.st.stm32cube.ide.mcu.externaltools.gnu-tools-for-stm32.10.3-2021.10.win32_1.0.0.202111181127/tools/bin/../lib/gcc/arm-none-eabi/10.3.1/../../../../arm-none-eabi/lib/thumb/v7e-m+fp/hard\libc_nano.a(lib_a-nano-vfprintf_float.o) (_printf_common)
c:/st/stm32cubeide_1.8.0/stm32cubeide/plugins/com.st.stm32cube.ide.mcu.externaltools.gnu-tools-for-stm32.10.3-2021.10.win32_1.0.0.202111181127/tools/bin/../lib/gcc/arm-none-eabi/10.3.1/../../../../arm-none-eabi/lib/thumb/v7e-m+fp/hard\libc_nano.a(lib_a-sprintf.o)
                              ./Core/Src/main.o (sprintf)
c:/st/stm32cubeide_1.8.0/stm32cubeide/plugins/com.st.stm32cube.ide.mcu.externaltools.gnu-tools-for-stm32.10.3-2021.10.win32_1.0.0.202111181127/tools/bin/../lib/gcc/arm-none-eabi/10.3.1/../../../../arm-none-eabi/lib/thumb/v7e-m+fp/hard\libc_nano.a(lib_a-sscanf.o)
                              ./Core/Src/main.o (sscanf)
[...]
Memory Configuration

Name             Origin             Length             Attributes
RAM              0x0000000020000000 0x0000000000050000 xrw
FLASH            0x0000000008000000 0x0000000000100000 xr
*default*        0x0000000000000000 0xffffffffffffffff

Linker script and memory map

LOAD c:/st/stm32cubeide_1.8.0/stm32cubeide/plugins/com.st.stm32cube.ide.mcu.externaltools.gnu-tools-for-stm32.10.3-2021.10.win32_1.0.0.202111181127/tools/bin/../lib/gcc/arm-none-eabi/10.3.1/thumb/v7e-m+fp/hard/crti.o
LOAD c:/st/stm32cubeide_1.8.0/stm32cubeide/plugins/com.st.stm32cube.ide.mcu.externaltools.gnu-tools-for-stm32.10.3-2021.10.win32_1.0.0.202111181127/tools/bin/../lib/gcc/arm-none-eabi/10.3.1/thumb/v7e-m+fp/hard/crtbegin.o
LOAD c:/st/stm32cubeide_1.8.0/stm32cubeide/plugins/com.st.stm32cube.ide.mcu.externaltools.gnu-tools-for-stm32.10.3-2021.10.win32_1.0.0.202111181127/tools/bin/../lib/gcc/arm-none-eabi/10.3.1/../../../../arm-none-eabi/lib/thumb/v7e-m+fp/hard/crt0.o
LOAD ./Core/Src/freertos.o
LOAD ./Core/Src/main.o
LOAD ./Core/Src/stm32f7xx_hal_msp.o
LOAD ./Core/Src/stm32f7xx_it.o
LOAD ./Core/Src/syscalls.o
LOAD ./Core/Src/sysmem.o
LOAD ./Core/Src/system_stm32f7xx.o
LOAD ./Core/Startup/startup_stm32f746vgtx.o
LOAD ./Drivers/STM32F7xx_HAL_Driver/Src/stm32f7xx_hal.o
LOAD ./Drivers/STM32F7xx_HAL_Driver/Src/stm32f7xx_hal_cortex.o
LOAD ./Drivers/STM32F7xx_HAL_Driver/Src/stm32f7xx_hal_dma.o
LOAD ./Drivers/STM32F7xx_HAL_Driver/Src/stm32f7xx_hal_dma_ex.o
LOAD ./Drivers/STM32F7xx_HAL_Driver/Src/stm32f7xx_hal_exti.o
LOAD ./Drivers/STM32F7xx_HAL_Driver/Src/stm32f7xx_hal_flash.o
LOAD ./Drivers/STM32F7xx_HAL_Driver/Src/stm32f7xx_hal_flash_ex.o
LOAD ./Drivers/STM32F7xx_HAL_Driver/Src/stm32f7xx_hal_gpio.o
LOAD ./Drivers/STM32F7xx_HAL_Driver/Src/stm32f7xx_hal_i2c.o
LOAD ./Drivers/STM32F7xx_HAL_Driver/Src/stm32f7xx_hal_i2c_ex.o
LOAD ./Drivers/STM32F7xx_HAL_Driver/Src/stm32f7xx_hal_iwdg.o
LOAD ./Drivers/STM32F7xx_HAL_Driver/Src/stm32f7xx_hal_pwr.o
LOAD ./Drivers/STM32F7xx_HAL_Driver/Src/stm32f7xx_hal_pwr_ex.o
LOAD ./Drivers/STM32F7xx_HAL_Driver/Src/stm32f7xx_hal_rcc.o
LOAD ./Drivers/STM32F7xx_HAL_Driver/Src/stm32f7xx_hal_rcc_ex.o
LOAD ./Drivers/STM32F7xx_HAL_Driver/Src/stm32f7xx_hal_sai.o
LOAD ./Drivers/STM32F7xx_HAL_Driver/Src/stm32f7xx_hal_sai_ex.o
LOAD ./Drivers/STM32F7xx_HAL_Driver/Src/stm32f7xx_hal_sd.o
LOAD ./Drivers/STM32F7xx_HAL_Driver/Src/stm32f7xx_hal_tim.o
LOAD ./Drivers/STM32F7xx_HAL_Driver/Src/stm32f7xx_hal_tim_ex.o
LOAD ./Drivers/STM32F7xx_HAL_Driver/Src/stm32f7xx_hal_uart.o
LOAD ./Drivers/STM32F7xx_HAL_Driver/Src/stm32f7xx_hal_uart_ex.o
LOAD ./Drivers/STM32F7xx_HAL_Driver/Src/stm32f7xx_ll_sdmmc.o
LOAD ./FATFS/App/fatfs.o
LOAD ./FATFS/Target/bsp_driver_sd.o
LOAD ./FATFS/Target/fatfs_platform.o
LOAD ./FATFS/Target/sd_diskio.o
LOAD ./Middlewares/Third_Party/FatFs/src/diskio.o
LOAD ./Middlewares/Third_Party/FatFs/src/ff.o
LOAD ./Middlewares/Third_Party/FatFs/src/ff_gen_drv.o
LOAD ./Middlewares/Third_Party/FatFs/src/option/ccsbcs.o
LOAD ./Middlewares/Third_Party/FatFs/src/option/syscall.o
LOAD ./Middlewares/Third_Party/FreeRTOS/Source/CMSIS_RTOS_V2/cmsis_os2.o
LOAD ./Middlewares/Third_Party/FreeRTOS/Source/croutine.o
LOAD ./Middlewares/Third_Party/FreeRTOS/Source/event_groups.o
LOAD ./Middlewares/Third_Party/FreeRTOS/Source/list.o
LOAD ./Middlewares/Third_Party/FreeRTOS/Source/queue.o
LOAD ./Middlewares/Third_Party/FreeRTOS/Source/stream_buffer.o
LOAD ./Middlewares/Third_Party/FreeRTOS/Source/tasks.o
LOAD ./Middlewares/Third_Party/FreeRTOS/Source/timers.o
LOAD ./Middlewares/Third_Party/FreeRTOS/Source/portable/GCC/ARM_CM7/r0p1/port.o
LOAD ./Middlewares/Third_Party/FreeRTOS/Source/portable/MemMang/heap_4.o
LOAD ./Mp3Helix/mp3dec.o
LOAD ./Mp3Helix/mp3tabs.o
LOAD ./Mp3Helix/real/arm/asmpoly_thumb2.o
LOAD ./Mp3Helix/real/bitstream.o
LOAD ./Mp3Helix/real/buffers.o
LOAD ./Mp3Helix/real/dct32.o
LOAD ./Mp3Helix/real/dequant.o
LOAD ./Mp3Helix/real/dqchan.o
LOAD ./Mp3Helix/real/huffman.o
LOAD ./Mp3Helix/real/hufftabs.o
LOAD ./Mp3Helix/real/imdct.o
LOAD ./Mp3Helix/real/scalfact.o
LOAD ./Mp3Helix/real/stproc.o
LOAD ./Mp3Helix/real/subband.o
LOAD ./Mp3Helix/real/trigtabs.o
START GROUP
LOAD c:/st/stm32cubeide_1.8.0/stm32cubeide/plugins/com.st.stm32cube.ide.mcu.externaltools.gnu-tools-for-stm32.10.3-2021.10.win32_1.0.0.202111181127/tools/bin/../lib/gcc/arm-none-eabi/10.3.1/../../../../arm-none-eabi/lib/thumb/v7e-m+fp/hard\libc_nano.a
LOAD c:/st/stm32cubeide_1.8.0/stm32cubeide/plugins/com.st.stm32cube.ide.mcu.externaltools.gnu-tools-for-stm32.10.3-2021.10.win32_1.0.0.202111181127/tools/bin/../lib/gcc/arm-none-eabi/10.3.1/../../../../arm-none-eabi/lib/thumb/v7e-m+fp/hard\libm.a
END GROUP
START GROUP
LOAD c:/st/stm32cubeide_1.8.0/stm32cubeide/plugins/com.st.stm32cube.ide.mcu.externaltools.gnu-tools-for-stm32.10.3-2021.10.win32_1.0.0.202111181127/tools/bin/../lib/gcc/arm-none-eabi/10.3.1/thumb/v7e-m+fp/hard\libgcc.a
LOAD c:/st/stm32cubeide_1.8.0/stm32cubeide/plugins/com.st.stm32cube.ide.mcu.externaltools.gnu-tools-for-stm32.10.3-2021.10.win32_1.0.0.202111181127/tools/bin/../lib/gcc/arm-none-eabi/10.3.1/../../../../arm-none-eabi/lib/thumb/v7e-m+fp/hard\libc_nano.a
END GROUP
START GROUP
LOAD c:/st/stm32cubeide_1.8.0/stm32cubeide/plugins/com.st.stm32cube.ide.mcu.externaltools.gnu-tools-for-stm32.10.3-2021.10.win32_1.0.0.202111181127/tools/bin/../lib/gcc/arm-none-eabi/10.3.1/thumb/v7e-m+fp/hard\libgcc.a
LOAD c:/st/stm32cubeide_1.8.0/stm32cubeide/plugins/com.st.stm32cube.ide.mcu.externaltools.gnu-tools-for-stm32.10.3-2021.10.win32_1.0.0.202111181127/tools/bin/../lib/gcc/arm-none-eabi/10.3.1/../../../../arm-none-eabi/lib/thumb/v7e-m+fp/hard\libc_nano.a
LOAD c:/st/stm32cubeide_1.8.0/stm32cubeide/plugins/com.st.stm32cube.ide.mcu.externaltools.gnu-tools-for-stm32.10.3-2021.10.win32_1.0.0.202111181127/tools/bin/../lib/gcc/arm-none-eabi/10.3.1/../../../../arm-none-eabi/lib/thumb/v7e-m+fp/hard\libnosys.a
END GROUP
START GROUP
LOAD c:/st/stm32cubeide_1.8.0/stm32cubeide/plugins/com.st.stm32cube.ide.mcu.externaltools.gnu-tools-for-stm32.10.3-2021.10.win32_1.0.0.202111181127/tools/bin/../lib/gcc/arm-none-eabi/10.3.1/thumb/v7e-m+fp/hard\libgcc.a
LOAD c:/st/stm32cubeide_1.8.0/stm32cubeide/plugins/com.st.stm32cube.ide.mcu.externaltools.gnu-tools-for-stm32.10.3-2021.10.win32_1.0.0.202111181127/tools/bin/../lib/gcc/arm-none-eabi/10.3.1/../../../../arm-none-eabi/lib/thumb/v7e-m+fp/hard\libc_nano.a
LOAD c:/st/stm32cubeide_1.8.0/stm32cubeide/plugins/com.st.stm32cube.ide.mcu.externaltools.gnu-tools-for-stm32.10.3-2021.10.win32_1.0.0.202111181127/tools/bin/../lib/gcc/arm-none-eabi/10.3.1/../../../../arm-none-eabi/lib/thumb/v7e-m+fp/hard\libnosys.a
END GROUP
LOAD c:/st/stm32cubeide_1.8.0/stm32cubeide/plugins/com.st.stm32cube.ide.mcu.externaltools.gnu-tools-for-stm32.10.3-2021.10.win32_1.0.0.202111181127/tools/bin/../lib/gcc/arm-none-eabi/10.3.1/thumb/v7e-m+fp/hard/crtend.o
LOAD c:/st/stm32cubeide_1.8.0/stm32cubeide/plugins/com.st.stm32cube.ide.mcu.externaltools.gnu-tools-for-stm32.10.3-2021.10.win32_1.0.0.202111181127/tools/bin/../lib/gcc/arm-none-eabi/10.3.1/thumb/v7e-m+fp/hard/crtn.o
                0x0000000020050000                _estack = (ORIGIN (RAM) + LENGTH (RAM))
                0x0000000000000200                _Min_Heap_Size = 0x200
                0x0000000000000a00                _Min_Stack_Size = 0xa00

.isr_vector     0x0000000008000000      0x1c8
                0x0000000008000000                . = ALIGN (0x4)
 *(.isr_vector)
 .isr_vector    0x0000000008000000      0x1c8 ./Core/Startup/startup_stm32f746vgtx.o
                0x0000000008000000                g_pfnVectors
                0x00000000080001c8                . = ALIGN (0x4)

.text           0x00000000080001d0    0x16784
                0x00000000080001d0                . = ALIGN (0x4)
 *(.text)
 .text          0x00000000080001d0       0x40 c:/st/stm32cubeide_1.8.0/stm32cubeide/plugins/com.st.stm32cube.ide.mcu.externaltools.gnu-tools-for-stm32.10.3-2021.10.win32_1.0.0.202111181127/tools/bin/../lib/gcc/arm-none-eabi/10.3.1/thumb/v7e-m+fp/hard/crtbegin.o
 .text          0x0000000008000210      0x796 ./Mp3Helix/real/arm/asmpoly_thumb2.o
                0x0000000008000210                xmp3_PolyphaseStereo
                0x00000000080006dc                xmp3_PolyphaseMono
 .text          0x00000000080009a6       0x14 c:/st/stm32cubeide_1.8.0/stm32cubeide/plugins/com.st.stm32cube.ide.mcu.externaltools.gnu-tools-for-stm32.10.3-2021.10.win32_1.0.0.202111181127/tools/bin/../lib/gcc/arm-none-eabi/10.3.1/../../../../arm-none-eabi/lib/thumb/v7e-m+fp/hard\libc_nano.a(lib_a-strcmp.o)
                0x00000000080009a6                strcmp
 .text          0x00000000080009ba       0x10 c:/st/stm32cubeide_1.8.0/stm32cubeide/plugins/com.st.stm32cube.ide.mcu.externaltools.gnu-tools-for-stm32.10.3-2021.10.win32_1.0.0.202111181127/tools/bin/../lib/gcc/arm-none-eabi/10.3.1/../../../../arm-none-eabi/lib/thumb/v7e-m+fp/hard\libc_nano.a(lib_a-strlen.o)
                0x00000000080009ba                strlen
 *fill*         0x00000000080009ca        0x6 
 .text          0x00000000080009d0       0xa0 c:/st/stm32cubeide_1.8.0/stm32cubeide/plugins/com.st.stm32cube.ide.mcu.externaltools.gnu-tools-for-stm32.10.3-2021.10.win32_1.0.0.202111181127/tools/bin/../lib/gcc/arm-none-eabi/10.3.1/../../../../arm-none-eabi/lib/thumb/v7e-m+fp/hard\libc_nano.a(lib_a-memchr.o)
                0x00000000080009d0                memchr
 .text          0x0000000008000a70      0x378 c:/st/stm32cubeide_1.8.0/stm32cubeide/plugins/com.st.stm32cube.ide.mcu.externaltools.gnu-tools-for-stm32.10.3-2021.10.win32_1.0.0.202111181127/tools/bin/../lib/gcc/arm-none-eabi/10.3.1/thumb/v7e-m+fp/hard\libgcc.a(_arm_addsubdf3.o)
                0x0000000008000a70                __aeabi_drsub
                0x0000000008000a78                __aeabi_dsub
                0x0000000008000a78                __subdf3
                0x0000000008000a7c                __aeabi_dadd
                0x0000000008000a7c                __adddf3
                0x0000000008000cf4                __floatunsidf
                0x0000000008000cf4                __aeabi_ui2d
                0x0000000008000d14                __floatsidf
                0x0000000008000d14                __aeabi_i2d
                0x0000000008000d38                __aeabi_f2d
                0x0000000008000d38                __extendsfdf2
                0x0000000008000d7c                __floatundidf
                0x0000000008000d7c                __aeabi_ul2d
                0x0000000008000d8c                __floatdidf
                0x0000000008000d8c                __aeabi_l2d
 .text          0x0000000008000de8      0x424 c:/st/stm32cubeide_1.8.0/stm32cubeide/plugins/com.st.stm32cube.ide.mcu.externaltools.gnu-tools-for-stm32.10.3-2021.10.win32_1.0.0.202111181127/tools/bin/../lib/gcc/arm-none-eabi/10.3.1/thumb/v7e-m+fp/hard\libgcc.a(_arm_muldivdf3.o)
                0x0000000008000de8                __aeabi_dmul
                0x0000000008000de8                __muldf3
                0x000000000800103c                __divdf3
                0x000000000800103c                __aeabi_ddiv
 .text          0x000000000800120c      0x110 c:/st/stm32cubeide_1.8.0/stm32cubeide/plugins/com.st.stm32cube.ide.mcu.externaltools.gnu-tools-for-stm32.10.3-2021.10.win32_1.0.0.202111181127/tools/bin/../lib/gcc/arm-none-eabi/10.3.1/thumb/v7e-m+fp/hard\libgcc.a(_arm_cmpdf2.o)
                0x000000000800120c                __gtdf2
                0x000000000800120c                __gedf2
                0x0000000008001214                __ltdf2
                0x0000000008001214                __ledf2
                0x000000000800121c                __nedf2
                0x000000000800121c                __eqdf2
                0x000000000800121c                __cmpdf2
                0x0000000008001298                __aeabi_cdrcmple
                0x00000000080012a8                __aeabi_cdcmpeq
                0x00000000080012a8                __aeabi_cdcmple
                0x00000000080012b8                __aeabi_dcmpeq
                0x00000000080012cc                __aeabi_dcmplt
                0x00000000080012e0                __aeabi_dcmple
                0x00000000080012f4                __aeabi_dcmpge
                0x0000000008001308                __aeabi_dcmpgt
 .text          0x000000000800131c       0x2c c:/st/stm32cubeide_1.8.0/stm32cubeide/plugins/com.st.stm32cube.ide.mcu.externaltools.gnu-tools-for-stm32.10.3-2021.10.win32_1.0.0.202111181127/tools/bin/../lib/gcc/arm-none-eabi/10.3.1/thumb/v7e-m+fp/hard\libgcc.a(_arm_unorddf2.o)
                0x000000000800131c                __unorddf2
                0x000000000800131c                __aeabi_dcmpun
 .text          0x0000000008001348       0x50 c:/st/stm32cubeide_1.8.0/stm32cubeide/plugins/com.st.stm32cube.ide.mcu.externaltools.gnu-tools-for-stm32.10.3-2021.10.win32_1.0.0.202111181127/tools/bin/../lib/gcc/arm-none-eabi/10.3.1/thumb/v7e-m+fp/hard\libgcc.a(_arm_fixdfsi.o)
                0x0000000008001348                __aeabi_d2iz
                0x0000000008001348                __fixdfsi
 .text          0x0000000008001398       0x30 c:/st/stm32cubeide_1.8.0/stm32cubeide/plugins/com.st.stm32cube.ide.mcu.externaltools.gnu-tools-for-stm32.10.3-2021.10.win32_1.0.0.202111181127/tools/bin/../lib/gcc/arm-none-eabi/10.3.1/thumb/v7e-m+fp/hard\libgcc.a(_aeabi_uldivmod.o)
                0x0000000008001398                __aeabi_uldivmod
 .text          0x00000000080013c8      0x2d0 c:/st/stm32cubeide_1.8.0/stm32cubeide/plugins/com.st.stm32cube.ide.mcu.externaltools.gnu-tools-for-stm32.10.3-2021.10.win32_1.0.0.202111181127/tools/bin/../lib/gcc/arm-none-eabi/10.3.1/thumb/v7e-m+fp/hard\libgcc.a(_udivmoddi4.o)
                0x00000000080013c8                __udivmoddi4
 .text          0x0000000008001698        0x4 c:/st/stm32cubeide_1.8.0/stm32cubeide/plugins/com.st.stm32cube.ide.mcu.externaltools.gnu-tools-for-stm32.10.3-2021.10.win32_1.0.0.202111181127/tools/bin/../lib/gcc/arm-none-eabi/10.3.1/thumb/v7e-m+fp/hard\libgcc.a(_dvmd_tls.o)
                0x0000000008001698                __aeabi_idiv0
                0x0000000008001698                __aeabi_ldiv0
 *(.text*)
 .text.StartIdleTask
                0x000000000800169c       0x18 ./Core/Src/main.o
                0x000000000800169c                StartIdleTask
 .text.StartPlayerTask
                0x00000000080016b4      0x554 ./Core/Src/main.o
                0x00000000080016b4                StartPlayerTask
 .text.Comm_Transmit.constprop.0
                0x0000000008001c08      0x140 ./Core/Src/main.o
 .text.HandleSaiDma.constprop.0
                0x0000000008001d48       0xf4 ./Core/Src/main.o
 .text.StartCommTask
                0x0000000008001e3c      0x8ac ./Core/Src/main.o
                0x0000000008001e3c                StartCommTask
 .text.HAL_SAI_TxCpltCallback
                0x00000000080026e8        0xc ./Core/Src/main.o
                0x00000000080026e8                HAL_SAI_TxCpltCallback
 .text.HAL_SAI_TxHalfCpltCallback
                0x00000000080026f4        0xc ./Core/Src/main.o
                0x00000000080026f4                HAL_SAI_TxHalfCpltCallback
 .text.HAL_UART_TxCpltCallback
                0x0000000008002700       0x18 ./Core/Src/main.o
                0x0000000008002700                HAL_UART_TxCpltCallback
 .text.SystemClock_Config
                0x0000000008002718       0xc0 ./Core/Src/main.o
                0x0000000008002718                SystemClock_Config
 .text.startup.main
                0x00000000080027d8      0x2d0 ./Core/Src/main.o
                0x00000000080027d8                main
 .text.Error_Handler
                0x0000000008002aa8        0x4 ./Core/Src/main.o
                0x0000000008002aa8                Error_Handler
 .text.HAL_MspInit
                0x0000000008002aac       0x40 ./Core/Src/stm32f7xx_hal_msp.o
                0x0000000008002aac                HAL_MspInit
 .text.HAL_SD_MspInit
                0x0000000008002aec      0x178 ./Core/Src/stm32f7xx_hal_msp.o
                0x0000000008002aec                HAL_SD_MspInit
 .text.HAL_TIM_Base_MspInit
                0x0000000008002c64       0x2c ./Core/Src/stm32f7xx_hal_msp.o
                0x0000000008002c64                HAL_TIM_Base_MspInit
 .text.HAL_UART_MspInit
                0x0000000008002c90      0x11c ./Core/Src/stm32f7xx_hal_msp.o
                0x0000000008002c90                HAL_UART_MspInit
 *fill*         0x0000000008002dac        0x4 
 .text.HAL_SAI_MspInit
                0x0000000008002db0      0x100 ./Core/Src/stm32f7xx_hal_msp.o
                0x0000000008002db0                HAL_SAI_MspInit
 .text.NMI_Handler
                0x0000000008002eb0        0x4 ./Core/Src/stm32f7xx_it.o
                0x0000000008002eb0                NMI_Handler
 .text.HardFault_Handler
                0x0000000008002eb4        0x4 ./Core/Src/stm32f7xx_it.o
                0x0000000008002eb4                HardFault_Handler
 .text.MemManage_Handler
                0x0000000008002eb8        0x4 ./Core/Src/stm32f7xx_it.o
                0x0000000008002eb8                MemManage_Handler
 .text.BusFault_Handler
                0x0000000008002ebc        0x4 ./Core/Src/stm32f7xx_it.o
                0x0000000008002ebc                BusFault_Handler
 .text.UsageFault_Handler
                0x0000000008002ec0        0x4 ./Core/Src/stm32f7xx_it.o
                0x0000000008002ec0                UsageFault_Handler
 .text.DebugMon_Handler
                0x0000000008002ec4        0x4 ./Core/Src/stm32f7xx_it.o
                0x0000000008002ec4                DebugMon_Handler
 .text.SysTick_Handler
                0x0000000008002ec8       0x18 ./Core/Src/stm32f7xx_it.o
                0x0000000008002ec8                SysTick_Handler
 .text.USART1_IRQHandler
                0x0000000008002ee0        0xc ./Core/Src/stm32f7xx_it.o
                0x0000000008002ee0                USART1_IRQHandler
 .text.SDMMC1_IRQHandler
                0x0000000008002eec        0xc ./Core/Src/stm32f7xx_it.o
                0x0000000008002eec                SDMMC1_IRQHandler
 .text.DMA2_Stream4_IRQHandler
                0x0000000008002ef8        0xc ./Core/Src/stm32f7xx_it.o
                0x0000000008002ef8                DMA2_Stream4_IRQHandler
 .text.DMA2_Stream2_IRQHandler
                0x0000000008002f04        0xc ./Core/Src/stm32f7xx_it.o
                0x0000000008002f04                DMA2_Stream2_IRQHandler
 .text.DMA2_Stream3_IRQHandler
                0x0000000008002f10        0xc ./Core/Src/stm32f7xx_it.o
                0x0000000008002f10                DMA2_Stream3_IRQHandler
 .text.DMA2_Stream6_IRQHandler
                0x0000000008002f1c        0xc ./Core/Src/stm32f7xx_it.o
                0x0000000008002f1c                DMA2_Stream6_IRQHandler
 .text.DMA2_Stream7_IRQHandler
                0x0000000008002f28        0xc ./Core/Src/stm32f7xx_it.o
                0x0000000008002f28                DMA2_Stream7_IRQHandler
 .text.SAI2_IRQHandler
                0x0000000008002f34        0xc ./Core/Src/stm32f7xx_it.o
                0x0000000008002f34                SAI2_IRQHandler
 .text._getpid  0x0000000008002f40        0x4 ./Core/Src/syscalls.o
                0x0000000008002f40                _getpid
 .text._kill    0x0000000008002f44       0x14 ./Core/Src/syscalls.o
                0x0000000008002f44                _kill
 .text._exit    0x0000000008002f58        0xc ./Core/Src/syscalls.o
                0x0000000008002f58                _exit
 .text._read    0x0000000008002f64       0x1c ./Core/Src/syscalls.o
                0x0000000008002f64                _read
 .text._write   0x0000000008002f80       0x1c ./Core/Src/syscalls.o
                0x0000000008002f80                _write
 .text._close   0x0000000008002f9c        0x8 ./Core/Src/syscalls.o
                0x0000000008002f9c                _close
 .text._fstat   0x0000000008002fa4        0xc ./Core/Src/syscalls.o
                0x0000000008002fa4                _fstat
 .text._isatty  0x0000000008002fb0        0x4 ./Core/Src/syscalls.o
                0x0000000008002fb0                _isatty
 .text._lseek   0x0000000008002fb4        0x4 ./Core/Src/syscalls.o
                0x0000000008002fb4                _lseek
 .text._sbrk    0x0000000008002fb8       0x48 ./Core/Src/sysmem.o
                0x0000000008002fb8                _sbrk
 .text.SystemInit
                0x0000000008003000       0x14 ./Core/Src/system_stm32f7xx.o
                0x0000000008003000                SystemInit
 .text.Reset_Handler
                0x0000000008003014       0x50 ./Core/Startup/startup_stm32f746vgtx.o
                0x0000000008003014                Reset_Handler
 .text.Default_Handler
                0x0000000008003064        0x2 ./Core/Startup/startup_stm32f746vgtx.o
                0x0000000008003064                RTC_Alarm_IRQHandler
                0x0000000008003064                EXTI2_IRQHandler
                0x0000000008003064                TIM8_CC_IRQHandler
                0x0000000008003064                UART8_IRQHandler
                0x0000000008003064                SPI4_IRQHandler
                0x0000000008003064                TIM1_CC_IRQHandler
                0x0000000008003064                DMA2_Stream5_IRQHandler
                0x0000000008003064                DMA1_Stream5_IRQHandler
                0x0000000008003064                PVD_IRQHandler
                0x0000000008003064                TAMP_STAMP_IRQHandler
                0x0000000008003064                CAN2_RX1_IRQHandler
                0x0000000008003064                EXTI3_IRQHandler
                0x0000000008003064                TIM8_TRG_COM_TIM14_IRQHandler
                0x0000000008003064                TIM1_UP_TIM10_IRQHandler
                0x0000000008003064                TIM8_UP_TIM13_IRQHandler
                0x0000000008003064                I2C3_ER_IRQHandler
                0x0000000008003064                EXTI0_IRQHandler
                0x0000000008003064                I2C2_EV_IRQHandler
                0x0000000008003064                DMA1_Stream2_IRQHandler
                0x0000000008003064                CAN1_RX0_IRQHandler
                0x0000000008003064                FPU_IRQHandler
                0x0000000008003064                OTG_HS_WKUP_IRQHandler
                0x0000000008003064                LTDC_ER_IRQHandler
                0x0000000008003064                CAN2_SCE_IRQHandler
                0x0000000008003064                SPI1_IRQHandler
                0x0000000008003064                TIM6_DAC_IRQHandler
                0x0000000008003064                TIM1_BRK_TIM9_IRQHandler
                0x0000000008003064                DCMI_IRQHandler
                0x0000000008003064                CAN2_RX0_IRQHandler
                0x0000000008003064                USART6_IRQHandler
                0x0000000008003064                USART3_IRQHandler
                0x0000000008003064                CAN1_RX1_IRQHandler
                0x0000000008003064                UART5_IRQHandler
                0x0000000008003064                DMA2_Stream0_IRQHandler
                0x0000000008003064                TIM4_IRQHandler
                0x0000000008003064                QUADSPI_IRQHandler
                0x0000000008003064                I2C1_EV_IRQHandler
                0x0000000008003064                DMA1_Stream6_IRQHandler
                0x0000000008003064                DMA1_Stream1_IRQHandler
                0x0000000008003064                UART4_IRQHandler
                0x0000000008003064                TIM3_IRQHandler
                0x0000000008003064                RCC_IRQHandler
                0x0000000008003064                TIM8_BRK_TIM12_IRQHandler
                0x0000000008003064                Default_Handler
                0x0000000008003064                CEC_IRQHandler
                0x0000000008003064                EXTI15_10_IRQHandler
                0x0000000008003064                ADC_IRQHandler
                0x0000000008003064                DMA1_Stream7_IRQHandler
                0x0000000008003064                SPI5_IRQHandler
                0x0000000008003064                TIM7_IRQHandler
                0x0000000008003064                CAN2_TX_IRQHandler
                0x0000000008003064                TIM5_IRQHandler
                0x0000000008003064                I2C3_EV_IRQHandler
                0x0000000008003064                EXTI9_5_IRQHandler
                0x0000000008003064                RTC_WKUP_IRQHandler
                0x0000000008003064                LTDC_IRQHandler
                0x0000000008003064                ETH_WKUP_IRQHandler
                0x0000000008003064                SPDIF_RX_IRQHandler
                0x0000000008003064                SPI2_IRQHandler
                0x0000000008003064                OTG_HS_EP1_IN_IRQHandler
                0x0000000008003064                DMA1_Stream0_IRQHandler
                0x0000000008003064                CAN1_TX_IRQHandler
                0x0000000008003064                EXTI4_IRQHandler
                0x0000000008003064                RNG_IRQHandler
                0x0000000008003064                ETH_IRQHandler
                0x0000000008003064                OTG_HS_EP1_OUT_IRQHandler
                0x0000000008003064                WWDG_IRQHandler
                0x0000000008003064                SPI6_IRQHandler
                0x0000000008003064                I2C4_EV_IRQHandler
                0x0000000008003064                TIM2_IRQHandler
                0x0000000008003064                OTG_FS_WKUP_IRQHandler
                0x0000000008003064                TIM1_TRG_COM_TIM11_IRQHandler
                0x0000000008003064                OTG_HS_IRQHandler
                0x0000000008003064                DMA2D_IRQHandler
                0x0000000008003064                EXTI1_IRQHandler
                0x0000000008003064                UART7_IRQHandler
                0x0000000008003064                USART2_IRQHandler
                0x0000000008003064                I2C2_ER_IRQHandler
                0x0000000008003064                DMA2_Stream1_IRQHandler
                0x0000000008003064                CAN1_SCE_IRQHandler
                0x0000000008003064                FLASH_IRQHandler
                0x0000000008003064                OTG_FS_IRQHandler
                0x0000000008003064                SPI3_IRQHandler
                0x0000000008003064                DMA1_Stream4_IRQHandler
                0x0000000008003064                I2C1_ER_IRQHandler
                0x0000000008003064                FMC_IRQHandler
                0x0000000008003064                LPTIM1_IRQHandler
                0x0000000008003064                I2C4_ER_IRQHandler
                0x0000000008003064                SAI1_IRQHandler
                0x0000000008003064                DMA1_Stream3_IRQHandler
 *fill*         0x0000000008003066        0x2 
 .text.HAL_InitTick
                0x0000000008003068       0x48 ./Drivers/STM32F7xx_HAL_Driver/Src/stm32f7xx_hal.o
                0x0000000008003068                HAL_InitTick
 .text.HAL_Init
                0x00000000080030b0       0x2c ./Drivers/STM32F7xx_HAL_Driver/Src/stm32f7xx_hal.o
                0x00000000080030b0                HAL_Init
 .text.HAL_IncTick
                0x00000000080030dc       0x18 ./Drivers/STM32F7xx_HAL_Driver/Src/stm32f7xx_hal.o
                0x00000000080030dc                HAL_IncTick
 .text.HAL_GetTick
                0x00000000080030f4        0xc ./Drivers/STM32F7xx_HAL_Driver/Src/stm32f7xx_hal.o
                0x00000000080030f4                HAL_GetTick
 .text.HAL_Delay
                0x0000000008003100       0x24 ./Drivers/STM32F7xx_HAL_Driver/Src/stm32f7xx_hal.o
                0x0000000008003100                HAL_Delay
 .text.HAL_NVIC_SetPriorityGrouping
                0x0000000008003124       0x24 ./Drivers/STM32F7xx_HAL_Driver/Src/stm32f7xx_hal_cortex.o
                0x0000000008003124                HAL_NVIC_SetPriorityGrouping
 .text.HAL_NVIC_SetPriority
                0x0000000008003148       0x7c ./Drivers/STM32F7xx_HAL_Driver/Src/stm32f7xx_hal_cortex.o
                0x0000000008003148                HAL_NVIC_SetPriority
 .text.HAL_NVIC_EnableIRQ
                0x00000000080031c4       0x1c ./Drivers/STM32F7xx_HAL_Driver/Src/stm32f7xx_hal_cortex.o
                0x00000000080031c4                HAL_NVIC_EnableIRQ
 .text.HAL_SYSTICK_Config
                0x00000000080031e0       0x2c ./Drivers/STM32F7xx_HAL_Driver/Src/stm32f7xx_hal_cortex.o
                0x00000000080031e0                HAL_SYSTICK_Config
 .text.HAL_DMA_Init
                0x000000000800320c      0x138 ./Drivers/STM32F7xx_HAL_Driver/Src/stm32f7xx_hal_dma.o
                0x000000000800320c                HAL_DMA_Init
 .text.HAL_DMA_Start_IT
                0x0000000008003344       0x90 ./Drivers/STM32F7xx_HAL_Driver/Src/stm32f7xx_hal_dma.o
                0x0000000008003344                HAL_DMA_Start_IT
 .text.HAL_DMA_Abort
                0x00000000080033d4       0x90 ./Drivers/STM32F7xx_HAL_Driver/Src/stm32f7xx_hal_dma.o
                0x00000000080033d4                HAL_DMA_Abort
 .text.HAL_DMA_Abort_IT
                0x0000000008003464       0x28 ./Drivers/STM32F7xx_HAL_Driver/Src/stm32f7xx_hal_dma.o
                0x0000000008003464                HAL_DMA_Abort_IT
 .text.HAL_DMA_IRQHandler
                0x000000000800348c      0x1e0 ./Drivers/STM32F7xx_HAL_Driver/Src/stm32f7xx_hal_dma.o
                0x000000000800348c                HAL_DMA_IRQHandler
 .text.HAL_DMA_GetError
                0x000000000800366c        0x4 ./Drivers/STM32F7xx_HAL_Driver/Src/stm32f7xx_hal_dma.o
                0x000000000800366c                HAL_DMA_GetError
 .text.HAL_GPIO_Init
                0x0000000008003670      0x268 ./Drivers/STM32F7xx_HAL_Driver/Src/stm32f7xx_hal_gpio.o
                0x0000000008003670                HAL_GPIO_Init
 .text.HAL_GPIO_ReadPin
                0x00000000080038d8        0xc ./Drivers/STM32F7xx_HAL_Driver/Src/stm32f7xx_hal_gpio.o
                0x00000000080038d8                HAL_GPIO_ReadPin
 .text.HAL_GPIO_WritePin
                0x00000000080038e4        0x8 ./Drivers/STM32F7xx_HAL_Driver/Src/stm32f7xx_hal_gpio.o
                0x00000000080038e4                HAL_GPIO_WritePin
 .text.HAL_GPIO_TogglePin
                0x00000000080038ec       0x14 ./Drivers/STM32F7xx_HAL_Driver/Src/stm32f7xx_hal_gpio.o
                0x00000000080038ec                HAL_GPIO_TogglePin
 .text.HAL_PWREx_EnableOverDrive
                0x0000000008003900       0x74 ./Drivers/STM32F7xx_HAL_Driver/Src/stm32f7xx_hal_pwr_ex.o
                0x0000000008003900                HAL_PWREx_EnableOverDrive
 .text.HAL_RCC_OscConfig
                0x0000000008003974      0x3dc ./Drivers/STM32F7xx_HAL_Driver/Src/stm32f7xx_hal_rcc.o
                0x0000000008003974                HAL_RCC_OscConfig
 .text.HAL_RCC_ClockConfig
                0x0000000008003d50      0x180 ./Drivers/STM32F7xx_HAL_Driver/Src/stm32f7xx_hal_rcc.o
                0x0000000008003d50                HAL_RCC_ClockConfig
 .text.HAL_RCC_GetSysClockFreq
                0x0000000008003ed0       0x4c ./Drivers/STM32F7xx_HAL_Driver/Src/stm32f7xx_hal_rcc.o
                0x0000000008003ed0                HAL_RCC_GetSysClockFreq
 .text.HAL_RCC_GetPCLK1Freq
                0x0000000008003f1c       0x20 ./Drivers/STM32F7xx_HAL_Driver/Src/stm32f7xx_hal_rcc.o
                0x0000000008003f1c                HAL_RCC_GetPCLK1Freq
 .text.HAL_RCC_GetPCLK2Freq
                0x0000000008003f3c       0x20 ./Drivers/STM32F7xx_HAL_Driver/Src/stm32f7xx_hal_rcc.o
                0x0000000008003f3c                HAL_RCC_GetPCLK2Freq
 .text.HAL_RCCEx_PeriphCLKConfig
                0x0000000008003f5c      0x528 ./Drivers/STM32F7xx_HAL_Driver/Src/stm32f7xx_hal_rcc_ex.o
                0x0000000008003f5c                HAL_RCCEx_PeriphCLKConfig
 .text.HAL_RCCEx_GetPeriphCLKFreq
                0x0000000008004484       0xe4 ./Drivers/STM32F7xx_HAL_Driver/Src/stm32f7xx_hal_rcc_ex.o
                0x0000000008004484                HAL_RCCEx_GetPeriphCLKFreq
 .text.HAL_SAI_Init
                0x0000000008004568      0x218 ./Drivers/STM32F7xx_HAL_Driver/Src/stm32f7xx_hal_sai.o
                0x0000000008004568                HAL_SAI_Init
 .text.HAL_SAI_Abort
                0x0000000008004780       0xe0 ./Drivers/STM32F7xx_HAL_Driver/Src/stm32f7xx_hal_sai.o
                0x0000000008004780                HAL_SAI_Abort
 .text.HAL_SAI_Transmit_DMA
                0x0000000008004860      0x120 ./Drivers/STM32F7xx_HAL_Driver/Src/stm32f7xx_hal_sai.o
                0x0000000008004860                HAL_SAI_Transmit_DMA
 .text.SAI_DMATxCplt
                0x0000000008004980       0x64 ./Drivers/STM32F7xx_HAL_Driver/Src/stm32f7xx_hal_sai.o
 .text.SAI_DMATxHalfCplt
                0x00000000080049e4        0xc ./Drivers/STM32F7xx_HAL_Driver/Src/stm32f7xx_hal_sai.o
 .text.HAL_SAI_ErrorCallback
                0x00000000080049f0        0x4 ./Drivers/STM32F7xx_HAL_Driver/Src/stm32f7xx_hal_sai.o
                0x00000000080049f0                HAL_SAI_ErrorCallback
 .text.SAI_DMAError
                0x00000000080049f4       0x78 ./Drivers/STM32F7xx_HAL_Driver/Src/stm32f7xx_hal_sai.o
 .text.HAL_SAI_IRQHandler
                0x0000000008004a6c      0x138 ./Drivers/STM32F7xx_HAL_Driver/Src/stm32f7xx_hal_sai.o
                0x0000000008004a6c                HAL_SAI_IRQHandler
 .text.SAI_DMAAbort
                0x0000000008004ba4       0x70 ./Drivers/STM32F7xx_HAL_Driver/Src/stm32f7xx_hal_sai.o
 .text.SD_DMATransmitCplt
                0x0000000008004c14       0x10 ./Drivers/STM32F7xx_HAL_Driver/Src/stm32f7xx_hal_sd.o
 .text.SD_FindSCR
                0x0000000008004c24       0xe0 ./Drivers/STM32F7xx_HAL_Driver/Src/stm32f7xx_hal_sd.o
 .text.HAL_SD_ReadBlocks_DMA
                0x0000000008004d04      0x144 ./Drivers/STM32F7xx_HAL_Driver/Src/stm32f7xx_hal_sd.o
                0x0000000008004d04                HAL_SD_ReadBlocks_DMA
 .text.HAL_SD_WriteBlocks_DMA
                0x0000000008004e48      0x150 ./Drivers/STM32F7xx_HAL_Driver/Src/stm32f7xx_hal_sd.o
                0x0000000008004e48                HAL_SD_WriteBlocks_DMA
 .text.HAL_SD_ErrorCallback
                0x0000000008004f98        0x4 ./Drivers/STM32F7xx_HAL_Driver/Src/stm32f7xx_hal_sd.o
                0x0000000008004f98                HAL_SD_ErrorCallback
 .text.SD_DMAReceiveCplt
                0x0000000008004f9c       0x48 ./Drivers/STM32F7xx_HAL_Driver/Src/stm32f7xx_hal_sd.o
 .text.SD_DMAError
                0x0000000008004fe4       0x7c ./Drivers/STM32F7xx_HAL_Driver/Src/stm32f7xx_hal_sd.o
 .text.SD_DMATxAbort
                0x0000000008005060       0x64 ./Drivers/STM32F7xx_HAL_Driver/Src/stm32f7xx_hal_sd.o
 .text.HAL_SD_IRQHandler
                0x00000000080050c4      0x258 ./Drivers/STM32F7xx_HAL_Driver/Src/stm32f7xx_hal_sd.o
                0x00000000080050c4                HAL_SD_IRQHandler
 .text.SD_DMARxAbort
                0x000000000800531c       0x64 ./Drivers/STM32F7xx_HAL_Driver/Src/stm32f7xx_hal_sd.o
 .text.HAL_SD_GetCardCSD
                0x0000000008005380      0x17c ./Drivers/STM32F7xx_HAL_Driver/Src/stm32f7xx_hal_sd.o
                0x0000000008005380                HAL_SD_GetCardCSD
 .text.HAL_SD_InitCard
                0x00000000080054fc      0x23c ./Drivers/STM32F7xx_HAL_Driver/Src/stm32f7xx_hal_sd.o
                0x00000000080054fc                HAL_SD_InitCard
 .text.HAL_SD_Init
                0x0000000008005738       0x3c ./Drivers/STM32F7xx_HAL_Driver/Src/stm32f7xx_hal_sd.o
                0x0000000008005738                HAL_SD_Init
 .text.HAL_SD_GetCardInfo
                0x0000000008005774       0x28 ./Drivers/STM32F7xx_HAL_Driver/Src/stm32f7xx_hal_sd.o
                0x0000000008005774                HAL_SD_GetCardInfo
 .text.HAL_SD_ConfigWideBusOperation
                0x000000000800579c      0x12c ./Drivers/STM32F7xx_HAL_Driver/Src/stm32f7xx_hal_sd.o
                0x000000000800579c                HAL_SD_ConfigWideBusOperation
 .text.HAL_SD_GetCardState
                0x00000000080058c8       0x28 ./Drivers/STM32F7xx_HAL_Driver/Src/stm32f7xx_hal_sd.o
                0x00000000080058c8                HAL_SD_GetCardState
 .text.HAL_TIM_Base_Init
                0x00000000080058f0      0x16c ./Drivers/STM32F7xx_HAL_Driver/Src/stm32f7xx_hal_tim.o
                0x00000000080058f0                HAL_TIM_Base_Init
 .text.HAL_TIM_ConfigClockSource
                0x0000000008005a5c      0x160 ./Drivers/STM32F7xx_HAL_Driver/Src/stm32f7xx_hal_tim.o
                0x0000000008005a5c                HAL_TIM_ConfigClockSource
 .text.HAL_TIMEx_MasterConfigSynchronization
                0x0000000008005bbc       0xb4 ./Drivers/STM32F7xx_HAL_Driver/Src/stm32f7xx_hal_tim_ex.o
                0x0000000008005bbc                HAL_TIMEx_MasterConfigSynchronization
 .text.HAL_UART_Transmit_DMA
                0x0000000008005c70       0xb0 ./Drivers/STM32F7xx_HAL_Driver/Src/stm32f7xx_hal_uart.o
                0x0000000008005c70                HAL_UART_Transmit_DMA
 .text.UART_DMATransmitCplt
                0x0000000008005d20       0x44 ./Drivers/STM32F7xx_HAL_Driver/Src/stm32f7xx_hal_uart.o
 .text.HAL_UART_TxHalfCpltCallback
                0x0000000008005d64        0x4 ./Drivers/STM32F7xx_HAL_Driver/Src/stm32f7xx_hal_uart.o
                0x0000000008005d64                HAL_UART_TxHalfCpltCallback
 .text.UART_DMATxHalfCplt
                0x0000000008005d68        0xc ./Drivers/STM32F7xx_HAL_Driver/Src/stm32f7xx_hal_uart.o
 .text.HAL_UART_RxCpltCallback
                0x0000000008005d74        0x4 ./Drivers/STM32F7xx_HAL_Driver/Src/stm32f7xx_hal_uart.o
                0x0000000008005d74                HAL_UART_RxCpltCallback
 .text.HAL_UART_RxHalfCpltCallback
                0x0000000008005d78        0x4 ./Drivers/STM32F7xx_HAL_Driver/Src/stm32f7xx_hal_uart.o
                0x0000000008005d78                HAL_UART_RxHalfCpltCallback
 .text.HAL_UART_ErrorCallback
                0x0000000008005d7c        0x4 ./Drivers/STM32F7xx_HAL_Driver/Src/stm32f7xx_hal_uart.o
                0x0000000008005d7c                HAL_UART_ErrorCallback
 .text.UART_DMAError
                0x0000000008005d80       0xb0 ./Drivers/STM32F7xx_HAL_Driver/Src/stm32f7xx_hal_uart.o
 .text.UART_DMAAbortOnError
                0x0000000008005e30       0x14 ./Drivers/STM32F7xx_HAL_Driver/Src/stm32f7xx_hal_uart.o
 .text.HAL_UARTEx_RxEventCallback
                0x0000000008005e44        0x4 ./Drivers/STM32F7xx_HAL_Driver/Src/stm32f7xx_hal_uart.o
                0x0000000008005e44                HAL_UARTEx_RxEventCallback
 .text.HAL_UART_IRQHandler
                0x0000000008005e48      0x2e8 ./Drivers/STM32F7xx_HAL_Driver/Src/stm32f7xx_hal_uart.o
                0x0000000008005e48                HAL_UART_IRQHandler
 .text.UART_DMARxHalfCplt
                0x0000000008006130       0x1c ./Drivers/STM32F7xx_HAL_Driver/Src/stm32f7xx_hal_uart.o
 .text.UART_DMAReceiveCplt
                0x000000000800614c       0x98 ./Drivers/STM32F7xx_HAL_Driver/Src/stm32f7xx_hal_uart.o
 .text.UART_SetConfig
                0x00000000080061e4      0x2d4 ./Drivers/STM32F7xx_HAL_Driver/Src/stm32f7xx_hal_uart.o
                0x00000000080061e4                UART_SetConfig
 .text.UART_AdvFeatureConfig
                0x00000000080064b8       0xb0 ./Drivers/STM32F7xx_HAL_Driver/Src/stm32f7xx_hal_uart.o
                0x00000000080064b8                UART_AdvFeatureConfig
 .text.HAL_UART_Init
                0x0000000008006568      0x120 ./Drivers/STM32F7xx_HAL_Driver/Src/stm32f7xx_hal_uart.o
                0x0000000008006568                HAL_UART_Init
 .text.UART_Start_Receive_DMA
                0x0000000008006688       0xa4 ./Drivers/STM32F7xx_HAL_Driver/Src/stm32f7xx_hal_uart.o
                0x0000000008006688                UART_Start_Receive_DMA
 .text.HAL_UART_Receive_DMA
                0x000000000800672c       0x50 ./Drivers/STM32F7xx_HAL_Driver/Src/stm32f7xx_hal_uart.o
                0x000000000800672c                HAL_UART_Receive_DMA
 .text.SDMMC_Init
                0x000000000800677c       0x3c ./Drivers/STM32F7xx_HAL_Driver/Src/stm32f7xx_ll_sdmmc.o
                0x000000000800677c                SDMMC_Init
 .text.SDMMC_ReadFIFO
                0x00000000080067b8        0x8 ./Drivers/STM32F7xx_HAL_Driver/Src/stm32f7xx_ll_sdmmc.o
                0x00000000080067b8                SDMMC_ReadFIFO
 .text.SDMMC_WriteFIFO
                0x00000000080067c0        0xc ./Drivers/STM32F7xx_HAL_Driver/Src/stm32f7xx_ll_sdmmc.o
                0x00000000080067c0                SDMMC_WriteFIFO
 .text.SDMMC_PowerState_ON
                0x00000000080067cc        0xc ./Drivers/STM32F7xx_HAL_Driver/Src/stm32f7xx_ll_sdmmc.o
                0x00000000080067cc                SDMMC_PowerState_ON
 .text.SDMMC_GetPowerState
                0x00000000080067d8        0x8 ./Drivers/STM32F7xx_HAL_Driver/Src/stm32f7xx_ll_sdmmc.o
                0x00000000080067d8                SDMMC_GetPowerState
 .text.SDMMC_GetResponse
                0x00000000080067e0        0x8 ./Drivers/STM32F7xx_HAL_Driver/Src/stm32f7xx_ll_sdmmc.o
                0x00000000080067e0                SDMMC_GetResponse
 .text.SDMMC_ConfigData
                0x00000000080067e8       0x2c ./Drivers/STM32F7xx_HAL_Driver/Src/stm32f7xx_ll_sdmmc.o
                0x00000000080067e8                SDMMC_ConfigData
 .text.SDMMC_CmdBlockLength
                0x0000000008006814      0x140 ./Drivers/STM32F7xx_HAL_Driver/Src/stm32f7xx_ll_sdmmc.o
                0x0000000008006814                SDMMC_CmdBlockLength
 .text.SDMMC_CmdReadSingleBlock
                0x0000000008006954      0x144 ./Drivers/STM32F7xx_HAL_Driver/Src/stm32f7xx_ll_sdmmc.o
                0x0000000008006954                SDMMC_CmdReadSingleBlock
 .text.SDMMC_CmdReadMultiBlock
                0x0000000008006a98      0x144 ./Drivers/STM32F7xx_HAL_Driver/Src/stm32f7xx_ll_sdmmc.o
                0x0000000008006a98                SDMMC_CmdReadMultiBlock
 .text.SDMMC_CmdWriteSingleBlock
                0x0000000008006bdc      0x140 ./Drivers/STM32F7xx_HAL_Driver/Src/stm32f7xx_ll_sdmmc.o
                0x0000000008006bdc                SDMMC_CmdWriteSingleBlock
 .text.SDMMC_CmdWriteMultiBlock
                0x0000000008006d1c      0x144 ./Drivers/STM32F7xx_HAL_Driver/Src/stm32f7xx_ll_sdmmc.o
                0x0000000008006d1c                SDMMC_CmdWriteMultiBlock
 .text.SDMMC_CmdStopTransfer
                0x0000000008006e60      0x148 ./Drivers/STM32F7xx_HAL_Driver/Src/stm32f7xx_ll_sdmmc.o
                0x0000000008006e60                SDMMC_CmdStopTransfer
 .text.SDMMC_CmdSelDesel
                0x0000000008006fa8      0x144 ./Drivers/STM32F7xx_HAL_Driver/Src/stm32f7xx_ll_sdmmc.o
                0x0000000008006fa8                SDMMC_CmdSelDesel
 .text.SDMMC_CmdGoIdleState
                0x00000000080070ec       0x54 ./Drivers/STM32F7xx_HAL_Driver/Src/stm32f7xx_ll_sdmmc.o
                0x00000000080070ec                SDMMC_CmdGoIdleState
 .text.SDMMC_CmdOperCond
                0x0000000008007140       0x7c ./Drivers/STM32F7xx_HAL_Driver/Src/stm32f7xx_ll_sdmmc.o
                0x0000000008007140                SDMMC_CmdOperCond
 .text.SDMMC_CmdAppCommand
                0x00000000080071bc      0x144 ./Drivers/STM32F7xx_HAL_Driver/Src/stm32f7xx_ll_sdmmc.o
                0x00000000080071bc                SDMMC_CmdAppCommand
 .text.SDMMC_CmdAppOperCommand
                0x0000000008007300       0x74 ./Drivers/STM32F7xx_HAL_Driver/Src/stm32f7xx_ll_sdmmc.o
                0x0000000008007300                SDMMC_CmdAppOperCommand
 .text.SDMMC_CmdBusWidth
                0x0000000008007374      0x144 ./Drivers/STM32F7xx_HAL_Driver/Src/stm32f7xx_ll_sdmmc.o
                0x0000000008007374                SDMMC_CmdBusWidth
 .text.SDMMC_CmdSendSCR
                0x00000000080074b8      0x148 ./Drivers/STM32F7xx_HAL_Driver/Src/stm32f7xx_ll_sdmmc.o
                0x00000000080074b8                SDMMC_CmdSendSCR
 .text.SDMMC_CmdSendCID
                0x0000000008007600       0x78 ./Drivers/STM32F7xx_HAL_Driver/Src/stm32f7xx_ll_sdmmc.o
                0x0000000008007600                SDMMC_CmdSendCID
 .text.SDMMC_CmdSendCSD
                0x0000000008007678       0x7c ./Drivers/STM32F7xx_HAL_Driver/Src/stm32f7xx_ll_sdmmc.o
                0x0000000008007678                SDMMC_CmdSendCSD
 .text.SDMMC_CmdSetRelAdd
                0x00000000080076f4       0xac ./Drivers/STM32F7xx_HAL_Driver/Src/stm32f7xx_ll_sdmmc.o
                0x00000000080076f4                SDMMC_CmdSetRelAdd
 .text.SDMMC_CmdSendStatus
                0x00000000080077a0      0x144 ./Drivers/STM32F7xx_HAL_Driver/Src/stm32f7xx_ll_sdmmc.o
                0x00000000080077a0                SDMMC_CmdSendStatus
 .text.MX_FATFS_Init
                0x00000000080078e4       0x1c ./FATFS/App/fatfs.o
                0x00000000080078e4                MX_FATFS_Init
 .text.BSP_SD_GetStats
                0x0000000008007900       0x64 ./FATFS/Target/bsp_driver_sd.o
                0x0000000008007900                BSP_SD_GetStats
 .text.BSP_SD_ReadBlocks_DMA
                0x0000000008007964       0x30 ./FATFS/Target/bsp_driver_sd.o
                0x0000000008007964                BSP_SD_ReadBlocks_DMA
 .text.BSP_SD_WriteBlocks_DMA
                0x0000000008007994       0x30 ./FATFS/Target/bsp_driver_sd.o
                0x0000000008007994                BSP_SD_WriteBlocks_DMA
 .text.BSP_SD_GetCardState
                0x00000000080079c4       0x14 ./FATFS/Target/bsp_driver_sd.o
                0x00000000080079c4                BSP_SD_GetCardState
 .text.BSP_SD_GetCardInfo
                0x00000000080079d8        0xc ./FATFS/Target/bsp_driver_sd.o
                0x00000000080079d8                BSP_SD_GetCardInfo
 .text.BSP_SD_AbortCallback
                0x00000000080079e4        0x4 ./FATFS/Target/bsp_driver_sd.o
                0x00000000080079e4                BSP_SD_AbortCallback
 .text.HAL_SD_AbortCallback
                0x00000000080079e8        0x8 ./FATFS/Target/bsp_driver_sd.o
                0x00000000080079e8                HAL_SD_AbortCallback
 .text.HAL_SD_TxCpltCallback
                0x00000000080079f0        0x8 ./FATFS/Target/bsp_driver_sd.o
                0x00000000080079f0                HAL_SD_TxCpltCallback
 .text.HAL_SD_RxCpltCallback
                0x00000000080079f8        0x8 ./FATFS/Target/bsp_driver_sd.o
                0x00000000080079f8                HAL_SD_RxCpltCallback
 .text.BSP_SD_IsDetected
                0x0000000008007a00       0x20 ./FATFS/Target/bsp_driver_sd.o
                0x0000000008007a00                BSP_SD_IsDetected
 .text.BSP_SD_Init
                0x0000000008007a20       0x30 ./FATFS/Target/bsp_driver_sd.o
                0x0000000008007a20                BSP_SD_Init
 .text.BSP_PlatformIsDetected
                0x0000000008007a50       0x18 ./FATFS/Target/fatfs_platform.o
                0x0000000008007a50                BSP_PlatformIsDetected
 .text.SD_initialize
                0x0000000008007a68       0x60 ./FATFS/Target/sd_diskio.o
                0x0000000008007a68                SD_initialize
 .text.SD_status
                0x0000000008007ac8       0x20 ./FATFS/Target/sd_diskio.o
                0x0000000008007ac8                SD_status
 .text.SD_ioctl
                0x0000000008007ae8       0x68 ./FATFS/Target/sd_diskio.o
                0x0000000008007ae8                SD_ioctl
 .text.SD_write
                0x0000000008007b50       0xbc ./FATFS/Target/sd_diskio.o
                0x0000000008007b50                SD_write
 .text.SD_read  0x0000000008007c0c       0xbc ./FATFS/Target/sd_diskio.o
                0x0000000008007c0c                SD_read
 .text.BSP_SD_WriteCpltCallback
                0x0000000008007cc8       0x28 ./FATFS/Target/sd_diskio.o
                0x0000000008007cc8                BSP_SD_WriteCpltCallback
 .text.BSP_SD_ReadCpltCallback
                0x0000000008007cf0       0x28 ./FATFS/Target/sd_diskio.o
                0x0000000008007cf0                BSP_SD_ReadCpltCallback
 .text.disk_status
                0x0000000008007d18       0x14 ./Middlewares/Third_Party/FatFs/src/diskio.o
                0x0000000008007d18                disk_status
 .text.disk_initialize
                0x0000000008007d2c       0x24 ./Middlewares/Third_Party/FatFs/src/diskio.o
                0x0000000008007d2c                disk_initialize
 .text.disk_read
                0x0000000008007d50       0x1c ./Middlewares/Third_Party/FatFs/src/diskio.o
                0x0000000008007d50                disk_read
 .text.check_fs
                0x0000000008007d6c       0x90 ./Middlewares/Third_Party/FatFs/src/ff.o
 .text.find_volume.constprop.0
                0x0000000008007dfc      0x244 ./Middlewares/Third_Party/FatFs/src/ff.o
 .text.get_fat.isra.0
                0x0000000008008040       0xfc ./Middlewares/Third_Party/FatFs/src/ff.o
 .text.dir_sdi.constprop.0
                0x000000000800813c      0x17c ./Middlewares/Third_Party/FatFs/src/ff.o
 .text.f_mount  0x00000000080082b8       0xa8 ./Middlewares/Third_Party/FatFs/src/ff.o
                0x00000000080082b8                f_mount
 .text.f_open   0x0000000008008360      0x704 ./Middlewares/Third_Party/FatFs/src/ff.o
                0x0000000008008360                f_open
 .text.f_read   0x0000000008008a64      0x288 ./Middlewares/Third_Party/FatFs/src/ff.o
                0x0000000008008a64                f_read
 .text.f_close  0x0000000008008cec       0x58 ./Middlewares/Third_Party/FatFs/src/ff.o
                0x0000000008008cec                f_close
 .text.f_lseek  0x0000000008008d44      0x398 ./Middlewares/Third_Party/FatFs/src/ff.o
                0x0000000008008d44                f_lseek
 .text.FATFS_LinkDriver
                0x00000000080090dc       0x48 ./Middlewares/Third_Party/FatFs/src/ff_gen_drv.o
                0x00000000080090dc                FATFS_LinkDriver
 .text.ff_convert
                0x0000000008009124       0x3c ./Middlewares/Third_Party/FatFs/src/option/ccsbcs.o
                0x0000000008009124                ff_convert
 .text.ff_wtoupper
                0x0000000008009160       0x94 ./Middlewares/Third_Party/FatFs/src/option/ccsbcs.o
                0x0000000008009160                ff_wtoupper
 .text.ff_cre_syncobj
                0x00000000080091f4       0x18 ./Middlewares/Third_Party/FatFs/src/option/syscall.o
                0x00000000080091f4                ff_cre_syncobj
 .text.ff_del_syncobj
                0x000000000800920c        0xc ./Middlewares/Third_Party/FatFs/src/option/syscall.o
                0x000000000800920c                ff_del_syncobj
 .text.ff_req_grant
                0x0000000008009218       0x14 ./Middlewares/Third_Party/FatFs/src/option/syscall.o
                0x0000000008009218                ff_req_grant
 .text.ff_rel_grant
                0x000000000800922c        0x4 ./Middlewares/Third_Party/FatFs/src/option/syscall.o
                0x000000000800922c                ff_rel_grant
 .text.osKernelInitialize
                0x0000000008009230       0x38 ./Middlewares/Third_Party/FreeRTOS/Source/CMSIS_RTOS_V2/cmsis_os2.o
                0x0000000008009230                osKernelInitialize
 .text.osKernelGetState
                0x0000000008009268       0x24 ./Middlewares/Third_Party/FreeRTOS/Source/CMSIS_RTOS_V2/cmsis_os2.o
                0x0000000008009268                osKernelGetState
 .text.osKernelStart
                0x000000000800928c       0x44 ./Middlewares/Third_Party/FreeRTOS/Source/CMSIS_RTOS_V2/cmsis_os2.o
                0x000000000800928c                osKernelStart
 .text.osKernelGetTickCount
                0x00000000080092d0       0x34 ./Middlewares/Third_Party/FreeRTOS/Source/CMSIS_RTOS_V2/cmsis_os2.o
                0x00000000080092d0                osKernelGetTickCount
 .text.osThreadNew
                0x0000000008009304       0xb4 ./Middlewares/Third_Party/FreeRTOS/Source/CMSIS_RTOS_V2/cmsis_os2.o
                0x0000000008009304                osThreadNew
 .text.osDelay  0x00000000080093b8       0x40 ./Middlewares/Third_Party/FreeRTOS/Source/CMSIS_RTOS_V2/cmsis_os2.o
                0x00000000080093b8                osDelay
 .text.osDelayUntil
                0x00000000080093f8       0x54 ./Middlewares/Third_Party/FreeRTOS/Source/CMSIS_RTOS_V2/cmsis_os2.o
                0x00000000080093f8                osDelayUntil
 .text.osMutexNew
                0x000000000800944c       0x90 ./Middlewares/Third_Party/FreeRTOS/Source/CMSIS_RTOS_V2/cmsis_os2.o
                0x000000000800944c                osMutexNew
 .text.osMutexAcquire
                0x00000000080094dc       0x70 ./Middlewares/Third_Party/FreeRTOS/Source/CMSIS_RTOS_V2/cmsis_os2.o
                0x00000000080094dc                osMutexAcquire
 .text.osMutexRelease
                0x000000000800954c       0x6c ./Middlewares/Third_Party/FreeRTOS/Source/CMSIS_RTOS_V2/cmsis_os2.o
                0x000000000800954c                osMutexRelease
 .text.osSemaphoreNew
                0x00000000080095b8       0xb4 ./Middlewares/Third_Party/FreeRTOS/Source/CMSIS_RTOS_V2/cmsis_os2.o
                0x00000000080095b8                osSemaphoreNew
 .text.osSemaphoreAcquire
                0x000000000800966c       0x84 ./Middlewares/Third_Party/FreeRTOS/Source/CMSIS_RTOS_V2/cmsis_os2.o
                0x000000000800966c                osSemaphoreAcquire
 .text.osSemaphoreRelease
                0x00000000080096f0       0x80 ./Middlewares/Third_Party/FreeRTOS/Source/CMSIS_RTOS_V2/cmsis_os2.o
                0x00000000080096f0                osSemaphoreRelease
 .text.osSemaphoreDelete
                0x0000000008009770       0x50 ./Middlewares/Third_Party/FreeRTOS/Source/CMSIS_RTOS_V2/cmsis_os2.o
                0x0000000008009770                osSemaphoreDelete
 .text.osMessageQueueNew
                0x00000000080097c0       0x94 ./Middlewares/Third_Party/FreeRTOS/Source/CMSIS_RTOS_V2/cmsis_os2.o
                0x00000000080097c0                osMessageQueueNew
 .text.osMessageQueuePut
                0x0000000008009854       0xb0 ./Middlewares/Third_Party/FreeRTOS/Source/CMSIS_RTOS_V2/cmsis_os2.o
                0x0000000008009854                osMessageQueuePut
 .text.osMessageQueueGet
                0x0000000008009904       0xa4 ./Middlewares/Third_Party/FreeRTOS/Source/CMSIS_RTOS_V2/cmsis_os2.o
                0x0000000008009904                osMessageQueueGet
 .text.vApplicationGetIdleTaskMemory
                0x00000000080099a8       0x1c ./Middlewares/Third_Party/FreeRTOS/Source/CMSIS_RTOS_V2/cmsis_os2.o
                0x00000000080099a8                vApplicationGetIdleTaskMemory
 .text.vApplicationGetTimerTaskMemory
                0x00000000080099c4       0x20 ./Middlewares/Third_Party/FreeRTOS/Source/CMSIS_RTOS_V2/cmsis_os2.o
                0x00000000080099c4                vApplicationGetTimerTaskMemory
 .text.vListInitialise
                0x00000000080099e4       0x18 ./Middlewares/Third_Party/FreeRTOS/Source/list.o
                0x00000000080099e4                vListInitialise
 .text.vListInitialiseItem
                0x00000000080099fc        0x8 ./Middlewares/Third_Party/FreeRTOS/Source/list.o
                0x00000000080099fc                vListInitialiseItem
 .text.vListInsertEnd
                0x0000000008009a04       0x20 ./Middlewares/Third_Party/FreeRTOS/Source/list.o
                0x0000000008009a04                vListInsertEnd
 .text.vListInsert
                0x0000000008009a24       0x30 ./Middlewares/Third_Party/FreeRTOS/Source/list.o
                0x0000000008009a24                vListInsert
 .text.uxListRemove
                0x0000000008009a54       0x28 ./Middlewares/Third_Party/FreeRTOS/Source/list.o
                0x0000000008009a54                uxListRemove
 .text.prvCopyDataToQueue
                0x0000000008009a7c       0x84 ./Middlewares/Third_Party/FreeRTOS/Source/queue.o
 .text.xQueueGenericCreateStatic
                0x0000000008009b00       0xec ./Middlewares/Third_Party/FreeRTOS/Source/queue.o
                0x0000000008009b00                xQueueGenericCreateStatic
 .text.xQueueGenericCreate
                0x0000000008009bec       0x9c ./Middlewares/Third_Party/FreeRTOS/Source/queue.o
                0x0000000008009bec                xQueueGenericCreate
 .text.xQueueCreateCountingSemaphoreStatic
                0x0000000008009c88       0xd4 ./Middlewares/Third_Party/FreeRTOS/Source/queue.o
                0x0000000008009c88                xQueueCreateCountingSemaphoreStatic
 .text.xQueueCreateCountingSemaphore
                0x0000000008009d5c       0x94 ./Middlewares/Third_Party/FreeRTOS/Source/queue.o
                0x0000000008009d5c                xQueueCreateCountingSemaphore
 .text.xQueueGenericSend
                0x0000000008009df0      0x314 ./Middlewares/Third_Party/FreeRTOS/Source/queue.o
                0x0000000008009df0                xQueueGenericSend
 .text.xQueueCreateMutexStatic
                0x000000000800a104       0xa8 ./Middlewares/Third_Party/FreeRTOS/Source/queue.o
                0x000000000800a104                xQueueCreateMutexStatic
 .text.xQueueGiveMutexRecursive
                0x000000000800a1ac       0x44 ./Middlewares/Third_Party/FreeRTOS/Source/queue.o
                0x000000000800a1ac                xQueueGiveMutexRecursive
 .text.xQueueCreateMutex
                0x000000000800a1f0       0x70 ./Middlewares/Third_Party/FreeRTOS/Source/queue.o
                0x000000000800a1f0                xQueueCreateMutex
 .text.xQueueGenericSendFromISR
                0x000000000800a260       0xe4 ./Middlewares/Third_Party/FreeRTOS/Source/queue.o
                0x000000000800a260                xQueueGenericSendFromISR
 .text.xQueueGiveFromISR
                0x000000000800a344       0xc0 ./Middlewares/Third_Party/FreeRTOS/Source/queue.o
                0x000000000800a344                xQueueGiveFromISR
 .text.xQueueReceive
                0x000000000800a404      0x314 ./Middlewares/Third_Party/FreeRTOS/Source/queue.o
                0x000000000800a404                xQueueReceive
 .text.xQueueSemaphoreTake
                0x000000000800a718      0x320 ./Middlewares/Third_Party/FreeRTOS/Source/queue.o
                0x000000000800a718                xQueueSemaphoreTake
 .text.xQueueTakeMutexRecursive
                0x000000000800aa38       0x44 ./Middlewares/Third_Party/FreeRTOS/Source/queue.o
                0x000000000800aa38                xQueueTakeMutexRecursive
 .text.xQueueReceiveFromISR
                0x000000000800aa7c       0xcc ./Middlewares/Third_Party/FreeRTOS/Source/queue.o
                0x000000000800aa7c                xQueueReceiveFromISR
 .text.vQueueDelete
                0x000000000800ab48       0x94 ./Middlewares/Third_Party/FreeRTOS/Source/queue.o
                0x000000000800ab48                vQueueDelete
 .text.vQueueAddToRegistry
                0x000000000800abdc       0x50 ./Middlewares/Third_Party/FreeRTOS/Source/queue.o
                0x000000000800abdc                vQueueAddToRegistry
 .text.vQueueUnregisterQueue
                0x000000000800ac2c       0x64 ./Middlewares/Third_Party/FreeRTOS/Source/queue.o
                0x000000000800ac2c                vQueueUnregisterQueue
 .text.vQueueWaitForMessageRestricted
                0x000000000800ac90       0xc8 ./Middlewares/Third_Party/FreeRTOS/Source/queue.o
                0x000000000800ac90                vQueueWaitForMessageRestricted
 .text.prvAddNewTaskToReadyList
                0x000000000800ad58      0x110 ./Middlewares/Third_Party/FreeRTOS/Source/tasks.o
 .text.prvAddCurrentTaskToDelayedList
                0x000000000800ae68       0x78 ./Middlewares/Third_Party/FreeRTOS/Source/tasks.o
 .text.prvInitialiseNewTask.constprop.0
                0x000000000800aee0      0x138 ./Middlewares/Third_Party/FreeRTOS/Source/tasks.o
 .text.prvIdleTask
                0x000000000800b018       0x9c ./Middlewares/Third_Party/FreeRTOS/Source/tasks.o
 .text.xTaskCreateStatic
                0x000000000800b0b4       0x80 ./Middlewares/Third_Party/FreeRTOS/Source/tasks.o
                0x000000000800b0b4                xTaskCreateStatic
 .text.xTaskCreate
                0x000000000800b134       0x64 ./Middlewares/Third_Party/FreeRTOS/Source/tasks.o
                0x000000000800b134                xTaskCreate
 .text.vTaskStartScheduler
                0x000000000800b198      0x138 ./Middlewares/Third_Party/FreeRTOS/Source/tasks.o
                0x000000000800b198                vTaskStartScheduler
 .text.vTaskSuspendAll
                0x000000000800b2d0       0x10 ./Middlewares/Third_Party/FreeRTOS/Source/tasks.o
                0x000000000800b2d0                vTaskSuspendAll
 .text.xTaskGetTickCount
                0x000000000800b2e0        0xc ./Middlewares/Third_Party/FreeRTOS/Source/tasks.o
                0x000000000800b2e0                xTaskGetTickCount
 .text.xTaskGetTickCountFromISR
                0x000000000800b2ec       0x10 ./Middlewares/Third_Party/FreeRTOS/Source/tasks.o
                0x000000000800b2ec                xTaskGetTickCountFromISR
 .text.xTaskIncrementTick
                0x000000000800b2fc      0x170 ./Middlewares/Third_Party/FreeRTOS/Source/tasks.o
                0x000000000800b2fc                xTaskIncrementTick
 .text.xTaskResumeAll.part.0
                0x000000000800b46c      0x120 ./Middlewares/Third_Party/FreeRTOS/Source/tasks.o
 .text.xTaskResumeAll
                0x000000000800b58c       0x24 ./Middlewares/Third_Party/FreeRTOS/Source/tasks.o
                0x000000000800b58c                xTaskResumeAll
 .text.vTaskDelay
                0x000000000800b5b0       0x68 ./Middlewares/Third_Party/FreeRTOS/Source/tasks.o
                0x000000000800b5b0                vTaskDelay
 .text.vTaskDelayUntil
                0x000000000800b618       0xbc ./Middlewares/Third_Party/FreeRTOS/Source/tasks.o
                0x000000000800b618                vTaskDelayUntil
 .text.vTaskSwitchContext
                0x000000000800b6d4       0x8c ./Middlewares/Third_Party/FreeRTOS/Source/tasks.o
                0x000000000800b6d4                vTaskSwitchContext
 .text.vTaskPlaceOnEventList
                0x000000000800b760       0x94 ./Middlewares/Third_Party/FreeRTOS/Source/tasks.o
                0x000000000800b760                vTaskPlaceOnEventList
 .text.vTaskPlaceOnEventListRestricted
                0x000000000800b7f4       0xa8 ./Middlewares/Third_Party/FreeRTOS/Source/tasks.o
                0x000000000800b7f4                vTaskPlaceOnEventListRestricted
 .text.xTaskRemoveFromEventList
                0x000000000800b89c       0x98 ./Middlewares/Third_Party/FreeRTOS/Source/tasks.o
                0x000000000800b89c                xTaskRemoveFromEventList
 .text.vTaskInternalSetTimeOutState
                0x000000000800b934       0x18 ./Middlewares/Third_Party/FreeRTOS/Source/tasks.o
                0x000000000800b934                vTaskInternalSetTimeOutState
 .text.xTaskCheckForTimeOut
                0x000000000800b94c       0xb0 ./Middlewares/Third_Party/FreeRTOS/Source/tasks.o
                0x000000000800b94c                xTaskCheckForTimeOut
 .text.vTaskMissedYield
                0x000000000800b9fc        0xc ./Middlewares/Third_Party/FreeRTOS/Source/tasks.o
                0x000000000800b9fc                vTaskMissedYield
 .text.xTaskGetCurrentTaskHandle
                0x000000000800ba08        0xc ./Middlewares/Third_Party/FreeRTOS/Source/tasks.o
                0x000000000800ba08                xTaskGetCurrentTaskHandle
 .text.xTaskGetSchedulerState
                0x000000000800ba14       0x20 ./Middlewares/Third_Party/FreeRTOS/Source/tasks.o
                0x000000000800ba14                xTaskGetSchedulerState
 .text.xTaskPriorityInherit
                0x000000000800ba34       0x8c ./Middlewares/Third_Party/FreeRTOS/Source/tasks.o
                0x000000000800ba34                xTaskPriorityInherit
 .text.xTaskPriorityDisinherit
                0x000000000800bac0       0x94 ./Middlewares/Third_Party/FreeRTOS/Source/tasks.o
                0x000000000800bac0                xTaskPriorityDisinherit
 .text.vTaskPriorityDisinheritAfterTimeout
                0x000000000800bb54       0xb0 ./Middlewares/Third_Party/FreeRTOS/Source/tasks.o
                0x000000000800bb54                vTaskPriorityDisinheritAfterTimeout
 .text.pvTaskIncrementMutexHeldCount
                0x000000000800bc04       0x18 ./Middlewares/Third_Party/FreeRTOS/Source/tasks.o
                0x000000000800bc04                pvTaskIncrementMutexHeldCount
 .text.prvSwitchTimerLists
                0x000000000800bc1c       0xa0 ./Middlewares/Third_Party/FreeRTOS/Source/timers.o
 .text.prvTimerTask
                0x000000000800bcbc      0x2a0 ./Middlewares/Third_Party/FreeRTOS/Source/timers.o
 .text.xTimerCreateTimerTask
                0x000000000800bf5c       0xc0 ./Middlewares/Third_Party/FreeRTOS/Source/timers.o
                0x000000000800bf5c                xTimerCreateTimerTask
 .text.prvPortStartFirstTask
                0x000000000800c01c       0x28 ./Middlewares/Third_Party/FreeRTOS/Source/portable/GCC/ARM_CM7/r0p1/port.o
 .text.vPortEnableVFP
                0x000000000800c044       0x14 ./Middlewares/Third_Party/FreeRTOS/Source/portable/GCC/ARM_CM7/r0p1/port.o
 .text.prvTaskExitError
                0x000000000800c058       0x48 ./Middlewares/Third_Party/FreeRTOS/Source/portable/GCC/ARM_CM7/r0p1/port.o
 .text.pxPortInitialiseStack
                0x000000000800c0a0       0x30 ./Middlewares/Third_Party/FreeRTOS/Source/portable/GCC/ARM_CM7/r0p1/port.o
                0x000000000800c0a0                pxPortInitialiseStack
 .text.SVC_Handler
                0x000000000800c0d0       0x24 ./Middlewares/Third_Party/FreeRTOS/Source/portable/GCC/ARM_CM7/r0p1/port.o
                0x000000000800c0d0                SVC_Handler
 .text.vPortEnterCritical
                0x000000000800c0f4       0x4c ./Middlewares/Third_Party/FreeRTOS/Source/portable/GCC/ARM_CM7/r0p1/port.o
                0x000000000800c0f4                vPortEnterCritical
 .text.vPortExitCritical
                0x000000000800c140       0x2c ./Middlewares/Third_Party/FreeRTOS/Source/portable/GCC/ARM_CM7/r0p1/port.o
                0x000000000800c140                vPortExitCritical
 *fill*         0x000000000800c16c        0x4 
 .text.PendSV_Handler
                0x000000000800c170       0x64 ./Middlewares/Third_Party/FreeRTOS/Source/portable/GCC/ARM_CM7/r0p1/port.o
                0x000000000800c170                PendSV_Handler
 .text.xPortSysTickHandler
                0x000000000800c1d4       0x30 ./Middlewares/Third_Party/FreeRTOS/Source/portable/GCC/ARM_CM7/r0p1/port.o
                0x000000000800c1d4                xPortSysTickHandler
 .text.vPortSetupTimerInterrupt
                0x000000000800c204       0x28 ./Middlewares/Third_Party/FreeRTOS/Source/portable/GCC/ARM_CM7/r0p1/port.o
                0x000000000800c204                vPortSetupTimerInterrupt
 .text.xPortStartScheduler
                0x000000000800c22c      0x108 ./Middlewares/Third_Party/FreeRTOS/Source/portable/GCC/ARM_CM7/r0p1/port.o
                0x000000000800c22c                xPortStartScheduler
 .text.vPortValidateInterruptPriority
                0x000000000800c334       0x64 ./Middlewares/Third_Party/FreeRTOS/Source/portable/GCC/ARM_CM7/r0p1/port.o
                0x000000000800c334                vPortValidateInterruptPriority
 .text.pvPortMalloc
                0x000000000800c398      0x170 ./Middlewares/Third_Party/FreeRTOS/Source/portable/MemMang/heap_4.o
                0x000000000800c398                pvPortMalloc
 .text.vPortFree
                0x000000000800c508       0xc0 ./Middlewares/Third_Party/FreeRTOS/Source/portable/MemMang/heap_4.o
                0x000000000800c508                vPortFree
 .text.xPortGetFreeHeapSize
                0x000000000800c5c8        0xc ./Middlewares/Third_Party/FreeRTOS/Source/portable/MemMang/heap_4.o
                0x000000000800c5c8                xPortGetFreeHeapSize
 .text.xPortGetMinimumEverFreeHeapSize
                0x000000000800c5d4        0xc ./Middlewares/Third_Party/FreeRTOS/Source/portable/MemMang/heap_4.o
                0x000000000800c5d4                xPortGetMinimumEverFreeHeapSize
 .text.MP3InitDecoder
                0x000000000800c5e0        0x4 ./Mp3Helix/mp3dec.o
                0x000000000800c5e0                MP3InitDecoder
 .text.MP3FindSyncWord
                0x000000000800c5e4       0x34 ./Mp3Helix/mp3dec.o
                0x000000000800c5e4                MP3FindSyncWord
 .text.MP3GetNextFrameInfo
                0x000000000800c618       0x60 ./Mp3Helix/mp3dec.o
                0x000000000800c618                MP3GetNextFrameInfo
 .text.MP3Decode
                0x000000000800c678      0x4d0 ./Mp3Helix/mp3dec.o
                0x000000000800c678                MP3Decode
 .text.xmp3_SetBitstreamPointer
                0x000000000800cb48        0xc ./Mp3Helix/real/bitstream.o
                0x000000000800cb48                xmp3_SetBitstreamPointer
 .text.xmp3_GetBits
                0x000000000800cb54       0xd0 ./Mp3Helix/real/bitstream.o
                0x000000000800cb54                xmp3_GetBits
 .text.xmp3_CalcBitsUsed
                0x000000000800cc24       0x14 ./Mp3Helix/real/bitstream.o
                0x000000000800cc24                xmp3_CalcBitsUsed
 .text.xmp3_CheckPadBit
                0x000000000800cc38       0x18 ./Mp3Helix/real/bitstream.o
                0x000000000800cc38                xmp3_CheckPadBit
 .text.xmp3_UnpackFrameHeader
                0x000000000800cc50      0x1dc ./Mp3Helix/real/bitstream.o
                0x000000000800cc50                xmp3_UnpackFrameHeader
 .text.xmp3_UnpackSideInfo
                0x000000000800ce2c     0x10f0 ./Mp3Helix/real/bitstream.o
                0x000000000800ce2c                xmp3_UnpackSideInfo
 .text.xmp3_FreeBuffers
                0x000000000800df1c       0x68 ./Mp3Helix/real/buffers.o
                0x000000000800df1c                xmp3_FreeBuffers
 .text.xmp3_AllocateBuffers
                0x000000000800df84      0x104 ./Mp3Helix/real/buffers.o
                0x000000000800df84                xmp3_AllocateBuffers
 .text.xmp3_FDCT32
                0x000000000800e088      0x9c0 ./Mp3Helix/real/dct32.o
                0x000000000800e088                xmp3_FDCT32
 .text.xmp3_Dequantize
                0x000000000800ea48      0x354 ./Mp3Helix/real/dequant.o
                0x000000000800ea48                xmp3_Dequantize
 .text.DequantBlock
                0x000000000800ed9c      0x1e8 ./Mp3Helix/real/dqchan.o
 .text.xmp3_DequantChannel
                0x000000000800ef84      0x2d8 ./Mp3Helix/real/dqchan.o
                0x000000000800ef84                xmp3_DequantChannel
 .text.xmp3_DecodeHuffman
                0x000000000800f25c      0x760 ./Mp3Helix/real/huffman.o
                0x000000000800f25c                xmp3_DecodeHuffman
 .text.FreqInvertRescale
                0x000000000800f9bc      0x4e0 ./Mp3Helix/real/imdct.o
 .text.WinPrevious.part.0
                0x000000000800fe9c       0xe4 ./Mp3Helix/real/imdct.o
 .text.xmp3_IMDCT
                0x000000000800ff80     0x2110 ./Mp3Helix/real/imdct.o
                0x000000000800ff80                xmp3_IMDCT
 .text.xmp3_UnpackScaleFactors
                0x0000000008012090      0x8e4 ./Mp3Helix/real/scalfact.o
                0x0000000008012090                xmp3_UnpackScaleFactors
 .text.xmp3_MidSideProc
                0x0000000008012974       0x64 ./Mp3Helix/real/stproc.o
                0x0000000008012974                xmp3_MidSideProc
 .text.xmp3_IntensityProcMPEG1
                0x00000000080129d8      0x374 ./Mp3Helix/real/stproc.o
                0x00000000080129d8                xmp3_IntensityProcMPEG1
 .text.xmp3_IntensityProcMPEG2
                0x0000000008012d4c      0x270 ./Mp3Helix/real/stproc.o
                0x0000000008012d4c                xmp3_IntensityProcMPEG2
 .text.xmp3_Subband
                0x0000000008012fbc      0x118 ./Mp3Helix/real/subband.o
                0x0000000008012fbc                xmp3_Subband
 .text.__errno  0x00000000080130d4        0xc c:/st/stm32cubeide_1.8.0/stm32cubeide/plugins/com.st.stm32cube.ide.mcu.externaltools.gnu-tools-for-stm32.10.3-2021.10.win32_1.0.0.202111181127/tools/bin/../lib/gcc/arm-none-eabi/10.3.1/../../../../arm-none-eabi/lib/thumb/v7e-m+fp/hard\libc_nano.a(lib_a-errno.o)
                0x00000000080130d4                __errno
 .text.__libc_init_array
                0x00000000080130e0       0x48 c:/st/stm32cubeide_1.8.0/stm32cubeide/plugins/com.st.stm32cube.ide.mcu.externaltools.gnu-tools-for-stm32.10.3-2021.10.win32_1.0.0.202111181127/tools/bin/../lib/gcc/arm-none-eabi/10.3.1/../../../../arm-none-eabi/lib/thumb/v7e-m+fp/hard\libc_nano.a(lib_a-init.o)
                0x00000000080130e0                __libc_init_array
 .text.memcpy   0x0000000008013128       0x1c c:/st/stm32cubeide_1.8.0/stm32cubeide/plugins/com.st.stm32cube.ide.mcu.externaltools.gnu-tools-for-stm32.10.3-2021.10.win32_1.0.0.202111181127/tools/bin/../lib/gcc/arm-none-eabi/10.3.1/../../../../arm-none-eabi/lib/thumb/v7e-m+fp/hard\libc_nano.a(lib_a-memcpy-stub.o)
                0x0000000008013128                memcpy
 .text.memmove  0x0000000008013144       0x34 c:/st/stm32cubeide_1.8.0/stm32cubeide/plugins/com.st.stm32cube.ide.mcu.externaltools.gnu-tools-for-stm32.10.3-2021.10.win32_1.0.0.202111181127/tools/bin/../lib/gcc/arm-none-eabi/10.3.1/../../../../arm-none-eabi/lib/thumb/v7e-m+fp/hard\libc_nano.a(lib_a-memmove.o)
                0x0000000008013144                memmove
 .text.memset   0x0000000008013178       0x10 c:/st/stm32cubeide_1.8.0/stm32cubeide/plugins/com.st.stm32cube.ide.mcu.externaltools.gnu-tools-for-stm32.10.3-2021.10.win32_1.0.0.202111181127/tools/bin/../lib/gcc/arm-none-eabi/10.3.1/../../../../arm-none-eabi/lib/thumb/v7e-m+fp/hard\libc_nano.a(lib_a-memset.o)
                0x0000000008013178                memset
 .text.__cvt    0x0000000008013188       0xc4 c:/st/stm32cubeide_1.8.0/stm32cubeide/plugins/com.st.stm32cube.ide.mcu.externaltools.gnu-tools-for-stm32.10.3-2021.10.win32_1.0.0.202111181127/tools/bin/../lib/gcc/arm-none-eabi/10.3.1/../../../../arm-none-eabi/lib/thumb/v7e-m+fp/hard\libc_nano.a(lib_a-nano-vfprintf_float.o)
                0x0000000008013188                __cvt
 .text.__exponent
                0x000000000801324c       0x7c c:/st/stm32cubeide_1.8.0/stm32cubeide/plugins/com.st.stm32cube.ide.mcu.externaltools.gnu-tools-for-stm32.10.3-2021.10.win32_1.0.0.202111181127/tools/bin/../lib/gcc/arm-none-eabi/10.3.1/../../../../arm-none-eabi/lib/thumb/v7e-m+fp/hard\libc_nano.a(lib_a-nano-vfprintf_float.o)
                0x000000000801324c                __exponent
 .text._printf_float
                0x00000000080132c8      0x46c c:/st/stm32cubeide_1.8.0/stm32cubeide/plugins/com.st.stm32cube.ide.mcu.externaltools.gnu-tools-for-stm32.10.3-2021.10.win32_1.0.0.202111181127/tools/bin/../lib/gcc/arm-none-eabi/10.3.1/../../../../arm-none-eabi/lib/thumb/v7e-m+fp/hard\libc_nano.a(lib_a-nano-vfprintf_float.o)
                0x00000000080132c8                _printf_float
 .text._printf_common
                0x0000000008013734       0xda c:/st/stm32cubeide_1.8.0/stm32cubeide/plugins/com.st.stm32cube.ide.mcu.externaltools.gnu-tools-for-stm32.10.3-2021.10.win32_1.0.0.202111181127/tools/bin/../lib/gcc/arm-none-eabi/10.3.1/../../../../arm-none-eabi/lib/thumb/v7e-m+fp/hard\libc_nano.a(lib_a-nano-vfprintf_i.o)
                0x0000000008013734                _printf_common
 *fill*         0x000000000801380e        0x2 
 .text._printf_i
                0x0000000008013810      0x24c c:/st/stm32cubeide_1.8.0/stm32cubeide/plugins/com.st.stm32cube.ide.mcu.externaltools.gnu-tools-for-stm32.10.3-2021.10.win32_1.0.0.202111181127/tools/bin/../lib/gcc/arm-none-eabi/10.3.1/../../../../arm-none-eabi/lib/thumb/v7e-m+fp/hard\libc_nano.a(lib_a-nano-vfprintf_i.o)
                0x0000000008013810                _printf_i
 .text.sprintf  0x0000000008013a5c       0x40 c:/st/stm32cubeide_1.8.0/stm32cubeide/plugins/com.st.stm32cube.ide.mcu.externaltools.gnu-tools-for-stm32.10.3-2021.10.win32_1.0.0.202111181127/tools/bin/../lib/gcc/arm-none-eabi/10.3.1/../../../../arm-none-eabi/lib/thumb/v7e-m+fp/hard\libc_nano.a(lib_a-sprintf.o)
                0x0000000008013a5c                siprintf
                0x0000000008013a5c                sprintf
 .text.sscanf   0x0000000008013a9c       0x58 c:/st/stm32cubeide_1.8.0/stm32cubeide/plugins/com.st.stm32cube.ide.mcu.externaltools.gnu-tools-for-stm32.10.3-2021.10.win32_1.0.0.202111181127/tools/bin/../lib/gcc/arm-none-eabi/10.3.1/../../../../arm-none-eabi/lib/thumb/v7e-m+fp/hard\libc_nano.a(lib_a-sscanf.o)
                0x0000000008013a9c                siscanf
                0x0000000008013a9c                sscanf
 .text.__sread  0x0000000008013af4       0x22 c:/st/stm32cubeide_1.8.0/stm32cubeide/plugins/com.st.stm32cube.ide.mcu.externaltools.gnu-tools-for-stm32.10.3-2021.10.win32_1.0.0.202111181127/tools/bin/../lib/gcc/arm-none-eabi/10.3.1/../../../../arm-none-eabi/lib/thumb/v7e-m+fp/hard\libc_nano.a(lib_a-stdio.o)
                0x0000000008013af4                __sread
 .text.__seofread
                0x0000000008013b16        0x4 c:/st/stm32cubeide_1.8.0/stm32cubeide/plugins/com.st.stm32cube.ide.mcu.externaltools.gnu-tools-for-stm32.10.3-2021.10.win32_1.0.0.202111181127/tools/bin/../lib/gcc/arm-none-eabi/10.3.1/../../../../arm-none-eabi/lib/thumb/v7e-m+fp/hard\libc_nano.a(lib_a-stdio.o)
                0x0000000008013b16                __seofread
 .text.__swrite
                0x0000000008013b1a       0x38 c:/st/stm32cubeide_1.8.0/stm32cubeide/plugins/com.st.stm32cube.ide.mcu.externaltools.gnu-tools-for-stm32.10.3-2021.10.win32_1.0.0.202111181127/tools/bin/../lib/gcc/arm-none-eabi/10.3.1/../../../../arm-none-eabi/lib/thumb/v7e-m+fp/hard\libc_nano.a(lib_a-stdio.o)
                0x0000000008013b1a                __swrite
 .text.__sseek  0x0000000008013b52       0x24 c:/st/stm32cubeide_1.8.0/stm32cubeide/plugins/com.st.stm32cube.ide.mcu.externaltools.gnu-tools-for-stm32.10.3-2021.10.win32_1.0.0.202111181127/tools/bin/../lib/gcc/arm-none-eabi/10.3.1/../../../../arm-none-eabi/lib/thumb/v7e-m+fp/hard\libc_nano.a(lib_a-stdio.o)
                0x0000000008013b52                __sseek
 .text.__sclose
                0x0000000008013b76        0x8 c:/st/stm32cubeide_1.8.0/stm32cubeide/plugins/com.st.stm32cube.ide.mcu.externaltools.gnu-tools-for-stm32.10.3-2021.10.win32_1.0.0.202111181127/tools/bin/../lib/gcc/arm-none-eabi/10.3.1/../../../../arm-none-eabi/lib/thumb/v7e-m+fp/hard\libc_nano.a(lib_a-stdio.o)
                0x0000000008013b76                __sclose
 .text.strchr   0x0000000008013b7e       0x1a c:/st/stm32cubeide_1.8.0/stm32cubeide/plugins/com.st.stm32cube.ide.mcu.externaltools.gnu-tools-for-stm32.10.3-2021.10.win32_1.0.0.202111181127/tools/bin/../lib/gcc/arm-none-eabi/10.3.1/../../../../arm-none-eabi/lib/thumb/v7e-m+fp/hard\libc_nano.a(lib_a-strchr.o)
                0x0000000008013b7e                strchr
 .text.strcpy   0x0000000008013b98       0x10 c:/st/stm32cubeide_1.8.0/stm32cubeide/plugins/com.st.stm32cube.ide.mcu.externaltools.gnu-tools-for-stm32.10.3-2021.10.win32_1.0.0.202111181127/tools/bin/../lib/gcc/arm-none-eabi/10.3.1/../../../../arm-none-eabi/lib/thumb/v7e-m+fp/hard\libc_nano.a(lib_a-strcpy.o)
                0x0000000008013b98                strcpy
 .text.strstr   0x0000000008013ba8       0x2c c:/st/stm32cubeide_1.8.0/stm32cubeide/plugins/com.st.stm32cube.ide.mcu.externaltools.gnu-tools-for-stm32.10.3-2021.10.win32_1.0.0.202111181127/tools/bin/../lib/gcc/arm-none-eabi/10.3.1/../../../../arm-none-eabi/lib/thumb/v7e-m+fp/hard\libc_nano.a(lib_a-strstr.o)
                0x0000000008013ba8                strstr
 .text._vsnprintf_r
                0x0000000008013bd4       0x56 c:/st/stm32cubeide_1.8.0/stm32cubeide/plugins/com.st.stm32cube.ide.mcu.externaltools.gnu-tools-for-stm32.10.3-2021.10.win32_1.0.0.202111181127/tools/bin/../lib/gcc/arm-none-eabi/10.3.1/../../../../arm-none-eabi/lib/thumb/v7e-m+fp/hard\libc_nano.a(lib_a-vsnprintf.o)
                0x0000000008013bd4                _vsniprintf_r
                0x0000000008013bd4                _vsnprintf_r
 *fill*         0x0000000008013c2a        0x2 
 .text.vsnprintf
                0x0000000008013c2c       0x1c c:/st/stm32cubeide_1.8.0/stm32cubeide/plugins/com.st.stm32cube.ide.mcu.externaltools.gnu-tools-for-stm32.10.3-2021.10.win32_1.0.0.202111181127/tools/bin/../lib/gcc/arm-none-eabi/10.3.1/../../../../arm-none-eabi/lib/thumb/v7e-m+fp/hard\libc_nano.a(lib_a-vsnprintf.o)
                0x0000000008013c2c                vsniprintf
                0x0000000008013c2c                vsnprintf
 .text._write_r
                0x0000000008013c48       0x24 c:/st/stm32cubeide_1.8.0/stm32cubeide/plugins/com.st.stm32cube.ide.mcu.externaltools.gnu-tools-for-stm32.10.3-2021.10.win32_1.0.0.202111181127/tools/bin/../lib/gcc/arm-none-eabi/10.3.1/../../../../arm-none-eabi/lib/thumb/v7e-m+fp/hard\libc_nano.a(lib_a-writer.o)
                0x0000000008013c48                _write_r
 .text._close_r
                0x0000000008013c6c       0x20 c:/st/stm32cubeide_1.8.0/stm32cubeide/plugins/com.st.stm32cube.ide.mcu.externaltools.gnu-tools-for-stm32.10.3-2021.10.win32_1.0.0.202111181127/tools/bin/../lib/gcc/arm-none-eabi/10.3.1/../../../../arm-none-eabi/lib/thumb/v7e-m+fp/hard\libc_nano.a(lib_a-closer.o)
                0x0000000008013c6c                _close_r
 .text.quorem   0x0000000008013c8c      0x116 c:/st/stm32cubeide_1.8.0/stm32cubeide/plugins/com.st.stm32cube.ide.mcu.externaltools.gnu-tools-for-stm32.10.3-2021.10.win32_1.0.0.202111181127/tools/bin/../lib/gcc/arm-none-eabi/10.3.1/../../../../arm-none-eabi/lib/thumb/v7e-m+fp/hard\libc_nano.a(lib_a-dtoa.o)
 *fill*         0x0000000008013da2        0x6 
 .text._dtoa_r  0x0000000008013da8      0xbdc c:/st/stm32cubeide_1.8.0/stm32cubeide/plugins/com.st.stm32cube.ide.mcu.externaltools.gnu-tools-for-stm32.10.3-2021.10.win32_1.0.0.202111181127/tools/bin/../lib/gcc/arm-none-eabi/10.3.1/../../../../arm-none-eabi/lib/thumb/v7e-m+fp/hard\libc_nano.a(lib_a-dtoa.o)
                0x0000000008013da8                _dtoa_r
 .text._localeconv_r
                0x0000000008014984        0x8 c:/st/stm32cubeide_1.8.0/stm32cubeide/plugins/com.st.stm32cube.ide.mcu.externaltools.gnu-tools-for-stm32.10.3-2021.10.win32_1.0.0.202111181127/tools/bin/../lib/gcc/arm-none-eabi/10.3.1/../../../../arm-none-eabi/lib/thumb/v7e-m+fp/hard\libc_nano.a(lib_a-localeconv.o)
                0x0000000008014984                _localeconv_r
 .text._lseek_r
                0x000000000801498c       0x24 c:/st/stm32cubeide_1.8.0/stm32cubeide/plugins/com.st.stm32cube.ide.mcu.externaltools.gnu-tools-for-stm32.10.3-2021.10.win32_1.0.0.202111181127/tools/bin/../lib/gcc/arm-none-eabi/10.3.1/../../../../arm-none-eabi/lib/thumb/v7e-m+fp/hard\libc_nano.a(lib_a-lseekr.o)
                0x000000000801498c                _lseek_r
 .text.malloc   0x00000000080149b0       0x10 c:/st/stm32cubeide_1.8.0/stm32cubeide/plugins/com.st.stm32cube.ide.mcu.externaltools.gnu-tools-for-stm32.10.3-2021.10.win32_1.0.0.202111181127/tools/bin/../lib/gcc/arm-none-eabi/10.3.1/../../../../arm-none-eabi/lib/thumb/v7e-m+fp/hard\libc_nano.a(lib_a-malloc.o)
                0x00000000080149b0                malloc
 .text._Balloc  0x00000000080149c0       0x80 c:/st/stm32cubeide_1.8.0/stm32cubeide/plugins/com.st.stm32cube.ide.mcu.externaltools.gnu-tools-for-stm32.10.3-2021.10.win32_1.0.0.202111181127/tools/bin/../lib/gcc/arm-none-eabi/10.3.1/../../../../arm-none-eabi/lib/thumb/v7e-m+fp/hard\libc_nano.a(lib_a-mprec.o)
                0x00000000080149c0                _Balloc
 .text._Bfree   0x0000000008014a40       0x44 c:/st/stm32cubeide_1.8.0/stm32cubeide/plugins/com.st.stm32cube.ide.mcu.externaltools.gnu-tools-for-stm32.10.3-2021.10.win32_1.0.0.202111181127/tools/bin/../lib/gcc/arm-none-eabi/10.3.1/../../../../arm-none-eabi/lib/thumb/v7e-m+fp/hard\libc_nano.a(lib_a-mprec.o)
                0x0000000008014a40                _Bfree
 .text.__multadd
                0x0000000008014a84       0x8c c:/st/stm32cubeide_1.8.0/stm32cubeide/plugins/com.st.stm32cube.ide.mcu.externaltools.gnu-tools-for-stm32.10.3-2021.10.win32_1.0.0.202111181127/tools/bin/../lib/gcc/arm-none-eabi/10.3.1/../../../../arm-none-eabi/lib/thumb/v7e-m+fp/hard\libc_nano.a(lib_a-mprec.o)
                0x0000000008014a84                __multadd
 .text.__hi0bits
                0x0000000008014b10       0x40 c:/st/stm32cubeide_1.8.0/stm32cubeide/plugins/com.st.stm32cube.ide.mcu.externaltools.gnu-tools-for-stm32.10.3-2021.10.win32_1.0.0.202111181127/tools/bin/../lib/gcc/arm-none-eabi/10.3.1/../../../../arm-none-eabi/lib/thumb/v7e-m+fp/hard\libc_nano.a(lib_a-mprec.o)
                0x0000000008014b10                __hi0bits
 .text.__lo0bits
                0x0000000008014b50       0x5e c:/st/stm32cubeide_1.8.0/stm32cubeide/plugins/com.st.stm32cube.ide.mcu.externaltools.gnu-tools-for-stm32.10.3-2021.10.win32_1.0.0.202111181127/tools/bin/../lib/gcc/arm-none-eabi/10.3.1/../../../../arm-none-eabi/lib/thumb/v7e-m+fp/hard\libc_nano.a(lib_a-mprec.o)
                0x0000000008014b50                __lo0bits
 *fill*         0x0000000008014bae        0x2 
 .text.__i2b    0x0000000008014bb0       0x2c c:/st/stm32cubeide_1.8.0/stm32cubeide/plugins/com.st.stm32cube.ide.mcu.externaltools.gnu-tools-for-stm32.10.3-2021.10.win32_1.0.0.202111181127/tools/bin/../lib/gcc/arm-none-eabi/10.3.1/../../../../arm-none-eabi/lib/thumb/v7e-m+fp/hard\libc_nano.a(lib_a-mprec.o)
                0x0000000008014bb0                __i2b
 .text.__multiply
                0x0000000008014bdc      0x154 c:/st/stm32cubeide_1.8.0/stm32cubeide/plugins/com.st.stm32cube.ide.mcu.externaltools.gnu-tools-for-stm32.10.3-2021.10.win32_1.0.0.202111181127/tools/bin/../lib/gcc/arm-none-eabi/10.3.1/../../../../arm-none-eabi/lib/thumb/v7e-m+fp/hard\libc_nano.a(lib_a-mprec.o)
                0x0000000008014bdc                __multiply
 .text.__pow5mult
                0x0000000008014d30       0xb4 c:/st/stm32cubeide_1.8.0/stm32cubeide/plugins/com.st.stm32cube.ide.mcu.externaltools.gnu-tools-for-stm32.10.3-2021.10.win32_1.0.0.202111181127/tools/bin/../lib/gcc/arm-none-eabi/10.3.1/../../../../arm-none-eabi/lib/thumb/v7e-m+fp/hard\libc_nano.a(lib_a-mprec.o)
                0x0000000008014d30                __pow5mult
 .text.__lshift
                0x0000000008014de4       0xe0 c:/st/stm32cubeide_1.8.0/stm32cubeide/plugins/com.st.stm32cube.ide.mcu.externaltools.gnu-tools-for-stm32.10.3-2021.10.win32_1.0.0.202111181127/tools/bin/../lib/gcc/arm-none-eabi/10.3.1/../../../../arm-none-eabi/lib/thumb/v7e-m+fp/hard\libc_nano.a(lib_a-mprec.o)
                0x0000000008014de4                __lshift
 .text.__mcmp   0x0000000008014ec4       0x38 c:/st/stm32cubeide_1.8.0/stm32cubeide/plugins/com.st.stm32cube.ide.mcu.externaltools.gnu-tools-for-stm32.10.3-2021.10.win32_1.0.0.202111181127/tools/bin/../lib/gcc/arm-none-eabi/10.3.1/../../../../arm-none-eabi/lib/thumb/v7e-m+fp/hard\libc_nano.a(lib_a-mprec.o)
                0x0000000008014ec4                __mcmp
 .text.__mdiff  0x0000000008014efc      0x114 c:/st/stm32cubeide_1.8.0/stm32cubeide/plugins/com.st.stm32cube.ide.mcu.externaltools.gnu-tools-for-stm32.10.3-2021.10.win32_1.0.0.202111181127/tools/bin/../lib/gcc/arm-none-eabi/10.3.1/../../../../arm-none-eabi/lib/thumb/v7e-m+fp/hard\libc_nano.a(lib_a-mprec.o)
                0x0000000008014efc                __mdiff
 .text.__d2b    0x0000000008015010       0xb8 c:/st/stm32cubeide_1.8.0/stm32cubeide/plugins/com.st.stm32cube.ide.mcu.externaltools.gnu-tools-for-stm32.10.3-2021.10.win32_1.0.0.202111181127/tools/bin/../lib/gcc/arm-none-eabi/10.3.1/../../../../arm-none-eabi/lib/thumb/v7e-m+fp/hard\libc_nano.a(lib_a-mprec.o)
                0x0000000008015010                __d2b
 .text._calloc_r
                0x00000000080150c8       0x2c c:/st/stm32cubeide_1.8.0/stm32cubeide/plugins/com.st.stm32cube.ide.mcu.externaltools.gnu-tools-for-stm32.10.3-2021.10.win32_1.0.0.202111181127/tools/bin/../lib/gcc/arm-none-eabi/10.3.1/../../../../arm-none-eabi/lib/thumb/v7e-m+fp/hard\libc_nano.a(lib_a-nano-callocr.o)
                0x00000000080150c8                _calloc_r
 .text._free_r  0x00000000080150f4       0x98 c:/st/stm32cubeide_1.8.0/stm32cubeide/plugins/com.st.stm32cube.ide.mcu.externaltools.gnu-tools-for-stm32.10.3-2021.10.win32_1.0.0.202111181127/tools/bin/../lib/gcc/arm-none-eabi/10.3.1/../../../../arm-none-eabi/lib/thumb/v7e-m+fp/hard\libc_nano.a(lib_a-nano-freer.o)
                0x00000000080150f4                _free_r
 .text.sbrk_aligned
                0x000000000801518c       0x40 c:/st/stm32cubeide_1.8.0/stm32cubeide/plugins/com.st.stm32cube.ide.mcu.externaltools.gnu-tools-for-stm32.10.3-2021.10.win32_1.0.0.202111181127/tools/bin/../lib/gcc/arm-none-eabi/10.3.1/../../../../arm-none-eabi/lib/thumb/v7e-m+fp/hard\libc_nano.a(lib_a-nano-mallocr.o)
 .text._malloc_r
                0x00000000080151cc       0xe8 c:/st/stm32cubeide_1.8.0/stm32cubeide/plugins/com.st.stm32cube.ide.mcu.externaltools.gnu-tools-for-stm32.10.3-2021.10.win32_1.0.0.202111181127/tools/bin/../lib/gcc/arm-none-eabi/10.3.1/../../../../arm-none-eabi/lib/thumb/v7e-m+fp/hard\libc_nano.a(lib_a-nano-mallocr.o)
                0x00000000080151cc                _malloc_r
 .text.__ssputs_r
                0x00000000080152b4       0xb6 c:/st/stm32cubeide_1.8.0/stm32cubeide/plugins/com.st.stm32cube.ide.mcu.externaltools.gnu-tools-for-stm32.10.3-2021.10.win32_1.0.0.202111181127/tools/bin/../lib/gcc/arm-none-eabi/10.3.1/../../../../arm-none-eabi/lib/thumb/v7e-m+fp/hard\libc_nano.a(lib_a-nano-svfprintf.o)
                0x00000000080152b4                __ssputs_r
 *fill*         0x000000000801536a        0x2 
 .text._svfprintf_r
                0x000000000801536c      0x200 c:/st/stm32cubeide_1.8.0/stm32cubeide/plugins/com.st.stm32cube.ide.mcu.externaltools.gnu-tools-for-stm32.10.3-2021.10.win32_1.0.0.202111181127/tools/bin/../lib/gcc/arm-none-eabi/10.3.1/../../../../arm-none-eabi/lib/thumb/v7e-m+fp/hard\libc_nano.a(lib_a-nano-svfprintf.o)
                0x000000000801536c                _svfiprintf_r
                0x000000000801536c                _svfprintf_r
 .text._sungetc_r
                0x000000000801556c       0x7a c:/st/stm32cubeide_1.8.0/stm32cubeide/plugins/com.st.stm32cube.ide.mcu.externaltools.gnu-tools-for-stm32.10.3-2021.10.win32_1.0.0.202111181127/tools/bin/../lib/gcc/arm-none-eabi/10.3.1/../../../../arm-none-eabi/lib/thumb/v7e-m+fp/hard\libc_nano.a(lib_a-nano-svfscanf.o)
                0x000000000801556c                _sungetc_r
 .text.__ssrefill_r
                0x00000000080155e6       0x3a c:/st/stm32cubeide_1.8.0/stm32cubeide/plugins/com.st.stm32cube.ide.mcu.externaltools.gnu-tools-for-stm32.10.3-2021.10.win32_1.0.0.202111181127/tools/bin/../lib/gcc/arm-none-eabi/10.3.1/../../../../arm-none-eabi/lib/thumb/v7e-m+fp/hard\libc_nano.a(lib_a-nano-svfscanf.o)
                0x00000000080155e6                __ssrefill_r
 .text.__ssvfscanf_r
                0x0000000008015620      0x2f0 c:/st/stm32cubeide_1.8.0/stm32cubeide/plugins/com.st.stm32cube.ide.mcu.externaltools.gnu-tools-for-stm32.10.3-2021.10.win32_1.0.0.202111181127/tools/bin/../lib/gcc/arm-none-eabi/10.3.1/../../../../arm-none-eabi/lib/thumb/v7e-m+fp/hard\libc_nano.a(lib_a-nano-svfscanf.o)
                0x0000000008015620                __ssvfiscanf_r
                0x0000000008015620                __ssvfscanf_r
 .text._scanf_chars
                0x0000000008015910       0xb4 c:/st/stm32cubeide_1.8.0/stm32cubeide/plugins/com.st.stm32cube.ide.mcu.externaltools.gnu-tools-for-stm32.10.3-2021.10.win32_1.0.0.202111181127/tools/bin/../lib/gcc/arm-none-eabi/10.3.1/../../../../arm-none-eabi/lib/thumb/v7e-m+fp/hard\libc_nano.a(lib_a-nano-vfscanf_i.o)
                0x0000000008015910                _scanf_chars
 .text._scanf_i
                0x00000000080159c4      0x1f0 c:/st/stm32cubeide_1.8.0/stm32cubeide/plugins/com.st.stm32cube.ide.mcu.externaltools.gnu-tools-for-stm32.10.3-2021.10.win32_1.0.0.202111181127/tools/bin/../lib/gcc/arm-none-eabi/10.3.1/../../../../arm-none-eabi/lib/thumb/v7e-m+fp/hard\libc_nano.a(lib_a-nano-vfscanf_i.o)
                0x00000000080159c4                _scanf_i
 .text._read_r  0x0000000008015bb4       0x24 c:/st/stm32cubeide_1.8.0/stm32cubeide/plugins/com.st.stm32cube.ide.mcu.externaltools.gnu-tools-for-stm32.10.3-2021.10.win32_1.0.0.202111181127/tools/bin/../lib/gcc/arm-none-eabi/10.3.1/../../../../arm-none-eabi/lib/thumb/v7e-m+fp/hard\libc_nano.a(lib_a-readr.o)
                0x0000000008015bb4                _read_r
 .text._sbrk_r  0x0000000008015bd8       0x20 c:/st/stm32cubeide_1.8.0/stm32cubeide/plugins/com.st.stm32cube.ide.mcu.externaltools.gnu-tools-for-stm32.10.3-2021.10.win32_1.0.0.202111181127/tools/bin/../lib/gcc/arm-none-eabi/10.3.1/../../../../arm-none-eabi/lib/thumb/v7e-m+fp/hard\libc_nano.a(lib_a-sbrkr.o)
                0x0000000008015bd8                _sbrk_r
 .text.__sccl   0x0000000008015bf8       0x70 c:/st/stm32cubeide_1.8.0/stm32cubeide/plugins/com.st.stm32cube.ide.mcu.externaltools.gnu-tools-for-stm32.10.3-2021.10.win32_1.0.0.202111181127/tools/bin/../lib/gcc/arm-none-eabi/10.3.1/../../../../arm-none-eabi/lib/thumb/v7e-m+fp/hard\libc_nano.a(lib_a-sccl.o)
                0x0000000008015bf8                __sccl
 .text._strtol_l.constprop.0
                0x0000000008015c68      0x104 c:/st/stm32cubeide_1.8.0/stm32cubeide/plugins/com.st.stm32cube.ide.mcu.externaltools.gnu-tools-for-stm32.10.3-2021.10.win32_1.0.0.202111181127/tools/bin/../lib/gcc/arm-none-eabi/10.3.1/../../../../arm-none-eabi/lib/thumb/v7e-m+fp/hard\libc_nano.a(lib_a-strtol.o)
 .text._strtol_r
                0x0000000008015d6c        0x4 c:/st/stm32cubeide_1.8.0/stm32cubeide/plugins/com.st.stm32cube.ide.mcu.externaltools.gnu-tools-for-stm32.10.3-2021.10.win32_1.0.0.202111181127/tools/bin/../lib/gcc/arm-none-eabi/10.3.1/../../../../arm-none-eabi/lib/thumb/v7e-m+fp/hard\libc_nano.a(lib_a-strtol.o)
                0x0000000008015d6c                _strtol_r
 .text._strtoul_l.constprop.0