../Drivers/CMSIS/Include/core_cm7.h:2229:22:SCB_EnableICache	4	static,ignoring_inline_asm
../Drivers/CMSIS/Include/core_cm7.h:2281:22:SCB_EnableDCache	24	static,ignoring_inline_asm
../Drivers/CMSIS/Include/core_cm7.h:2491:22:SCB_CleanDCache_by_Addr	32	static,ignoring_inline_asm
../Core/Src/main.c:102:24:getavail	24	static
../Core/Src/main.c:107:24:getfree	24	static
../Core/Src/main.c:111:13:HandleSaiDma	40	static
../Core/Src/main.c:134:6:HAL_SAI_TxCpltCallback	16	static
../Core/Src/main.c:139:6:HAL_SAI_TxHalfCpltCallback	16	static
../Core/Src/main.c:145:6:StartCommTask	600	static
../Core/Src/main.c:195:6:StartPlayerTask	696	static
../Core/Src/main.c:368:5:main	8	static
../Core/Src/main.c:402:6:SystemClock_Config	88	static
../Core/Src/main.c:456:13:MX_IWDG_Init	8	static
../Core/Src/main.c:485:13:MX_SAI2_Init	8	static
../Core/Src/main.c:534:13:MX_SDMMC1_SD_Init	4	static
../Core/Src/main.c:562:13:MX_TIM5_Init	40	static
../Core/Src/main.c:607:13:MX_USART1_UART_Init	8	static
../Core/Src/main.c:640:13:MX_DMA_Init	16	static
../Core/Src/main.c:670:13:MX_GPIO_Init	56	static
../Core/Src/main.c:704:6:Error_Handler	4	static,ignoring_inline_asm
