../Core/Src/main.c:283:6:StartIdleTask	8	static
../Core/Src/main.c:474:6:StartPlayerTask	168	static
../Core/Src/main.c:219:12:Comm_Transmit.constprop	28	static,ignoring_inline_asm
../Core/Src/main.c:173:13:HandleSaiDma.constprop	24	static,ignoring_inline_asm
../Core/Src/main.c:291:6:StartCommTask	768	static,ignoring_inline_asm
../Core/Src/main.c:202:6:HAL_SAI_TxCpltCallback	0	static
../Core/Src/main.c:207:6:HAL_SAI_TxHalfCpltCallback	0	static
../Core/Src/main.c:212:6:HAL_UART_TxCpltCallback	0	static
../Core/Src/main.c:219:12:Comm_Transmit	28	static,ignoring_inline_asm
../Core/Src/main.c:248:5:Comm_RxProcess	24	static,ignoring_inline_asm
../Core/Src/main.c:730:6:SystemClock_Config	88	static,ignoring_inline_asm
../Core/Src/main.c:696:5:main	72	static,ignoring_inline_asm
../Core/Src/main.c:1032:6:Error_Handler	0	static,ignoring_inline_asm
