../Core/Src/stm32f7xx_it.c:78:6:NMI_Handler	4	static
../Core/Src/stm32f7xx_it.c:93:6:HardFault_Handler	4	static
../Core/Src/stm32f7xx_it.c:108:6:MemManage_Handler	4	static
../Core/Src/stm32f7xx_it.c:123:6:BusFault_Handler	4	static
../Core/Src/stm32f7xx_it.c:138:6:UsageFault_Handler	4	static
../Core/Src/stm32f7xx_it.c:153:6:DebugMon_Handler	4	static
../Core/Src/stm32f7xx_it.c:166:6:SysTick_Handler	8	static
../Core/Src/stm32f7xx_it.c:195:6:USART1_IRQHandler	8	static
../Core/Src/stm32f7xx_it.c:209:6:SDMMC1_IRQHandler	8	static
../Core/Src/stm32f7xx_it.c:223:6:DMA2_Stream1_IRQHandler	8	static
../Core/Src/stm32f7xx_it.c:237:6:DMA2_Stream2_IRQHandler	8	static
../Core/Src/stm32f7xx_it.c:251:6:DMA2_Stream3_IRQHandler	8	static
../Core/Src/stm32f7xx_it.c:265:6:DMA2_Stream6_IRQHandler	8	static
../Core/Src/stm32f7xx_it.c:279:6:DMA2_Stream7_IRQHandler	8	static
../Core/Src/stm32f7xx_it.c:293:6:SAI2_IRQHandler	8	static
