../FATFS/Target/bsp_driver_sd.c:43:10:BSP_SD_GetStats	16	static
../FATFS/Target/bsp_driver_sd.c:96:16:BSP_SD_ITConfig	0	static
../FATFS/Target/bsp_driver_sd.c:116:16:BSP_SD_ReadBlocks	24	static
../FATFS/Target/bsp_driver_sd.c:141:16:BSP_SD_WriteBlocks	24	static
../FATFS/Target/bsp_driver_sd.c:165:16:BSP_SD_ReadBlocks_DMA	16	static
../FATFS/Target/bsp_driver_sd.c:190:16:BSP_SD_WriteBlocks_DMA	16	static
../FATFS/Target/bsp_driver_sd.c:214:16:BSP_SD_Erase	8	static
../FATFS/Target/bsp_driver_sd.c:238:16:BSP_SD_GetCardState	8	static
../FATFS/Target/bsp_driver_sd.c:248:13:BSP_SD_GetCardInfo	0	static
../FATFS/Target/bsp_driver_sd.c:293:13:BSP_SD_AbortCallback	0	static
../FATFS/Target/bsp_driver_sd.c:262:6:HAL_SD_AbortCallback	8	static
../FATFS/Target/bsp_driver_sd.c:303:13:BSP_SD_WriteCpltCallback	0	static
../FATFS/Target/bsp_driver_sd.c:272:6:HAL_SD_TxCpltCallback	8	static
../FATFS/Target/bsp_driver_sd.c:313:13:BSP_SD_ReadCpltCallback	0	static
../FATFS/Target/bsp_driver_sd.c:282:6:HAL_SD_RxCpltCallback	8	static
../FATFS/Target/bsp_driver_sd.c:325:16:BSP_SD_IsDetected	16	static
../FATFS/Target/bsp_driver_sd.c:65:16:BSP_SD_Init	8	static
